2026-06-11 09:28:47 [INFO] __main__:148 - SmartGuard 启动
2026-06-11 09:28:47 [INFO] tac_analysis:25 - 开始分析合约状态存储
2026-06-11 09:28:47 [INFO] tac_analysis:216 - 🎯 合约存储分析完成！
2026-06-11 09:28:47 [INFO] tac_analysis:419 - 开始分析合约event
2026-06-11 09:28:47 [INFO] tac_analysis:441 - 🎯 合约 event 分析完成！
2026-06-11 09:28:47 [INFO] xCFG:21 - 开始构建全局控制流图
2026-06-11 09:28:47 [INFO] xCFG:112 - 🎯 合约全局控制流图构建完成！
2026-06-11 09:28:47 [INFO] xCFG:117 - 针对跨链event，开始构建函数级调用图
2026-06-11 09:28:47 [INFO] xCFG:148 - 🎯 函数级调用图构建完成！
2026-06-11 09:28:47 [INFO] xCFG:2292 - 开始构建授权检查块
2026-06-11 09:28:48 [INFO] xCFG:157 - 开始构建数据流依赖图
2026-06-11 09:28:48 [INFO] xCFG:171 - 🎯 数据流依赖图构建完成！
2026-06-11 09:28:48 [INFO] xCFG:936 - 开始基于JUMPI语句进行守护区块提取
2026-06-11 09:28:48 [INFO] xCFG:945 - 关键数据源：CALLER, ORIGIN, CALLVALUE, SLOAD, CALLDATALOAD, CALLDATACOPY, CALL, STATICCALL
2026-06-11 09:28:48 [INFO] xCFG:958 - [*] 发现 34 个受关键数据影响的条件跳转 (JUMPI)。
2026-06-11 09:28:48 [INFO] xCFG:961 - 开始进行向后切片 (Backward Slicing) 提取谓词区域...
2026-06-11 09:28:48 [DEBUG] xCFG:1012 - 提取到的守护区块
2026-06-11 09:28:48 [DEBUG] xCFG:1013 - 🎯 提取谓词区域 (守护区块: 0x684B0x2b8):
2026-06-11 09:28:48 [DEBUG] xCFG:1014 - 📌 业务约束逻辑: [Storage[None] LT Computed_Value]
2026-06-11 09:28:48 [DEBUG] xCFG:1015 - 📌 驱动此判断的数据源: SLOAD
2026-06-11 09:28:48 [DEBUG] xCFG:1016 - 📌 谓词复杂度: 17
2026-06-11 09:28:48 [DEBUG] xCFG:1017 - ------------------------------------------------------------
2026-06-11 09:28:48 [DEBUG] xCFG:1012 - 提取到的守护区块
2026-06-11 09:28:48 [DEBUG] xCFG:1013 - 🎯 提取谓词区域 (守护区块: 0x0):
2026-06-11 09:28:48 [DEBUG] xCFG:1014 - 📌 业务约束逻辑: [Existence/Non-Zero Check on: msg.value]
2026-06-11 09:28:48 [DEBUG] xCFG:1015 - 📌 驱动此判断的数据源: CALLVALUE
2026-06-11 09:28:48 [DEBUG] xCFG:1016 - 📌 谓词复杂度: 4
2026-06-11 09:28:48 [DEBUG] xCFG:1017 - ------------------------------------------------------------
2026-06-11 09:28:48 [DEBUG] xCFG:1012 - 提取到的守护区块
2026-06-11 09:28:48 [DEBUG] xCFG:1013 - 🎯 提取谓词区域 (守护区块: 0x44bB0x117):
2026-06-11 09:28:48 [DEBUG] xCFG:1014 - 📌 业务约束逻辑: [Existence/Non-Zero Check on: Storage[None]]
2026-06-11 09:28:48 [DEBUG] xCFG:1015 - 📌 驱动此判断的数据源: SLOAD
2026-06-11 09:28:48 [DEBUG] xCFG:1016 - 📌 谓词复杂度: 16
2026-06-11 09:28:48 [DEBUG] xCFG:1017 - ------------------------------------------------------------
2026-06-11 09:28:48 [DEBUG] xCFG:1012 - 提取到的守护区块
2026-06-11 09:28:48 [DEBUG] xCFG:1013 - 🎯 提取谓词区域 (守护区块: 0x60b):
2026-06-11 09:28:48 [DEBUG] xCFG:1014 - 📌 业务约束逻辑: [Storage[uint256 stor_7] LT Computed_Value]
2026-06-11 09:28:48 [DEBUG] xCFG:1015 - 📌 驱动此判断的数据源: SLOAD
2026-06-11 09:28:48 [DEBUG] xCFG:1016 - 📌 谓词复杂度: 6
2026-06-11 09:28:48 [DEBUG] xCFG:1017 - ------------------------------------------------------------
2026-06-11 09:28:48 [DEBUG] xCFG:1012 - 提取到的守护区块
2026-06-11 09:28:48 [DEBUG] xCFG:1013 - 🎯 提取谓词区域 (守护区块: 0x4ba0x63eB0x2b8):
2026-06-11 09:28:48 [DEBUG] xCFG:1014 - 📌 业务约束逻辑: [Memory_Variable/Array_Length + Storage[None] GT Memory_Variable/Array_Length]
2026-06-11 09:28:48 [DEBUG] xCFG:1015 - 📌 驱动此判断的数据源: SLOAD
2026-06-11 09:28:48 [DEBUG] xCFG:1016 - 📌 谓词复杂度: 24
2026-06-11 09:28:48 [DEBUG] xCFG:1017 - ------------------------------------------------------------
2026-06-11 09:28:48 [DEBUG] xCFG:1012 - 提取到的守护区块
2026-06-11 09:28:48 [DEBUG] xCFG:1013 - 🎯 提取谓词区域 (守护区块: 0x4ba0x44bB0x117):
2026-06-11 09:28:48 [DEBUG] xCFG:1014 - 📌 业务约束逻辑: [Memory_Variable/Array_Length + Storage[None] GT Memory_Variable/Array_Length]
2026-06-11 09:28:48 [DEBUG] xCFG:1015 - 📌 驱动此判断的数据源: SLOAD
2026-06-11 09:28:48 [DEBUG] xCFG:1016 - 📌 谓词复杂度: 24
2026-06-11 09:28:48 [DEBUG] xCFG:1017 - ------------------------------------------------------------
2026-06-11 09:28:48 [DEBUG] xCFG:1012 - 提取到的守护区块
2026-06-11 09:28:48 [DEBUG] xCFG:1013 - 🎯 提取谓词区域 (守护区块: 0x491B0x117):
2026-06-11 09:28:48 [DEBUG] xCFG:1014 - 📌 业务约束逻辑: [Storage[None] LT Computed_Value]
2026-06-11 09:28:48 [DEBUG] xCFG:1015 - 📌 驱动此判断的数据源: SLOAD
2026-06-11 09:28:48 [DEBUG] xCFG:1016 - 📌 谓词复杂度: 17
2026-06-11 09:28:48 [DEBUG] xCFG:1017 - ------------------------------------------------------------
2026-06-11 09:28:48 [DEBUG] xCFG:1012 - 提取到的守护区块
2026-06-11 09:28:48 [DEBUG] xCFG:1013 - 🎯 提取谓词区域 (守护区块: 0x99d):
2026-06-11 09:28:48 [DEBUG] xCFG:1014 - 📌 业务约束逻辑: [Computed_Value EQ msg.sender]
2026-06-11 09:28:48 [DEBUG] xCFG:1015 - 📌 驱动此判断的数据源: CALLPRIVATE, CALLER
2026-06-11 09:28:48 [DEBUG] xCFG:1016 - 📌 谓词复杂度: 13
2026-06-11 09:28:48 [DEBUG] xCFG:1017 - ------------------------------------------------------------
2026-06-11 09:28:48 [DEBUG] xCFG:1012 - 提取到的守护区块
2026-06-11 09:28:48 [DEBUG] xCFG:1013 - 🎯 提取谓词区域 (守护区块: 0x803):
2026-06-11 09:28:48 [DEBUG] xCFG:1014 - 📌 业务约束逻辑: [Computed_Value EQ msg.sender]
2026-06-11 09:28:48 [DEBUG] xCFG:1015 - 📌 驱动此判断的数据源: CALLER, CALLPRIVATE
2026-06-11 09:28:48 [DEBUG] xCFG:1016 - 📌 谓词复杂度: 13
2026-06-11 09:28:48 [DEBUG] xCFG:1017 - ------------------------------------------------------------
2026-06-11 09:28:48 [DEBUG] xCFG:1012 - 提取到的守护区块
2026-06-11 09:28:48 [DEBUG] xCFG:1013 - 🎯 提取谓词区域 (守护区块: 0x63eB0x2b8):
2026-06-11 09:28:48 [DEBUG] xCFG:1014 - 📌 业务约束逻辑: [Existence/Non-Zero Check on: Storage[None]]
2026-06-11 09:28:48 [DEBUG] xCFG:1015 - 📌 驱动此判断的数据源: SLOAD
2026-06-11 09:28:48 [DEBUG] xCFG:1016 - 📌 谓词复杂度: 16
2026-06-11 09:28:48 [DEBUG] xCFG:1017 - ------------------------------------------------------------
2026-06-11 09:28:48 [DEBUG] xCFG:1012 - 提取到的守护区块
2026-06-11 09:28:48 [DEBUG] xCFG:1013 - 🎯 提取谓词区域 (守护区块: 0x10ae):
2026-06-11 09:28:48 [DEBUG] xCFG:1014 - 📌 业务约束逻辑: [Existence/Non-Zero Check on: msg.sender]
2026-06-11 09:28:48 [DEBUG] xCFG:1015 - 📌 驱动此判断的数据源: CALLER
2026-06-11 09:28:48 [DEBUG] xCFG:1016 - 📌 谓词复杂度: 11
2026-06-11 09:28:48 [DEBUG] xCFG:1017 - ------------------------------------------------------------
2026-06-11 09:28:48 [INFO] xCFG:1023 - [+] 切片提取完毕！共输出 11 个宽松但有效的守护区块 (AUTH_BLOCKS)。
