2026-06-11 09:45:33 [INFO] __main__:149 - SmartGuard 启动
2026-06-11 09:45:34 [INFO] tac_analysis:25 - 开始分析合约状态存储
2026-06-11 09:45:35 [INFO] tac_analysis:216 - 🎯 合约存储分析完成！
2026-06-11 09:45:35 [INFO] tac_analysis:419 - 开始分析合约event
2026-06-11 09:45:35 [INFO] tac_analysis:441 - 🎯 合约 event 分析完成！
2026-06-11 09:45:35 [INFO] xCFG:21 - 开始构建全局控制流图
2026-06-11 09:45:35 [INFO] xCFG:112 - 🎯 合约全局控制流图构建完成！
2026-06-11 09:45:35 [INFO] xCFG:117 - 针对跨链event，开始构建函数级调用图
2026-06-11 09:45:35 [INFO] xCFG:148 - 🎯 函数级调用图构建完成！
2026-06-11 09:45:35 [INFO] xCFG:2292 - 开始构建授权检查块
2026-06-11 09:45:36 [INFO] xCFG:157 - 开始构建数据流依赖图
2026-06-11 09:45:36 [INFO] xCFG:171 - 🎯 数据流依赖图构建完成！
2026-06-11 09:45:36 [INFO] xCFG:936 - 开始基于JUMPI语句进行守护区块提取
2026-06-11 09:45:36 [INFO] xCFG:945 - 关键数据源：CALLER, ORIGIN, CALLVALUE, SLOAD, CALLDATALOAD, CALLDATACOPY, CALL, STATICCALL
2026-06-11 09:45:36 [INFO] xCFG:958 - [*] 发现 268 个受关键数据影响的条件跳转 (JUMPI)。
2026-06-11 09:45:36 [INFO] xCFG:961 - 开始进行向后切片 (Backward Slicing) 提取谓词区域...
2026-06-11 09:45:36 [DEBUG] xCFG:1012 - 提取到的守护区块
2026-06-11 09:45:36 [DEBUG] xCFG:1013 - 🎯 提取谓词区域 (守护区块: 0x25d5):
2026-06-11 09:45:36 [DEBUG] xCFG:1014 - 📌 业务约束逻辑: [Existence/Non-Zero Check on: Storage[bool _initialize] + Storage[bool stor_0_0_0]]
2026-06-11 09:45:36 [DEBUG] xCFG:1015 - 📌 驱动此判断的数据源: SLOAD
2026-06-11 09:45:36 [DEBUG] xCFG:1016 - 📌 谓词复杂度: 19
2026-06-11 09:45:36 [DEBUG] xCFG:1017 - ------------------------------------------------------------
2026-06-11 09:45:36 [DEBUG] xCFG:1012 - 提取到的守护区块
2026-06-11 09:45:36 [DEBUG] xCFG:1013 - 🎯 提取谓词区域 (守护区块: 0x356):
2026-06-11 09:45:36 [DEBUG] xCFG:1014 - 📌 业务约束逻辑: [Existence/Non-Zero Check on: msg.value]
2026-06-11 09:45:36 [DEBUG] xCFG:1015 - 📌 驱动此判断的数据源: CALLVALUE
2026-06-11 09:45:36 [DEBUG] xCFG:1016 - 📌 谓词复杂度: 4
2026-06-11 09:45:36 [DEBUG] xCFG:1017 - ------------------------------------------------------------
2026-06-11 09:45:36 [DEBUG] xCFG:1012 - 提取到的守护区块
2026-06-11 09:45:36 [DEBUG] xCFG:1013 - 🎯 提取谓词区域 (守护区块: 0x881):
2026-06-11 09:45:36 [DEBUG] xCFG:1014 - 📌 业务约束逻辑: [Success/Failure Check on: External_Call]
2026-06-11 09:45:36 [DEBUG] xCFG:1015 - 📌 驱动此判断的数据源: SLOAD, CALL, CALLDATALOAD
2026-06-11 09:45:36 [DEBUG] xCFG:1016 - 📌 谓词复杂度: 47
2026-06-11 09:45:36 [DEBUG] xCFG:1017 - ------------------------------------------------------------
2026-06-11 09:45:36 [DEBUG] xCFG:1012 - 提取到的守护区块
2026-06-11 09:45:36 [DEBUG] xCFG:1013 - 🎯 提取谓词区域 (守护区块: 0x1969B0x14c9B0x60f):
2026-06-11 09:45:36 [DEBUG] xCFG:1014 - 📌 业务约束逻辑: [Existence/Non-Zero Check on: Storage[mapping (uint256 => address) _resourceIDToHandlerAddress]]
2026-06-11 09:45:36 [DEBUG] xCFG:1015 - 📌 驱动此判断的数据源: SLOAD
2026-06-11 09:45:36 [DEBUG] xCFG:1016 - 📌 谓词复杂度: 21
2026-06-11 09:45:36 [DEBUG] xCFG:1017 - ------------------------------------------------------------
2026-06-11 09:45:36 [DEBUG] xCFG:1012 - 提取到的守护区块
2026-06-11 09:45:36 [DEBUG] xCFG:1013 - 🎯 提取谓词区域 (守护区块: 0x28b):
2026-06-11 09:45:36 [DEBUG] xCFG:1014 - 📌 业务约束逻辑: [Existence/Non-Zero Check on: msg.value]
2026-06-11 09:45:36 [DEBUG] xCFG:1015 - 📌 驱动此判断的数据源: CALLVALUE
2026-06-11 09:45:36 [DEBUG] xCFG:1016 - 📌 谓词复杂度: 4
2026-06-11 09:45:36 [DEBUG] xCFG:1017 - ------------------------------------------------------------
2026-06-11 09:45:36 [DEBUG] xCFG:1012 - 提取到的守护区块
2026-06-11 09:45:36 [DEBUG] xCFG:1013 - 🎯 提取谓词区域 (守护区块: 0x79a):
2026-06-11 09:45:36 [DEBUG] xCFG:1014 - 📌 业务约束逻辑: [Storage[uint128 _fee] EQ msg.value]
2026-06-11 09:45:36 [DEBUG] xCFG:1015 - 📌 驱动此判断的数据源: CALLVALUE, SLOAD
2026-06-11 09:45:36 [DEBUG] xCFG:1016 - 📌 谓词复杂度: 14
2026-06-11 09:45:36 [DEBUG] xCFG:1017 - ------------------------------------------------------------
2026-06-11 09:45:36 [DEBUG] xCFG:1012 - 提取到的守护区块
2026-06-11 09:45:36 [DEBUG] xCFG:1013 - 🎯 提取谓词区域 (守护区块: 0x674):
2026-06-11 09:45:36 [DEBUG] xCFG:1014 - 📌 业务约束逻辑: [Existence/Non-Zero Check on: msg.value]
2026-06-11 09:45:36 [DEBUG] xCFG:1015 - 📌 驱动此判断的数据源: CALLVALUE
2026-06-11 09:45:36 [DEBUG] xCFG:1016 - 📌 谓词复杂度: 4
2026-06-11 09:45:36 [DEBUG] xCFG:1017 - ------------------------------------------------------------
2026-06-11 09:45:36 [DEBUG] xCFG:1012 - 提取到的守护区块
2026-06-11 09:45:36 [DEBUG] xCFG:1013 - 🎯 提取谓词区域 (守护区块: 0x2104):
2026-06-11 09:45:36 [DEBUG] xCFG:1014 - 📌 业务约束逻辑: [Existence/Non-Zero Check on: Storage[bool _initialize]]
2026-06-11 09:45:36 [DEBUG] xCFG:1015 - 📌 驱动此判断的数据源: SLOAD
2026-06-11 09:45:36 [DEBUG] xCFG:1016 - 📌 谓词复杂度: 14
2026-06-11 09:45:36 [DEBUG] xCFG:1017 - ------------------------------------------------------------
2026-06-11 09:45:36 [DEBUG] xCFG:1012 - 提取到的守护区块
2026-06-11 09:45:36 [DEBUG] xCFG:1013 - 🎯 提取谓词区域 (守护区块: 0x1683B0x60f):
2026-06-11 09:45:36 [DEBUG] xCFG:1014 - 📌 业务约束逻辑: [Storage[uint8 _relayerThreshold] LT Memory_Variable/Array_Length]
2026-06-11 09:45:36 [DEBUG] xCFG:1015 - 📌 驱动此判断的数据源: SLOAD
2026-06-11 09:45:36 [DEBUG] xCFG:1016 - 📌 谓词复杂度: 18
2026-06-11 09:45:36 [DEBUG] xCFG:1017 - ------------------------------------------------------------
2026-06-11 09:45:36 [DEBUG] xCFG:1012 - 提取到的守护区块
2026-06-11 09:45:36 [DEBUG] xCFG:1013 - 🎯 提取谓词区域 (守护区块: 0x5d4):
2026-06-11 09:45:36 [DEBUG] xCFG:1014 - 📌 业务约束逻辑: [Existence/Non-Zero Check on: msg.value]
2026-06-11 09:45:36 [DEBUG] xCFG:1015 - 📌 驱动此判断的数据源: CALLVALUE
2026-06-11 09:45:36 [DEBUG] xCFG:1016 - 📌 谓词复杂度: 4
2026-06-11 09:45:36 [DEBUG] xCFG:1017 - ------------------------------------------------------------
2026-06-11 09:45:36 [DEBUG] xCFG:1012 - 提取到的守护区块
2026-06-11 09:45:36 [DEBUG] xCFG:1013 - 🎯 提取谓词区域 (守护区块: 0x694):
2026-06-11 09:45:36 [DEBUG] xCFG:1014 - 📌 业务约束逻辑: [Existence/Non-Zero Check on: msg.value]
2026-06-11 09:45:36 [DEBUG] xCFG:1015 - 📌 驱动此判断的数据源: CALLVALUE
2026-06-11 09:45:36 [DEBUG] xCFG:1016 - 📌 谓词复杂度: 4
2026-06-11 09:45:36 [DEBUG] xCFG:1017 - ------------------------------------------------------------
2026-06-11 09:45:36 [DEBUG] xCFG:1012 - 提取到的守护区块
2026-06-11 09:45:36 [DEBUG] xCFG:1013 - 🎯 提取谓词区域 (守护区块: 0x1cf3):
2026-06-11 09:45:36 [DEBUG] xCFG:1014 - 📌 业务约束逻辑: [Existence/Non-Zero Check on: Storage[bool _paused]]
2026-06-11 09:45:36 [DEBUG] xCFG:1015 - 📌 驱动此判断的数据源: SLOAD
2026-06-11 09:45:36 [DEBUG] xCFG:1016 - 📌 谓词复杂度: 7
2026-06-11 09:45:36 [DEBUG] xCFG:1017 - ------------------------------------------------------------
2026-06-11 09:45:36 [DEBUG] xCFG:1012 - 提取到的守护区块
2026-06-11 09:45:36 [DEBUG] xCFG:1013 - 🎯 提取谓词区域 (守护区块: 0xd76B0x371):
2026-06-11 09:45:36 [DEBUG] xCFG:1014 - 📌 业务约束逻辑: [Existence/Non-Zero Check on: Storage[bool _initialize] + Storage[bool stor_0_0_0]]
2026-06-11 09:45:36 [DEBUG] xCFG:1015 - 📌 驱动此判断的数据源: SLOAD
2026-06-11 09:45:36 [DEBUG] xCFG:1016 - 📌 谓词复杂度: 19
2026-06-11 09:45:36 [DEBUG] xCFG:1017 - ------------------------------------------------------------
2026-06-11 09:45:36 [DEBUG] xCFG:1012 - 提取到的守护区块
2026-06-11 09:45:36 [DEBUG] xCFG:1013 - 🎯 提取谓词区域 (守护区块: 0x4d1):
2026-06-11 09:45:36 [DEBUG] xCFG:1014 - 📌 业务约束逻辑: [Existence/Non-Zero Check on: msg.value]
2026-06-11 09:45:36 [DEBUG] xCFG:1015 - 📌 驱动此判断的数据源: CALLVALUE
2026-06-11 09:45:36 [DEBUG] xCFG:1016 - 📌 谓词复杂度: 4
2026-06-11 09:45:36 [DEBUG] xCFG:1017 - ------------------------------------------------------------
2026-06-11 09:45:36 [DEBUG] xCFG:1012 - 提取到的守护区块
2026-06-11 09:45:36 [DEBUG] xCFG:1013 - 🎯 提取谓词区域 (守护区块: 0x726):
2026-06-11 09:45:36 [DEBUG] xCFG:1014 - 📌 业务约束逻辑: [Existence/Non-Zero Check on: msg.value]
2026-06-11 09:45:36 [DEBUG] xCFG:1015 - 📌 驱动此判断的数据源: CALLVALUE
2026-06-11 09:45:36 [DEBUG] xCFG:1016 - 📌 谓词复杂度: 4
2026-06-11 09:45:36 [DEBUG] xCFG:1017 - ------------------------------------------------------------
2026-06-11 09:45:36 [DEBUG] xCFG:1012 - 提取到的守护区块
2026-06-11 09:45:36 [DEBUG] xCFG:1013 - 🎯 提取谓词区域 (守护区块: 0x18a3B0x64f):
2026-06-11 09:45:36 [DEBUG] xCFG:1014 - 📌 业务约束逻辑: [Computed_Value EQ Storage[mapping (uint256 => address) _resourceIDToHandlerAddress]]
2026-06-11 09:45:36 [DEBUG] xCFG:1015 - 📌 驱动此判断的数据源: SLOAD
2026-06-11 09:45:36 [DEBUG] xCFG:1016 - 📌 谓词复杂度: 10
2026-06-11 09:45:36 [DEBUG] xCFG:1017 - ------------------------------------------------------------
2026-06-11 09:45:36 [DEBUG] xCFG:1012 - 提取到的守护区块
2026-06-11 09:45:36 [DEBUG] xCFG:1013 - 🎯 提取谓词区域 (守护区块: 0x23d5):
2026-06-11 09:45:36 [DEBUG] xCFG:1014 - 📌 业务约束逻辑: [Existence/Non-Zero Check on: Storage[bool _initialize]]
2026-06-11 09:45:36 [DEBUG] xCFG:1015 - 📌 驱动此判断的数据源: SLOAD
2026-06-11 09:45:36 [DEBUG] xCFG:1016 - 📌 谓词复杂度: 14
2026-06-11 09:45:36 [DEBUG] xCFG:1017 - ------------------------------------------------------------
2026-06-11 09:45:36 [DEBUG] xCFG:1012 - 提取到的守护区块
2026-06-11 09:45:36 [DEBUG] xCFG:1013 - 🎯 提取谓词区域 (守护区块: 0x491):
2026-06-11 09:45:36 [DEBUG] xCFG:1014 - 📌 业务约束逻辑: [Existence/Non-Zero Check on: msg.value]
2026-06-11 09:45:36 [DEBUG] xCFG:1015 - 📌 驱动此判断的数据源: CALLVALUE
2026-06-11 09:45:36 [DEBUG] xCFG:1016 - 📌 谓词复杂度: 4
2026-06-11 09:45:36 [DEBUG] xCFG:1017 - ------------------------------------------------------------
2026-06-11 09:45:36 [DEBUG] xCFG:1012 - 提取到的守护区块
2026-06-11 09:45:36 [DEBUG] xCFG:1013 - 🎯 提取谓词区域 (守护区块: 0xcff):
2026-06-11 09:45:36 [DEBUG] xCFG:1014 - 📌 业务约束逻辑: [msg.sender EQ Storage[address _owner]]
2026-06-11 09:45:36 [DEBUG] xCFG:1015 - 📌 驱动此判断的数据源: SLOAD, CALLER
2026-06-11 09:45:36 [DEBUG] xCFG:1016 - 📌 谓词复杂度: 24
2026-06-11 09:45:36 [DEBUG] xCFG:1017 - ------------------------------------------------------------
2026-06-11 09:45:36 [DEBUG] xCFG:1012 - 提取到的守护区块
2026-06-11 09:45:36 [DEBUG] xCFG:1013 - 🎯 提取谓词区域 (守护区块: 0x1902B0x14c9B0x60f):
2026-06-11 09:45:36 [DEBUG] xCFG:1014 - 📌 业务约束逻辑: [Existence/Non-Zero Check on: Storage[mapping (uint256 => address) _resourceIDToHandlerAddress]]
2026-06-11 09:45:36 [DEBUG] xCFG:1015 - 📌 驱动此判断的数据源: SLOAD
2026-06-11 09:45:36 [DEBUG] xCFG:1016 - 📌 谓词复杂度: 21
2026-06-11 09:45:36 [DEBUG] xCFG:1017 - ------------------------------------------------------------
2026-06-11 09:45:36 [DEBUG] xCFG:1012 - 提取到的守护区块
2026-06-11 09:45:36 [DEBUG] xCFG:1013 - 🎯 提取谓词区域 (守护区块: 0x21bf):
2026-06-11 09:45:36 [DEBUG] xCFG:1014 - 📌 业务约束逻辑: [Existence/Non-Zero Check on: Storage[bool _initialize]]
2026-06-11 09:45:36 [DEBUG] xCFG:1015 - 📌 驱动此判断的数据源: SLOAD
2026-06-11 09:45:36 [DEBUG] xCFG:1016 - 📌 谓词复杂度: 14
2026-06-11 09:45:36 [DEBUG] xCFG:1017 - ------------------------------------------------------------
2026-06-11 09:45:36 [DEBUG] xCFG:1012 - 提取到的守护区块
2026-06-11 09:45:36 [DEBUG] xCFG:1013 - 🎯 提取谓词区域 (守护区块: 0x93fB0x286):
2026-06-11 09:45:36 [DEBUG] xCFG:1014 - 📌 业务约束逻辑: [Existence/Non-Zero Check on: Args + Storage[bool _paused]]
2026-06-11 09:45:36 [DEBUG] xCFG:1015 - 📌 驱动此判断的数据源: SLOAD, CALLDATALOAD
2026-06-11 09:45:36 [DEBUG] xCFG:1016 - 📌 谓词复杂度: 15
2026-06-11 09:45:36 [DEBUG] xCFG:1017 - ------------------------------------------------------------
2026-06-11 09:45:36 [DEBUG] xCFG:1012 - 提取到的守护区块
2026-06-11 09:45:36 [DEBUG] xCFG:1013 - 🎯 提取谓词区域 (守护区块: 0x2ab):
2026-06-11 09:45:36 [DEBUG] xCFG:1014 - 📌 业务约束逻辑: [Existence/Non-Zero Check on: msg.value]
2026-06-11 09:45:36 [DEBUG] xCFG:1015 - 📌 驱动此判断的数据源: CALLVALUE
2026-06-11 09:45:36 [DEBUG] xCFG:1016 - 📌 谓词复杂度: 4
2026-06-11 09:45:36 [DEBUG] xCFG:1017 - ------------------------------------------------------------
2026-06-11 09:45:36 [DEBUG] xCFG:1012 - 提取到的守护区块
2026-06-11 09:45:36 [DEBUG] xCFG:1013 - 🎯 提取谓词区域 (守护区块: 0x26b):
2026-06-11 09:45:36 [DEBUG] xCFG:1014 - 📌 业务约束逻辑: [Existence/Non-Zero Check on: msg.value]
2026-06-11 09:45:36 [DEBUG] xCFG:1015 - 📌 驱动此判断的数据源: CALLVALUE
2026-06-11 09:45:36 [DEBUG] xCFG:1016 - 📌 谓词复杂度: 4
2026-06-11 09:45:36 [DEBUG] xCFG:1017 - ------------------------------------------------------------
2026-06-11 09:45:36 [DEBUG] xCFG:1012 - 提取到的守护区块
2026-06-11 09:45:36 [DEBUG] xCFG:1013 - 🎯 提取谓词区域 (守护区块: 0x654):
2026-06-11 09:45:36 [DEBUG] xCFG:1014 - 📌 业务约束逻辑: [Existence/Non-Zero Check on: msg.value]
2026-06-11 09:45:36 [DEBUG] xCFG:1015 - 📌 驱动此判断的数据源: CALLVALUE
2026-06-11 09:45:36 [DEBUG] xCFG:1016 - 📌 谓词复杂度: 4
2026-06-11 09:45:36 [DEBUG] xCFG:1017 - ------------------------------------------------------------
2026-06-11 09:45:36 [DEBUG] xCFG:1012 - 提取到的守护区块
2026-06-11 09:45:36 [DEBUG] xCFG:1013 - 🎯 提取谓词区域 (守护区块: 0x2500B0x2323B0x2071):
2026-06-11 09:45:36 [DEBUG] xCFG:1014 - 📌 业务约束逻辑: [Storage[mapping (uint256 => struct_1415) _getRoleAdmin] LT Storage[mapping (uint256 => struct_1415) _getRoleAdmin]]
2026-06-11 09:45:36 [DEBUG] xCFG:1015 - 📌 驱动此判断的数据源: SLOAD
2026-06-11 09:45:36 [DEBUG] xCFG:1016 - 📌 谓词复杂度: 10
2026-06-11 09:45:36 [DEBUG] xCFG:1017 - ------------------------------------------------------------
2026-06-11 09:45:36 [DEBUG] xCFG:1012 - 提取到的守护区块
2026-06-11 09:45:36 [DEBUG] xCFG:1013 - 🎯 提取谓词区域 (守护区块: 0x5b4):
2026-06-11 09:45:36 [DEBUG] xCFG:1014 - 📌 业务约束逻辑: [Existence/Non-Zero Check on: msg.value]
2026-06-11 09:45:36 [DEBUG] xCFG:1015 - 📌 驱动此判断的数据源: CALLVALUE
2026-06-11 09:45:36 [DEBUG] xCFG:1016 - 📌 谓词复杂度: 4
2026-06-11 09:45:36 [DEBUG] xCFG:1017 - ------------------------------------------------------------
2026-06-11 09:45:36 [DEBUG] xCFG:1012 - 提取到的守护区块
2026-06-11 09:45:36 [DEBUG] xCFG:1013 - 🎯 提取谓词区域 (守护区块: 0x3c3):
2026-06-11 09:45:36 [DEBUG] xCFG:1014 - 📌 业务约束逻辑: [Existence/Non-Zero Check on: msg.value]
2026-06-11 09:45:36 [DEBUG] xCFG:1015 - 📌 驱动此判断的数据源: CALLVALUE
2026-06-11 09:45:36 [DEBUG] xCFG:1016 - 📌 谓词复杂度: 4
2026-06-11 09:45:36 [DEBUG] xCFG:1017 - ------------------------------------------------------------
2026-06-11 09:45:36 [DEBUG] xCFG:1012 - 提取到的守护区块
2026-06-11 09:45:36 [DEBUG] xCFG:1013 - 🎯 提取谓词区域 (守护区块: 0xd4fB0x371):
2026-06-11 09:45:36 [DEBUG] xCFG:1014 - 📌 业务约束逻辑: [Existence/Non-Zero Check on: Storage[bool _initialize]]
2026-06-11 09:45:36 [DEBUG] xCFG:1015 - 📌 驱动此判断的数据源: SLOAD
2026-06-11 09:45:36 [DEBUG] xCFG:1016 - 📌 谓词复杂度: 8
2026-06-11 09:45:36 [DEBUG] xCFG:1017 - ------------------------------------------------------------
2026-06-11 09:45:36 [DEBUG] xCFG:1012 - 提取到的守护区块
2026-06-11 09:45:36 [DEBUG] xCFG:1013 - 🎯 提取谓词区域 (守护区块: 0x1011B0x455):
2026-06-11 09:45:36 [DEBUG] xCFG:1014 - 📌 业务约束逻辑: [msg.sender EQ Storage[address _owner]]
2026-06-11 09:45:36 [DEBUG] xCFG:1015 - 📌 驱动此判断的数据源: SLOAD, CALLER
2026-06-11 09:45:36 [DEBUG] xCFG:1016 - 📌 谓词复杂度: 24
2026-06-11 09:45:36 [DEBUG] xCFG:1017 - ------------------------------------------------------------
2026-06-11 09:45:36 [DEBUG] xCFG:1012 - 提取到的守护区块
2026-06-11 09:45:36 [DEBUG] xCFG:1013 - 🎯 提取谓词区域 (守护区块: 0x376):
2026-06-11 09:45:36 [DEBUG] xCFG:1014 - 📌 业务约束逻辑: [Existence/Non-Zero Check on: msg.value]
2026-06-11 09:45:36 [DEBUG] xCFG:1015 - 📌 驱动此判断的数据源: CALLVALUE
2026-06-11 09:45:36 [DEBUG] xCFG:1016 - 📌 谓词复杂度: 4
2026-06-11 09:45:36 [DEBUG] xCFG:1017 - ------------------------------------------------------------
2026-06-11 09:45:36 [DEBUG] xCFG:1012 - 提取到的守护区块
2026-06-11 09:45:36 [DEBUG] xCFG:1013 - 🎯 提取谓词区域 (守护区块: 0x506):
2026-06-11 09:45:36 [DEBUG] xCFG:1014 - 📌 业务约束逻辑: [Existence/Non-Zero Check on: msg.value]
2026-06-11 09:45:36 [DEBUG] xCFG:1015 - 📌 驱动此判断的数据源: CALLVALUE
2026-06-11 09:45:36 [DEBUG] xCFG:1016 - 📌 谓词复杂度: 4
2026-06-11 09:45:36 [DEBUG] xCFG:1017 - ------------------------------------------------------------
2026-06-11 09:45:36 [DEBUG] xCFG:1012 - 提取到的守护区块
2026-06-11 09:45:36 [DEBUG] xCFG:1013 - 🎯 提取谓词区域 (守护区块: 0x25ae):
2026-06-11 09:45:36 [DEBUG] xCFG:1014 - 📌 业务约束逻辑: [Existence/Non-Zero Check on: Storage[bool _initialize]]
2026-06-11 09:45:36 [DEBUG] xCFG:1015 - 📌 驱动此判断的数据源: SLOAD
2026-06-11 09:45:36 [DEBUG] xCFG:1016 - 📌 谓词复杂度: 8
2026-06-11 09:45:36 [DEBUG] xCFG:1017 - ------------------------------------------------------------
2026-06-11 09:45:36 [DEBUG] xCFG:1012 - 提取到的守护区块
2026-06-11 09:45:36 [DEBUG] xCFG:1013 - 🎯 提取谓词区域 (守护区块: 0x17f9B0x14c9B0x60f):
2026-06-11 09:45:36 [DEBUG] xCFG:1014 - 📌 业务约束逻辑: [Existence/Non-Zero Check on: Storage[bool _paused]]
2026-06-11 09:45:36 [DEBUG] xCFG:1015 - 📌 驱动此判断的数据源: SLOAD
2026-06-11 09:45:36 [DEBUG] xCFG:1016 - 📌 谓词复杂度: 7
2026-06-11 09:45:36 [DEBUG] xCFG:1017 - ------------------------------------------------------------
2026-06-11 09:45:36 [DEBUG] xCFG:1012 - 提取到的守护区块
2026-06-11 09:45:36 [DEBUG] xCFG:1013 - 🎯 提取谓词区域 (守护区块: 0x1c88B0x713):
2026-06-11 09:45:36 [DEBUG] xCFG:1014 - 📌 业务约束逻辑: [Storage[mapping (uint72 => mapping (uint256 => struct_1417)) _getProposal] GT Computed_Value]
2026-06-11 09:45:36 [DEBUG] xCFG:1015 - 📌 驱动此判断的数据源: SLOAD
2026-06-11 09:45:36 [DEBUG] xCFG:1016 - 📌 谓词复杂度: 11
2026-06-11 09:45:36 [DEBUG] xCFG:1017 - ------------------------------------------------------------
2026-06-11 09:45:36 [DEBUG] xCFG:1012 - 提取到的守护区块
2026-06-11 09:45:36 [DEBUG] xCFG:1013 - 🎯 提取谓词区域 (守护区块: 0x2538B0x2323B0x2071):
2026-06-11 09:45:36 [DEBUG] xCFG:1014 - 📌 业务约束逻辑: [Existence/Non-Zero Check on: Storage[mapping (uint256 => struct_1415) _getRoleAdmin]]
2026-06-11 09:45:36 [DEBUG] xCFG:1015 - 📌 驱动此判断的数据源: SLOAD
2026-06-11 09:45:36 [DEBUG] xCFG:1016 - 📌 谓词复杂度: 6
2026-06-11 09:45:36 [DEBUG] xCFG:1017 - ------------------------------------------------------------
2026-06-11 09:45:36 [DEBUG] xCFG:1012 - 提取到的守护区块
2026-06-11 09:45:36 [DEBUG] xCFG:1013 - 🎯 提取谓词区域 (守护区块: 0x138fB0x60f):
2026-06-11 09:45:36 [DEBUG] xCFG:1014 - 📌 业务约束逻辑: [Existence/Non-Zero Check on: Storage[bool _paused]]
2026-06-11 09:45:36 [DEBUG] xCFG:1015 - 📌 驱动此判断的数据源: SLOAD
2026-06-11 09:45:36 [DEBUG] xCFG:1016 - 📌 谓词复杂度: 7
2026-06-11 09:45:36 [DEBUG] xCFG:1017 - ------------------------------------------------------------
2026-06-11 09:45:36 [DEBUG] xCFG:1012 - 提取到的守护区块
2026-06-11 09:45:36 [DEBUG] xCFG:1013 - 🎯 提取谓词区域 (守护区块: 0x45a):
2026-06-11 09:45:36 [DEBUG] xCFG:1014 - 📌 业务约束逻辑: [Existence/Non-Zero Check on: msg.value]
2026-06-11 09:45:36 [DEBUG] xCFG:1015 - 📌 驱动此判断的数据源: CALLVALUE
2026-06-11 09:45:36 [DEBUG] xCFG:1016 - 📌 谓词复杂度: 4
2026-06-11 09:45:36 [DEBUG] xCFG:1017 - ------------------------------------------------------------
2026-06-11 09:45:36 [DEBUG] xCFG:1012 - 提取到的守护区块
2026-06-11 09:45:36 [DEBUG] xCFG:1013 - 🎯 提取谓词区域 (守护区块: 0x1b08B0x68f):
2026-06-11 09:45:36 [DEBUG] xCFG:1014 - 📌 业务约束逻辑: [Computed_Value LT Computed_Value]
2026-06-11 09:45:36 [DEBUG] xCFG:1015 - 📌 驱动此判断的数据源: CALLPRIVATE
2026-06-11 09:45:36 [DEBUG] xCFG:1016 - 📌 谓词复杂度: 7
2026-06-11 09:45:36 [DEBUG] xCFG:1017 - ------------------------------------------------------------
2026-06-11 09:45:36 [DEBUG] xCFG:1012 - 提取到的守护区块
2026-06-11 09:45:36 [DEBUG] xCFG:1013 - 🎯 提取谓词区域 (守护区块: 0x2365B0x2159):
2026-06-11 09:45:36 [DEBUG] xCFG:1014 - 📌 业务约束逻辑: [Existence/Non-Zero Check on: Storage[bool _initialize] + Storage[bool stor_0_0_0]]
2026-06-11 09:45:36 [DEBUG] xCFG:1015 - 📌 驱动此判断的数据源: SLOAD
2026-06-11 09:45:36 [DEBUG] xCFG:1016 - 📌 谓词复杂度: 19
2026-06-11 09:45:36 [DEBUG] xCFG:1017 - ------------------------------------------------------------
2026-06-11 09:45:36 [DEBUG] xCFG:1012 - 提取到的守护区块
2026-06-11 09:45:36 [DEBUG] xCFG:1013 - 🎯 提取谓词区域 (守护区块: 0x23ff):
2026-06-11 09:45:36 [DEBUG] xCFG:1014 - 📌 业务约束逻辑: [Existence/Non-Zero Check on: Storage[bool _initialize]]
2026-06-11 09:45:36 [DEBUG] xCFG:1015 - 📌 驱动此判断的数据源: SLOAD
2026-06-11 09:45:36 [DEBUG] xCFG:1016 - 📌 谓词复杂度: 10
2026-06-11 09:45:36 [DEBUG] xCFG:1017 - ------------------------------------------------------------
2026-06-11 09:45:36 [DEBUG] xCFG:1012 - 提取到的守护区块
2026-06-11 09:45:36 [DEBUG] xCFG:1013 - 🎯 提取谓词区域 (守护区块: 0x233eB0x2159):
2026-06-11 09:45:36 [DEBUG] xCFG:1014 - 📌 业务约束逻辑: [Existence/Non-Zero Check on: Storage[bool _initialize]]
2026-06-11 09:45:36 [DEBUG] xCFG:1015 - 📌 驱动此判断的数据源: SLOAD
2026-06-11 09:45:36 [DEBUG] xCFG:1016 - 📌 谓词复杂度: 8
2026-06-11 09:45:36 [DEBUG] xCFG:1017 - ------------------------------------------------------------
2026-06-11 09:45:36 [DEBUG] xCFG:1012 - 提取到的守护区块
2026-06-11 09:45:36 [DEBUG] xCFG:1013 - 🎯 提取谓词区域 (守护区块: 0xe31B0x371):
2026-06-11 09:45:36 [DEBUG] xCFG:1014 - 📌 业务约束逻辑: [Existence/Non-Zero Check on: Storage[bool _initialize]]
2026-06-11 09:45:36 [DEBUG] xCFG:1015 - 📌 驱动此判断的数据源: SLOAD
2026-06-11 09:45:36 [DEBUG] xCFG:1016 - 📌 谓词复杂度: 10
2026-06-11 09:45:36 [DEBUG] xCFG:1017 - ------------------------------------------------------------
2026-06-11 09:45:36 [DEBUG] xCFG:1012 - 提取到的守护区块
2026-06-11 09:45:36 [DEBUG] xCFG:1013 - 🎯 提取谓词区域 (守护区块: 0x43a):
2026-06-11 09:45:36 [DEBUG] xCFG:1014 - 📌 业务约束逻辑: [Existence/Non-Zero Check on: msg.value]
2026-06-11 09:45:36 [DEBUG] xCFG:1015 - 📌 驱动此判断的数据源: CALLVALUE
2026-06-11 09:45:36 [DEBUG] xCFG:1016 - 📌 谓词复杂度: 4
2026-06-11 09:45:36 [DEBUG] xCFG:1017 - ------------------------------------------------------------
2026-06-11 09:45:36 [DEBUG] xCFG:1012 - 提取到的守护区块
2026-06-11 09:45:36 [DEBUG] xCFG:1013 - 🎯 提取谓词区域 (守护区块: 0x1983B0x64f):
2026-06-11 09:45:36 [DEBUG] xCFG:1014 - 📌 业务约束逻辑: [Success/Failure Check on: External_Call]
2026-06-11 09:45:36 [DEBUG] xCFG:1015 - 📌 驱动此判断的数据源: SLOAD, CALL, CALLDATALOAD
2026-06-11 09:45:36 [DEBUG] xCFG:1016 - 📌 谓词复杂度: 46
2026-06-11 09:45:36 [DEBUG] xCFG:1017 - ------------------------------------------------------------
2026-06-11 09:45:36 [DEBUG] xCFG:1012 - 提取到的守护区块
2026-06-11 09:45:36 [DEBUG] xCFG:1013 - 🎯 提取谓词区域 (守护区块: 0x21cd):
2026-06-11 09:45:36 [DEBUG] xCFG:1014 - 📌 业务约束逻辑: [Existence/Non-Zero Check on: Storage[bool _initialize] + Storage[bool stor_0_0_0]]
2026-06-11 09:45:36 [DEBUG] xCFG:1015 - 📌 驱动此判断的数据源: SLOAD
2026-06-11 09:45:36 [DEBUG] xCFG:1016 - 📌 谓词复杂度: 19
2026-06-11 09:45:36 [DEBUG] xCFG:1017 - ------------------------------------------------------------
2026-06-11 09:45:36 [DEBUG] xCFG:1012 - 提取到的守护区块
2026-06-11 09:45:36 [DEBUG] xCFG:1013 - 🎯 提取谓词区域 (守护区块: 0x1aa3B0x68f):
2026-06-11 09:45:36 [DEBUG] xCFG:1014 - 📌 业务约束逻辑: [msg.sender EQ Storage[address _owner]]
2026-06-11 09:45:36 [DEBUG] xCFG:1015 - 📌 驱动此判断的数据源: SLOAD, CALLER
2026-06-11 09:45:36 [DEBUG] xCFG:1016 - 📌 谓词复杂度: 24
2026-06-11 09:45:36 [DEBUG] xCFG:1017 - ------------------------------------------------------------
2026-06-11 09:45:36 [DEBUG] xCFG:1012 - 提取到的守护区块
2026-06-11 09:45:36 [DEBUG] xCFG:1013 - 🎯 提取谓词区域 (守护区块: 0x1a6e):
2026-06-11 09:45:36 [DEBUG] xCFG:1014 - 📌 业务约束逻辑: [Existence/Non-Zero Check on: Storage[mapping (uint256 => struct_1415) _getRoleAdmin]]
2026-06-11 09:45:36 [DEBUG] xCFG:1015 - 📌 驱动此判断的数据源: SLOAD
2026-06-11 09:45:36 [DEBUG] xCFG:1016 - 📌 谓词复杂度: 8
2026-06-11 09:45:36 [DEBUG] xCFG:1017 - ------------------------------------------------------------
2026-06-11 09:45:36 [DEBUG] xCFG:1012 - 提取到的守护区块
2026-06-11 09:45:36 [DEBUG] xCFG:1013 - 🎯 提取谓词区域 (守护区块: 0x15caB0x60f):
2026-06-11 09:45:36 [DEBUG] xCFG:1014 - 📌 业务约束逻辑: [Storage[uint40 _expiry] GT Memory_Variable/Array_Length]
2026-06-11 09:45:36 [DEBUG] xCFG:1015 - 📌 驱动此判断的数据源: SLOAD, CALLPRIVATE
2026-06-11 09:45:36 [DEBUG] xCFG:1016 - 📌 谓词复杂度: 24
2026-06-11 09:45:36 [DEBUG] xCFG:1017 - ------------------------------------------------------------
2026-06-11 09:45:36 [DEBUG] xCFG:1012 - 提取到的守护区块
2026-06-11 09:45:36 [DEBUG] xCFG:1013 - 🎯 提取谓词区域 (守护区块: 0x204bB0xc98B0x30d):
2026-06-11 09:45:36 [DEBUG] xCFG:1014 - 📌 业务约束逻辑: [Success/Failure Check on: External_Call]
2026-06-11 09:45:36 [DEBUG] xCFG:1015 - 📌 驱动此判断的数据源: CALLER, CALL
2026-06-11 09:45:36 [DEBUG] xCFG:1016 - 📌 谓词复杂度: 22
2026-06-11 09:45:36 [DEBUG] xCFG:1017 - ------------------------------------------------------------
2026-06-11 09:45:36 [DEBUG] xCFG:1012 - 提取到的守护区块
2026-06-11 09:45:36 [DEBUG] xCFG:1013 - 🎯 提取谓词区域 (守护区块: 0x17ddB0x14c9B0x60f):
2026-06-11 09:45:36 [DEBUG] xCFG:1014 - 📌 业务约束逻辑: [Existence/Non-Zero Check on: Storage[mapping (uint256 => address) _resourceIDToHandlerAddress]]
2026-06-11 09:45:36 [DEBUG] xCFG:1015 - 📌 驱动此判断的数据源: SLOAD
2026-06-11 09:45:36 [DEBUG] xCFG:1016 - 📌 谓词复杂度: 8
2026-06-11 09:45:36 [DEBUG] xCFG:1017 - ------------------------------------------------------------
2026-06-11 09:45:36 [DEBUG] xCFG:1012 - 提取到的守护区块
2026-06-11 09:45:36 [DEBUG] xCFG:1013 - 🎯 提取谓词区域 (守护区块: 0x23bc):
2026-06-11 09:45:36 [DEBUG] xCFG:1014 - 📌 业务约束逻辑: [Existence/Non-Zero Check on: Storage[bool _initialize]]
2026-06-11 09:45:36 [DEBUG] xCFG:1015 - 📌 驱动此判断的数据源: SLOAD
2026-06-11 09:45:36 [DEBUG] xCFG:1016 - 📌 谓词复杂度: 8
2026-06-11 09:45:36 [DEBUG] xCFG:1017 - ------------------------------------------------------------
2026-06-11 09:45:36 [DEBUG] xCFG:1012 - 提取到的守护区块
2026-06-11 09:45:36 [DEBUG] xCFG:1013 - 🎯 提取谓词区域 (守护区块: 0x634):
2026-06-11 09:45:36 [DEBUG] xCFG:1014 - 📌 业务约束逻辑: [Existence/Non-Zero Check on: msg.value]
2026-06-11 09:45:36 [DEBUG] xCFG:1015 - 📌 驱动此判断的数据源: CALLVALUE
2026-06-11 09:45:36 [DEBUG] xCFG:1016 - 📌 谓词复杂度: 4
2026-06-11 09:45:36 [DEBUG] xCFG:1017 - ------------------------------------------------------------
2026-06-11 09:45:36 [DEBUG] xCFG:1012 - 提取到的守护区块
2026-06-11 09:45:36 [DEBUG] xCFG:1013 - 🎯 提取谓词区域 (守护区块: 0x243dB0x114fB0x4cc):
2026-06-11 09:45:36 [DEBUG] xCFG:1014 - 📌 业务约束逻辑: [Args LT Storage[mapping (uint256 => struct_1415) _getRoleAdmin]]
2026-06-11 09:45:36 [DEBUG] xCFG:1015 - 📌 驱动此判断的数据源: SLOAD, CALLDATALOAD
2026-06-11 09:45:36 [DEBUG] xCFG:1016 - 📌 谓词复杂度: 11
2026-06-11 09:45:36 [DEBUG] xCFG:1017 - ------------------------------------------------------------
2026-06-11 09:45:36 [DEBUG] xCFG:1012 - 提取到的守护区块
2026-06-11 09:45:36 [DEBUG] xCFG:1013 - 🎯 提取谓词区域 (守护区块: 0xf0cB0x420):
2026-06-11 09:45:36 [DEBUG] xCFG:1014 - 📌 业务约束逻辑: [Existence/Non-Zero Check on: Storage[mapping (uint256 => struct_1415) _getRoleAdmin]]
2026-06-11 09:45:36 [DEBUG] xCFG:1015 - 📌 驱动此判断的数据源: SLOAD
2026-06-11 09:45:36 [DEBUG] xCFG:1016 - 📌 谓词复杂度: 8
2026-06-11 09:45:36 [DEBUG] xCFG:1017 - ------------------------------------------------------------
2026-06-11 09:45:36 [DEBUG] xCFG:1012 - 提取到的守护区块
2026-06-11 09:45:36 [DEBUG] xCFG:1013 - 🎯 提取谓词区域 (守护区块: 0x24e8B0x2323B0x2071):
2026-06-11 09:45:36 [DEBUG] xCFG:1014 - 📌 业务约束逻辑: [Existence/Non-Zero Check on: Storage[mapping (uint256 => struct_1415) _getRoleAdmin]]
2026-06-11 09:45:36 [DEBUG] xCFG:1015 - 📌 驱动此判断的数据源: SLOAD
2026-06-11 09:45:36 [DEBUG] xCFG:1016 - 📌 谓词复杂度: 7
2026-06-11 09:45:36 [DEBUG] xCFG:1017 - ------------------------------------------------------------
2026-06-11 09:45:36 [DEBUG] xCFG:1012 - 提取到的守护区块
2026-06-11 09:45:36 [DEBUG] xCFG:1013 - 🎯 提取谓词区域 (守护区块: 0x23e3):
2026-06-11 09:45:36 [DEBUG] xCFG:1014 - 📌 业务约束逻辑: [Existence/Non-Zero Check on: Storage[bool _initialize] + Storage[bool stor_0_0_0]]
2026-06-11 09:45:36 [DEBUG] xCFG:1015 - 📌 驱动此判断的数据源: SLOAD
2026-06-11 09:45:36 [DEBUG] xCFG:1016 - 📌 谓词复杂度: 19
2026-06-11 09:45:36 [DEBUG] xCFG:1017 - ------------------------------------------------------------
2026-06-11 09:45:36 [DEBUG] xCFG:1012 - 提取到的守护区块
2026-06-11 09:45:36 [DEBUG] xCFG:1013 - 🎯 提取谓词区域 (守护区块: 0x2381B0x2159):
2026-06-11 09:45:36 [DEBUG] xCFG:1014 - 📌 业务约束逻辑: [Existence/Non-Zero Check on: Storage[bool _initialize]]
2026-06-11 09:45:36 [DEBUG] xCFG:1015 - 📌 驱动此判断的数据源: SLOAD
2026-06-11 09:45:36 [DEBUG] xCFG:1016 - 📌 谓词复杂度: 10
2026-06-11 09:45:36 [DEBUG] xCFG:1017 - ------------------------------------------------------------
2026-06-11 09:45:36 [DEBUG] xCFG:1012 - 提取到的守护区块
2026-06-11 09:45:36 [DEBUG] xCFG:1013 - 🎯 提取谓词区域 (守护区块: 0x10e5B0x4ac):
2026-06-11 09:45:36 [DEBUG] xCFG:1014 - 📌 业务约束逻辑: [msg.sender EQ Storage[address _owner]]
2026-06-11 09:45:36 [DEBUG] xCFG:1015 - 📌 驱动此判断的数据源: SLOAD, CALLER
2026-06-11 09:45:36 [DEBUG] xCFG:1016 - 📌 谓词复杂度: 24
2026-06-11 09:45:36 [DEBUG] xCFG:1017 - ------------------------------------------------------------
2026-06-11 09:45:36 [DEBUG] xCFG:1012 - 提取到的守护区块
2026-06-11 09:45:36 [DEBUG] xCFG:1013 - 🎯 提取谓词区域 (守护区块: 0x216b):
2026-06-11 09:45:36 [DEBUG] xCFG:1014 - 📌 业务约束逻辑: [CONST(0x0) EQ Storage[address _owner]]
2026-06-11 09:45:36 [DEBUG] xCFG:1015 - 📌 驱动此判断的数据源: SLOAD
2026-06-11 09:45:36 [DEBUG] xCFG:1016 - 📌 谓词复杂度: 19
2026-06-11 09:45:36 [DEBUG] xCFG:1017 - ------------------------------------------------------------
2026-06-11 09:45:36 [DEBUG] xCFG:1012 - 提取到的守护区块
2026-06-11 09:45:36 [DEBUG] xCFG:1013 - 🎯 提取谓词区域 (守护区块: 0xeceB0x420):
2026-06-11 09:45:36 [DEBUG] xCFG:1014 - 📌 业务约束逻辑: [msg.sender EQ Storage[address _owner]]
2026-06-11 09:45:36 [DEBUG] xCFG:1015 - 📌 驱动此判断的数据源: SLOAD, CALLER
2026-06-11 09:45:36 [DEBUG] xCFG:1016 - 📌 谓词复杂度: 24
2026-06-11 09:45:36 [DEBUG] xCFG:1017 - ------------------------------------------------------------
2026-06-11 09:45:36 [DEBUG] xCFG:1012 - 提取到的守护区块
2026-06-11 09:45:36 [DEBUG] xCFG:1013 - 🎯 提取谓词区域 (守护区块: 0x21920x21a6):
2026-06-11 09:45:36 [DEBUG] xCFG:1014 - 📌 业务约束逻辑: [Existence/Non-Zero Check on: Storage[bool _initialize]]
2026-06-11 09:45:36 [DEBUG] xCFG:1015 - 📌 驱动此判断的数据源: SLOAD
2026-06-11 09:45:36 [DEBUG] xCFG:1016 - 📌 谓词复杂度: 10
2026-06-11 09:45:36 [DEBUG] xCFG:1017 - ------------------------------------------------------------
2026-06-11 09:45:36 [DEBUG] xCFG:1012 - 提取到的守护区块
2026-06-11 09:45:36 [DEBUG] xCFG:1013 - 🎯 提取谓词区域 (守护区块: 0x18a3B0x1795B0x60f):
2026-06-11 09:45:36 [DEBUG] xCFG:1014 - 📌 业务约束逻辑: [Computed_Value EQ Storage[mapping (uint256 => address) _resourceIDToHandlerAddress]]
2026-06-11 09:45:36 [DEBUG] xCFG:1015 - 📌 驱动此判断的数据源: SLOAD
2026-06-11 09:45:36 [DEBUG] xCFG:1016 - 📌 谓词复杂度: 10
2026-06-11 09:45:36 [DEBUG] xCFG:1017 - ------------------------------------------------------------
2026-06-11 09:45:36 [DEBUG] xCFG:1012 - 提取到的守护区块
2026-06-11 09:45:36 [DEBUG] xCFG:1013 - 🎯 提取谓词区域 (守护区块: 0x1858B0x14c9B0x60f):
2026-06-11 09:45:36 [DEBUG] xCFG:1014 - 📌 业务约束逻辑: [Storage[mapping (uint256 => address) _resourceIDToHandlerAddress] GT Computed_Value]
2026-06-11 09:45:36 [DEBUG] xCFG:1015 - 📌 驱动此判断的数据源: SLOAD
2026-06-11 09:45:36 [DEBUG] xCFG:1016 - 📌 谓词复杂度: 11
2026-06-11 09:45:36 [DEBUG] xCFG:1017 - ------------------------------------------------------------
2026-06-11 09:45:36 [DEBUG] xCFG:1012 - 提取到的守护区块
2026-06-11 09:45:36 [DEBUG] xCFG:1013 - 🎯 提取谓词区域 (守护区块: 0x2412):
2026-06-11 09:45:36 [DEBUG] xCFG:1014 - 📌 业务约束逻辑: [Existence/Non-Zero Check on: Storage[bool _initialize]]
2026-06-11 09:45:36 [DEBUG] xCFG:1015 - 📌 驱动此判断的数据源: SLOAD
2026-06-11 09:45:36 [DEBUG] xCFG:1016 - 📌 谓词复杂度: 10
2026-06-11 09:45:36 [DEBUG] xCFG:1017 - ------------------------------------------------------------
2026-06-11 09:45:36 [DEBUG] xCFG:1012 - 提取到的守护区块
2026-06-11 09:45:36 [DEBUG] xCFG:1013 - 🎯 提取谓词区域 (守护区块: 0x191cB0x1795B0x60f):
2026-06-11 09:45:36 [DEBUG] xCFG:1014 - 📌 业务约束逻辑: [Success/Failure Check on: External_Call]
2026-06-11 09:45:36 [DEBUG] xCFG:1015 - 📌 驱动此判断的数据源: SLOAD, CALL, CALLDATALOAD
2026-06-11 09:45:36 [DEBUG] xCFG:1016 - 📌 谓词复杂度: 47
2026-06-11 09:45:36 [DEBUG] xCFG:1017 - ------------------------------------------------------------
2026-06-11 09:45:36 [DEBUG] xCFG:1012 - 提取到的守护区块
2026-06-11 09:45:36 [DEBUG] xCFG:1013 - 🎯 提取谓词区域 (守护区块: 0x2357B0x2159):
2026-06-11 09:45:36 [DEBUG] xCFG:1014 - 📌 业务约束逻辑: [Existence/Non-Zero Check on: Storage[bool _initialize]]
2026-06-11 09:45:36 [DEBUG] xCFG:1015 - 📌 驱动此判断的数据源: SLOAD
2026-06-11 09:45:36 [DEBUG] xCFG:1016 - 📌 谓词复杂度: 14
2026-06-11 09:45:36 [DEBUG] xCFG:1017 - ------------------------------------------------------------
2026-06-11 09:45:36 [DEBUG] xCFG:1012 - 提取到的守护区块
2026-06-11 09:45:36 [DEBUG] xCFG:1013 - 🎯 提取谓词区域 (守护区块: 0x1969B0x1795B0x60f):
2026-06-11 09:45:36 [DEBUG] xCFG:1014 - 📌 业务约束逻辑: [Existence/Non-Zero Check on: Storage[mapping (uint256 => address) _resourceIDToHandlerAddress]]
2026-06-11 09:45:36 [DEBUG] xCFG:1015 - 📌 驱动此判断的数据源: SLOAD
2026-06-11 09:45:36 [DEBUG] xCFG:1016 - 📌 谓词复杂度: 21
2026-06-11 09:45:36 [DEBUG] xCFG:1017 - ------------------------------------------------------------
2026-06-11 09:45:36 [DEBUG] xCFG:1012 - 提取到的守护区块
2026-06-11 09:45:36 [DEBUG] xCFG:1013 - 🎯 提取谓词区域 (守护区块: 0x929B0x286):
2026-06-11 09:45:36 [DEBUG] xCFG:1014 - 📌 业务约束逻辑: [Storage[bool _paused] EQ Args]
2026-06-11 09:45:36 [DEBUG] xCFG:1015 - 📌 驱动此判断的数据源: SLOAD, CALLDATALOAD
2026-06-11 09:45:36 [DEBUG] xCFG:1016 - 📌 谓词复杂度: 14
2026-06-11 09:45:36 [DEBUG] xCFG:1017 - ------------------------------------------------------------
2026-06-11 09:45:36 [DEBUG] xCFG:1012 - 提取到的守护区块
2026-06-11 09:45:36 [DEBUG] xCFG:1013 - 🎯 提取谓词区域 (守护区块: 0x24aaB0x230eB0x1f76):
2026-06-11 09:45:36 [DEBUG] xCFG:1014 - 📌 业务约束逻辑: [Existence/Non-Zero Check on: Storage[mapping (uint256 => struct_1415) _getRoleAdmin]]
2026-06-11 09:45:36 [DEBUG] xCFG:1015 - 📌 驱动此判断的数据源: SLOAD
2026-06-11 09:45:36 [DEBUG] xCFG:1016 - 📌 谓词复杂度: 8
2026-06-11 09:45:36 [DEBUG] xCFG:1017 - ------------------------------------------------------------
2026-06-11 09:45:36 [DEBUG] xCFG:1012 - 提取到的守护区块
2026-06-11 09:45:36 [DEBUG] xCFG:1013 - 🎯 提取谓词区域 (守护区块: 0x1858B0x64f):
2026-06-11 09:45:36 [DEBUG] xCFG:1014 - 📌 业务约束逻辑: [Storage[mapping (uint256 => address) _resourceIDToHandlerAddress] GT Computed_Value]
2026-06-11 09:45:36 [DEBUG] xCFG:1015 - 📌 驱动此判断的数据源: SLOAD
2026-06-11 09:45:36 [DEBUG] xCFG:1016 - 📌 谓词复杂度: 11
2026-06-11 09:45:36 [DEBUG] xCFG:1017 - ------------------------------------------------------------
2026-06-11 09:45:36 [DEBUG] xCFG:1012 - 提取到的守护区块
2026-06-11 09:45:36 [DEBUG] xCFG:1013 - 🎯 提取谓词区域 (守护区块: 0x1e1d):
2026-06-11 09:45:36 [DEBUG] xCFG:1014 - 📌 业务约束逻辑: [Success/Failure Check on: External_Call]
2026-06-11 09:45:36 [DEBUG] xCFG:1015 - 📌 驱动此判断的数据源: SLOAD, CALL, CALLDATALOAD
2026-06-11 09:45:36 [DEBUG] xCFG:1016 - 📌 谓词复杂度: 51
2026-06-11 09:45:36 [DEBUG] xCFG:1017 - ------------------------------------------------------------
2026-06-11 09:45:36 [DEBUG] xCFG:1012 - 提取到的守护区块
2026-06-11 09:45:36 [DEBUG] xCFG:1013 - 🎯 提取谓词区域 (守护区块: 0x142cB0x60f):
2026-06-11 09:45:36 [DEBUG] xCFG:1014 - 📌 业务约束逻辑: [Storage[mapping (uint256 => address) _resourceIDToHandlerAddress] GT Computed_Value]
2026-06-11 09:45:36 [DEBUG] xCFG:1015 - 📌 驱动此判断的数据源: SLOAD
2026-06-11 09:45:36 [DEBUG] xCFG:1016 - 📌 谓词复杂度: 11
2026-06-11 09:45:36 [DEBUG] xCFG:1017 - ------------------------------------------------------------
2026-06-11 09:45:36 [DEBUG] xCFG:1012 - 提取到的守护区块
2026-06-11 09:45:36 [DEBUG] xCFG:1013 - 🎯 提取谓词区域 (守护区块: 0x1ae1B0x68f):
2026-06-11 09:45:36 [DEBUG] xCFG:1014 - 📌 业务约束逻辑: [Existence/Non-Zero Check on: Storage[mapping (uint256 => struct_1415) _getRoleAdmin]]
2026-06-11 09:45:36 [DEBUG] xCFG:1015 - 📌 驱动此判断的数据源: SLOAD
2026-06-11 09:45:36 [DEBUG] xCFG:1016 - 📌 谓词复杂度: 9
2026-06-11 09:45:36 [DEBUG] xCFG:1017 - ------------------------------------------------------------
2026-06-11 09:45:36 [DEBUG] xCFG:1012 - 提取到的守护区块
2026-06-11 09:45:36 [DEBUG] xCFG:1013 - 🎯 提取谓词区域 (守护区块: 0x17ddB0x1795B0x60f):
2026-06-11 09:45:36 [DEBUG] xCFG:1014 - 📌 业务约束逻辑: [Existence/Non-Zero Check on: Storage[mapping (uint256 => address) _resourceIDToHandlerAddress]]
2026-06-11 09:45:36 [DEBUG] xCFG:1015 - 📌 驱动此判断的数据源: SLOAD
2026-06-11 09:45:36 [DEBUG] xCFG:1016 - 📌 谓词复杂度: 8
2026-06-11 09:45:36 [DEBUG] xCFG:1017 - ------------------------------------------------------------
2026-06-11 09:45:36 [DEBUG] xCFG:1012 - 提取到的守护区块
2026-06-11 09:45:36 [DEBUG] xCFG:1013 - 🎯 提取谓词区域 (守护区块: 0x146cB0x60f):
2026-06-11 09:45:36 [DEBUG] xCFG:1014 - 📌 业务约束逻辑: [Storage[mapping (uint256 => address) _resourceIDToHandlerAddress] GT Computed_Value]
2026-06-11 09:45:36 [DEBUG] xCFG:1015 - 📌 驱动此判断的数据源: SLOAD
2026-06-11 09:45:36 [DEBUG] xCFG:1016 - 📌 谓词复杂度: 11
2026-06-11 09:45:36 [DEBUG] xCFG:1017 - ------------------------------------------------------------
2026-06-11 09:45:36 [DEBUG] xCFG:1012 - 提取到的守护区块
2026-06-11 09:45:36 [DEBUG] xCFG:1013 - 🎯 提取谓词区域 (守护区块: 0x1994B0x14c9B0x60f):
2026-06-11 09:45:36 [DEBUG] xCFG:1014 - 📌 业务约束逻辑: [Success/Failure Check on: External_Call]
2026-06-11 09:45:36 [DEBUG] xCFG:1015 - 📌 驱动此判断的数据源: SLOAD, CALL, CALLDATALOAD
2026-06-11 09:45:36 [DEBUG] xCFG:1016 - 📌 谓词复杂度: 47
2026-06-11 09:45:36 [DEBUG] xCFG:1017 - ------------------------------------------------------------
2026-06-11 09:45:36 [DEBUG] xCFG:1012 - 提取到的守护区块
2026-06-11 09:45:36 [DEBUG] xCFG:1013 - 🎯 提取谓词区域 (守护区块: 0x21a6):
2026-06-11 09:45:36 [DEBUG] xCFG:1014 - 📌 业务约束逻辑: [Existence/Non-Zero Check on: Storage[bool _initialize]]
2026-06-11 09:45:36 [DEBUG] xCFG:1015 - 📌 驱动此判断的数据源: SLOAD
2026-06-11 09:45:36 [DEBUG] xCFG:1016 - 📌 谓词复杂度: 8
2026-06-11 09:45:36 [DEBUG] xCFG:1017 - ------------------------------------------------------------
2026-06-11 09:45:36 [DEBUG] xCFG:1012 - 提取到的守护区块
2026-06-11 09:45:36 [DEBUG] xCFG:1013 - 🎯 提取谓词区域 (守护区块: 0x9d0):
2026-06-11 09:45:36 [DEBUG] xCFG:1014 - 📌 业务约束逻辑: [Existence/Non-Zero Check on: msg.sender + Storage[address _owner] + Storage[mapping (uint256 => struct_1415) _getRoleAdmin]]
2026-06-11 09:45:36 [DEBUG] xCFG:1015 - 📌 驱动此判断的数据源: SLOAD, CALLER
2026-06-11 09:45:36 [DEBUG] xCFG:1016 - 📌 谓词复杂度: 25
2026-06-11 09:45:36 [DEBUG] xCFG:1017 - ------------------------------------------------------------
2026-06-11 09:45:36 [DEBUG] xCFG:1012 - 提取到的守护区块
2026-06-11 09:45:36 [DEBUG] xCFG:1013 - 🎯 提取谓词区域 (守护区块: 0x867):
2026-06-11 09:45:36 [DEBUG] xCFG:1014 - 📌 业务约束逻辑: [Existence/Non-Zero Check on: Storage[mapping (uint256 => address) _resourceIDToHandlerAddress]]
2026-06-11 09:45:36 [DEBUG] xCFG:1015 - 📌 驱动此判断的数据源: SLOAD
2026-06-11 09:45:36 [DEBUG] xCFG:1016 - 📌 谓词复杂度: 21
2026-06-11 09:45:36 [DEBUG] xCFG:1017 - ------------------------------------------------------------
2026-06-11 09:45:36 [DEBUG] xCFG:1012 - 提取到的守护区块
2026-06-11 09:45:36 [DEBUG] xCFG:1013 - 🎯 提取谓词区域 (守护区块: 0x336):
2026-06-11 09:45:36 [DEBUG] xCFG:1014 - 📌 业务约束逻辑: [Existence/Non-Zero Check on: msg.value]
2026-06-11 09:45:36 [DEBUG] xCFG:1015 - 📌 驱动此判断的数据源: CALLVALUE
2026-06-11 09:45:36 [DEBUG] xCFG:1016 - 📌 谓词复杂度: 4
2026-06-11 09:45:36 [DEBUG] xCFG:1017 - ------------------------------------------------------------
2026-06-11 09:45:36 [DEBUG] xCFG:1012 - 提取到的守护区块
2026-06-11 09:45:36 [DEBUG] xCFG:1013 - 🎯 提取谓词区域 (守护区块: 0x552):
2026-06-11 09:45:36 [DEBUG] xCFG:1014 - 📌 业务约束逻辑: [Existence/Non-Zero Check on: msg.value]
2026-06-11 09:45:36 [DEBUG] xCFG:1015 - 📌 驱动此判断的数据源: CALLVALUE
2026-06-11 09:45:36 [DEBUG] xCFG:1016 - 📌 谓词复杂度: 4
2026-06-11 09:45:36 [DEBUG] xCFG:1017 - ------------------------------------------------------------
2026-06-11 09:45:36 [DEBUG] xCFG:1012 - 提取到的守护区块
2026-06-11 09:45:36 [DEBUG] xCFG:1013 - 🎯 提取谓词区域 (守护区块: 0x21e9):
2026-06-11 09:45:36 [DEBUG] xCFG:1014 - 📌 业务约束逻辑: [Existence/Non-Zero Check on: Storage[bool _initialize]]
2026-06-11 09:45:36 [DEBUG] xCFG:1015 - 📌 驱动此判断的数据源: SLOAD
2026-06-11 09:45:36 [DEBUG] xCFG:1016 - 📌 谓词复杂度: 10
2026-06-11 09:45:36 [DEBUG] xCFG:1017 - ------------------------------------------------------------
2026-06-11 09:45:36 [DEBUG] xCFG:1012 - 提取到的守护区块
2026-06-11 09:45:36 [DEBUG] xCFG:1013 - 🎯 提取谓词区域 (守护区块: 0xaf2):
2026-06-11 09:45:36 [DEBUG] xCFG:1014 - 📌 业务约束逻辑: [Storage[uint40 _expiry] GT Memory_Variable/Array_Length]
2026-06-11 09:45:36 [DEBUG] xCFG:1015 - 📌 驱动此判断的数据源: SLOAD, CALLPRIVATE
2026-06-11 09:45:36 [DEBUG] xCFG:1016 - 📌 谓词复杂度: 23
2026-06-11 09:45:36 [DEBUG] xCFG:1017 - ------------------------------------------------------------
2026-06-11 09:45:36 [DEBUG] xCFG:1012 - 提取到的守护区块
2026-06-11 09:45:36 [DEBUG] xCFG:1013 - 🎯 提取谓词区域 (守护区块: 0x567):
2026-06-11 09:45:36 [DEBUG] xCFG:1014 - 📌 业务约束逻辑: [Existence/Non-Zero Check on: msg.value]
2026-06-11 09:45:36 [DEBUG] xCFG:1015 - 📌 驱动此判断的数据源: CALLVALUE
2026-06-11 09:45:36 [DEBUG] xCFG:1016 - 📌 谓词复杂度: 4
2026-06-11 09:45:36 [DEBUG] xCFG:1017 - ------------------------------------------------------------
2026-06-11 09:45:36 [DEBUG] xCFG:1012 - 提取到的守护区块
2026-06-11 09:45:36 [DEBUG] xCFG:1013 - 🎯 提取谓词区域 (守护区块: 0x316):
2026-06-11 09:45:36 [DEBUG] xCFG:1014 - 📌 业务约束逻辑: [Existence/Non-Zero Check on: msg.value]
2026-06-11 09:45:36 [DEBUG] xCFG:1015 - 📌 驱动此判断的数据源: CALLVALUE
2026-06-11 09:45:36 [DEBUG] xCFG:1016 - 📌 谓词复杂度: 4
2026-06-11 09:45:36 [DEBUG] xCFG:1017 - ------------------------------------------------------------
2026-06-11 09:45:36 [DEBUG] xCFG:1012 - 提取到的守护区块
2026-06-11 09:45:36 [DEBUG] xCFG:1013 - 🎯 提取谓词区域 (守护区块: 0x1ea2):
2026-06-11 09:45:36 [DEBUG] xCFG:1014 - 📌 业务约束逻辑: [msg.sender EQ Storage[address _owner]]
2026-06-11 09:45:36 [DEBUG] xCFG:1015 - 📌 驱动此判断的数据源: SLOAD, CALLER
2026-06-11 09:45:36 [DEBUG] xCFG:1016 - 📌 谓词复杂度: 24
2026-06-11 09:45:36 [DEBUG] xCFG:1017 - ------------------------------------------------------------
2026-06-11 09:45:36 [DEBUG] xCFG:1012 - 提取到的守护区块
2026-06-11 09:45:36 [DEBUG] xCFG:1013 - 🎯 提取谓词区域 (守护区块: 0x51b):
2026-06-11 09:45:36 [DEBUG] xCFG:1014 - 📌 业务约束逻辑: [Existence/Non-Zero Check on: msg.value]
2026-06-11 09:45:36 [DEBUG] xCFG:1015 - 📌 驱动此判断的数据源: CALLVALUE
2026-06-11 09:45:36 [DEBUG] xCFG:1016 - 📌 谓词复杂度: 4
2026-06-11 09:45:36 [DEBUG] xCFG:1017 - ------------------------------------------------------------
2026-06-11 09:45:36 [DEBUG] xCFG:1012 - 提取到的守护区块
2026-06-11 09:45:36 [DEBUG] xCFG:1013 - 🎯 提取谓词区域 (守护区块: 0x6b6):
2026-06-11 09:45:36 [DEBUG] xCFG:1014 - 📌 业务约束逻辑: [Existence/Non-Zero Check on: msg.value]
2026-06-11 09:45:36 [DEBUG] xCFG:1015 - 📌 驱动此判断的数据源: CALLVALUE
2026-06-11 09:45:36 [DEBUG] xCFG:1016 - 📌 谓词复杂度: 4
2026-06-11 09:45:36 [DEBUG] xCFG:1017 - ------------------------------------------------------------
2026-06-11 09:45:36 [DEBUG] xCFG:1012 - 提取到的守护区块
2026-06-11 09:45:36 [DEBUG] xCFG:1013 - 🎯 提取谓词区域 (守护区块: 0x587):
2026-06-11 09:45:36 [DEBUG] xCFG:1014 - 📌 业务约束逻辑: [Existence/Non-Zero Check on: msg.value]
2026-06-11 09:45:36 [DEBUG] xCFG:1015 - 📌 驱动此判断的数据源: CALLVALUE
2026-06-11 09:45:36 [DEBUG] xCFG:1016 - 📌 谓词复杂度: 4
2026-06-11 09:45:36 [DEBUG] xCFG:1017 - ------------------------------------------------------------
2026-06-11 09:45:36 [DEBUG] xCFG:1012 - 提取到的守护区块
2026-06-11 09:45:36 [DEBUG] xCFG:1013 - 🎯 提取谓词区域 (守护区块: 0x17ddB0x64f):
2026-06-11 09:45:36 [DEBUG] xCFG:1014 - 📌 业务约束逻辑: [Existence/Non-Zero Check on: Storage[mapping (uint256 => struct_1415) _getRoleAdmin]]
2026-06-11 09:45:36 [DEBUG] xCFG:1015 - 📌 驱动此判断的数据源: SLOAD
2026-06-11 09:45:36 [DEBUG] xCFG:1016 - 📌 谓词复杂度: 8
2026-06-11 09:45:36 [DEBUG] xCFG:1017 - ------------------------------------------------------------
2026-06-11 09:45:36 [DEBUG] xCFG:1012 - 提取到的守护区块
2026-06-11 09:45:36 [DEBUG] xCFG:1013 - 🎯 提取谓词区域 (守护区块: 0xa02):
2026-06-11 09:45:36 [DEBUG] xCFG:1014 - 📌 业务约束逻辑: [Storage[mapping (uint72 => mapping (uint256 => struct_1417)) _getProposal] GT CONST(0x4)]
2026-06-11 09:45:36 [DEBUG] xCFG:1015 - 📌 驱动此判断的数据源: SLOAD
2026-06-11 09:45:36 [DEBUG] xCFG:1016 - 📌 谓词复杂度: 11
2026-06-11 09:45:36 [DEBUG] xCFG:1017 - ------------------------------------------------------------
2026-06-11 09:45:36 [DEBUG] xCFG:1012 - 提取到的守护区块
2026-06-11 09:45:36 [DEBUG] xCFG:1013 - 🎯 提取谓词区域 (守护区块: 0x1902B0x1795B0x60f):
2026-06-11 09:45:36 [DEBUG] xCFG:1014 - 📌 业务约束逻辑: [Existence/Non-Zero Check on: Storage[mapping (uint256 => address) _resourceIDToHandlerAddress]]
2026-06-11 09:45:36 [DEBUG] xCFG:1015 - 📌 驱动此判断的数据源: SLOAD
2026-06-11 09:45:36 [DEBUG] xCFG:1016 - 📌 谓词复杂度: 21
2026-06-11 09:45:36 [DEBUG] xCFG:1017 - ------------------------------------------------------------
2026-06-11 09:45:36 [DEBUG] xCFG:1012 - 提取到的守护区块
2026-06-11 09:45:36 [DEBUG] xCFG:1013 - 🎯 提取谓词区域 (守护区块: 0x53d):
2026-06-11 09:45:36 [DEBUG] xCFG:1014 - 📌 业务约束逻辑: [Existence/Non-Zero Check on: msg.value]
2026-06-11 09:45:36 [DEBUG] xCFG:1015 - 📌 驱动此判断的数据源: CALLVALUE
2026-06-11 09:45:36 [DEBUG] xCFG:1016 - 📌 谓词复杂度: 4
2026-06-11 09:45:36 [DEBUG] xCFG:1017 - ------------------------------------------------------------
2026-06-11 09:45:36 [DEBUG] xCFG:1012 - 提取到的守护区块
2026-06-11 09:45:36 [DEBUG] xCFG:1013 - 🎯 提取谓词区域 (守护区块: 0x21920x20eb):
2026-06-11 09:45:36 [DEBUG] xCFG:1014 - 📌 业务约束逻辑: [Existence/Non-Zero Check on: Storage[bool _initialize]]
2026-06-11 09:45:36 [DEBUG] xCFG:1015 - 📌 驱动此判断的数据源: SLOAD
2026-06-11 09:45:36 [DEBUG] xCFG:1016 - 📌 谓词复杂度: 10
2026-06-11 09:45:36 [DEBUG] xCFG:1017 - ------------------------------------------------------------
2026-06-11 09:45:36 [DEBUG] xCFG:1012 - 提取到的守护区块
2026-06-11 09:45:36 [DEBUG] xCFG:1013 - 🎯 提取谓词区域 (守护区块: 0x76e):
2026-06-11 09:45:36 [DEBUG] xCFG:1014 - 📌 业务约束逻辑: [Existence/Non-Zero Check on: Storage[bool _paused]]
2026-06-11 09:45:36 [DEBUG] xCFG:1015 - 📌 驱动此判断的数据源: SLOAD
2026-06-11 09:45:36 [DEBUG] xCFG:1016 - 📌 谓词复杂度: 7
2026-06-11 09:45:36 [DEBUG] xCFG:1017 - ------------------------------------------------------------
2026-06-11 09:45:36 [DEBUG] xCFG:1012 - 提取到的守护区块
2026-06-11 09:45:36 [DEBUG] xCFG:1013 - 🎯 提取谓词区域 (守护区块: 0x4e6):
2026-06-11 09:45:36 [DEBUG] xCFG:1014 - 📌 业务约束逻辑: [Existence/Non-Zero Check on: msg.value]
2026-06-11 09:45:36 [DEBUG] xCFG:1015 - 📌 驱动此判断的数据源: CALLVALUE
2026-06-11 09:45:36 [DEBUG] xCFG:1016 - 📌 谓词复杂度: 4
2026-06-11 09:45:36 [DEBUG] xCFG:1017 - ------------------------------------------------------------
2026-06-11 09:45:36 [DEBUG] xCFG:1012 - 提取到的守护区块
2026-06-11 09:45:36 [DEBUG] xCFG:1013 - 🎯 提取谓词区域 (守护区块: 0x251bB0x2323B0x2071):
2026-06-11 09:45:36 [DEBUG] xCFG:1014 - 📌 业务约束逻辑: [Storage[None] LT Storage[mapping (uint256 => struct_1415) _getRoleAdmin]]
2026-06-11 09:45:36 [DEBUG] xCFG:1015 - 📌 驱动此判断的数据源: SLOAD
2026-06-11 09:45:36 [DEBUG] xCFG:1016 - 📌 谓词复杂度: 16
2026-06-11 09:45:36 [DEBUG] xCFG:1017 - ------------------------------------------------------------
2026-06-11 09:45:36 [DEBUG] xCFG:1012 - 提取到的守护区块
2026-06-11 09:45:36 [DEBUG] xCFG:1013 - 🎯 提取谓词区域 (守护区块: 0x405):
2026-06-11 09:45:36 [DEBUG] xCFG:1014 - 📌 业务约束逻辑: [Existence/Non-Zero Check on: msg.value]
2026-06-11 09:45:36 [DEBUG] xCFG:1015 - 📌 驱动此判断的数据源: CALLVALUE
2026-06-11 09:45:36 [DEBUG] xCFG:1016 - 📌 谓词复杂度: 4
2026-06-11 09:45:36 [DEBUG] xCFG:1017 - ------------------------------------------------------------
2026-06-11 09:45:36 [DEBUG] xCFG:1012 - 提取到的守护区块
2026-06-11 09:45:36 [DEBUG] xCFG:1013 - 🎯 提取谓词区域 (守护区块: 0x1983B0x1795B0x60f):
2026-06-11 09:45:36 [DEBUG] xCFG:1014 - 📌 业务约束逻辑: [Success/Failure Check on: External_Call]
2026-06-11 09:45:36 [DEBUG] xCFG:1015 - 📌 驱动此判断的数据源: SLOAD, CALL, CALLDATALOAD
2026-06-11 09:45:36 [DEBUG] xCFG:1016 - 📌 谓词复杂度: 46
2026-06-11 09:45:36 [DEBUG] xCFG:1017 - ------------------------------------------------------------
2026-06-11 09:45:36 [DEBUG] xCFG:1012 - 提取到的守护区块
2026-06-11 09:45:36 [DEBUG] xCFG:1013 - 🎯 提取谓词区域 (守护区块: 0x12c3):
2026-06-11 09:45:36 [DEBUG] xCFG:1014 - 📌 业务约束逻辑: [msg.sender EQ Storage[address _owner]]
2026-06-11 09:45:36 [DEBUG] xCFG:1015 - 📌 驱动此判断的数据源: SLOAD, CALLER
2026-06-11 09:45:36 [DEBUG] xCFG:1016 - 📌 谓词复杂度: 24
2026-06-11 09:45:36 [DEBUG] xCFG:1017 - ------------------------------------------------------------
2026-06-11 09:45:36 [DEBUG] xCFG:1012 - 提取到的守护区块
2026-06-11 09:45:36 [DEBUG] xCFG:1013 - 🎯 提取谓词区域 (守护区块: 0x1d65):
2026-06-11 09:45:36 [DEBUG] xCFG:1014 - 📌 业务约束逻辑: [Existence/Non-Zero Check on: Storage[mapping (uint256 => address) _resourceIDToHandlerAddress]]
2026-06-11 09:45:36 [DEBUG] xCFG:1015 - 📌 驱动此判断的数据源: SLOAD
2026-06-11 09:45:36 [DEBUG] xCFG:1016 - 📌 谓词复杂度: 12
2026-06-11 09:45:36 [DEBUG] xCFG:1017 - ------------------------------------------------------------
2026-06-11 09:45:36 [DEBUG] xCFG:1012 - 提取到的守护区块
2026-06-11 09:45:36 [DEBUG] xCFG:1013 - 🎯 提取谓词区域 (守护区块: 0x25f1):
2026-06-11 09:45:36 [DEBUG] xCFG:1014 - 📌 业务约束逻辑: [Existence/Non-Zero Check on: Storage[bool _initialize]]
2026-06-11 09:45:36 [DEBUG] xCFG:1015 - 📌 驱动此判断的数据源: SLOAD
2026-06-11 09:45:36 [DEBUG] xCFG:1016 - 📌 谓词复杂度: 10
2026-06-11 09:45:36 [DEBUG] xCFG:1017 - ------------------------------------------------------------
2026-06-11 09:45:36 [DEBUG] xCFG:1012 - 提取到的守护区块
2026-06-11 09:45:36 [DEBUG] xCFG:1013 - 🎯 提取谓词区域 (守护区块: 0x1983B0x14c9B0x60f):
2026-06-11 09:45:36 [DEBUG] xCFG:1014 - 📌 业务约束逻辑: [Success/Failure Check on: External_Call]
2026-06-11 09:45:36 [DEBUG] xCFG:1015 - 📌 驱动此判断的数据源: SLOAD, CALL, CALLDATALOAD
2026-06-11 09:45:36 [DEBUG] xCFG:1016 - 📌 谓词复杂度: 46
2026-06-11 09:45:36 [DEBUG] xCFG:1017 - ------------------------------------------------------------
2026-06-11 09:45:36 [DEBUG] xCFG:1012 - 提取到的守护区块
2026-06-11 09:45:36 [DEBUG] xCFG:1013 - 🎯 提取谓词区域 (守护区块: 0x1c06B0x6d1):
2026-06-11 09:45:36 [DEBUG] xCFG:1014 - 📌 业务约束逻辑: [Success/Failure Check on: External_Call]
2026-06-11 09:45:36 [DEBUG] xCFG:1015 - 📌 驱动此判断的数据源: CALL, CALLDATALOAD
2026-06-11 09:45:36 [DEBUG] xCFG:1016 - 📌 谓词复杂度: 25
2026-06-11 09:45:36 [DEBUG] xCFG:1017 - ------------------------------------------------------------
2026-06-11 09:45:36 [DEBUG] xCFG:1012 - 提取到的守护区块
2026-06-11 09:45:36 [DEBUG] xCFG:1013 - 🎯 提取谓词区域 (守护区块: 0x21920x23bc):
2026-06-11 09:45:36 [DEBUG] xCFG:1014 - 📌 业务约束逻辑: [Existence/Non-Zero Check on: Storage[bool _initialize]]
2026-06-11 09:45:36 [DEBUG] xCFG:1015 - 📌 驱动此判断的数据源: SLOAD
2026-06-11 09:45:36 [DEBUG] xCFG:1016 - 📌 谓词复杂度: 10
2026-06-11 09:45:36 [DEBUG] xCFG:1017 - ------------------------------------------------------------
2026-06-11 09:45:36 [DEBUG] xCFG:1012 - 提取到的守护区块
2026-06-11 09:45:36 [DEBUG] xCFG:1013 - 🎯 提取谓词区域 (守护区块: 0xc2f):
2026-06-11 09:45:36 [DEBUG] xCFG:1014 - 📌 业务约束逻辑: [Existence/Non-Zero Check on: Storage[mapping (uint256 => struct_1415) _getRoleAdmin]]
2026-06-11 09:45:36 [DEBUG] xCFG:1015 - 📌 驱动此判断的数据源: SLOAD
2026-06-11 09:45:36 [DEBUG] xCFG:1016 - 📌 谓词复杂度: 8
2026-06-11 09:45:36 [DEBUG] xCFG:1017 - ------------------------------------------------------------
2026-06-11 09:45:36 [DEBUG] xCFG:1012 - 提取到的守护区块
2026-06-11 09:45:36 [DEBUG] xCFG:1013 - 🎯 提取谓词区域 (守护区块: 0x1c43B0x713):
2026-06-11 09:45:36 [DEBUG] xCFG:1014 - 📌 业务约束逻辑: [Storage[mapping (uint72 => mapping (uint256 => struct_1417)) _getProposal] GT Computed_Value]
2026-06-11 09:45:36 [DEBUG] xCFG:1015 - 📌 驱动此判断的数据源: SLOAD
2026-06-11 09:45:36 [DEBUG] xCFG:1016 - 📌 谓词复杂度: 11
2026-06-11 09:45:36 [DEBUG] xCFG:1017 - ------------------------------------------------------------
2026-06-11 09:45:36 [DEBUG] xCFG:1012 - 提取到的守护区块
2026-06-11 09:45:36 [DEBUG] xCFG:1013 - 🎯 提取谓词区域 (守护区块: 0x3f0):
2026-06-11 09:45:36 [DEBUG] xCFG:1014 - 📌 业务约束逻辑: [Existence/Non-Zero Check on: msg.value]
2026-06-11 09:45:36 [DEBUG] xCFG:1015 - 📌 驱动此判断的数据源: CALLVALUE
2026-06-11 09:45:36 [DEBUG] xCFG:1016 - 📌 谓词复杂度: 4
2026-06-11 09:45:36 [DEBUG] xCFG:1017 - ------------------------------------------------------------
2026-06-11 09:45:36 [DEBUG] xCFG:1012 - 提取到的守护区块
2026-06-11 09:45:36 [DEBUG] xCFG:1013 - 🎯 提取谓词区域 (守护区块: 0x25c7):
2026-06-11 09:45:36 [DEBUG] xCFG:1014 - 📌 业务约束逻辑: [Existence/Non-Zero Check on: Storage[bool _initialize]]
2026-06-11 09:45:36 [DEBUG] xCFG:1015 - 📌 驱动此判断的数据源: SLOAD
2026-06-11 09:45:36 [DEBUG] xCFG:1016 - 📌 谓词复杂度: 14
2026-06-11 09:45:36 [DEBUG] xCFG:1017 - ------------------------------------------------------------
2026-06-11 09:45:36 [DEBUG] xCFG:1012 - 提取到的守护区块
2026-06-11 09:45:36 [DEBUG] xCFG:1013 - 🎯 提取谓词区域 (守护区块: 0x1518B0x60f):
2026-06-11 09:45:36 [DEBUG] xCFG:1014 - 📌 业务约束逻辑: [Computed_Value GT msg.sender + Memory_Variable/Array_Length]
2026-06-11 09:45:36 [DEBUG] xCFG:1015 - 📌 驱动此判断的数据源: CALLPRIVATE, CALLER
2026-06-11 09:45:36 [DEBUG] xCFG:1016 - 📌 谓词复杂度: 21
2026-06-11 09:45:36 [DEBUG] xCFG:1017 - ------------------------------------------------------------
2026-06-11 09:45:36 [DEBUG] xCFG:1012 - 提取到的守护区块
2026-06-11 09:45:36 [DEBUG] xCFG:1013 - 🎯 提取谓词区域 (守护区块: 0x5f4):
2026-06-11 09:45:36 [DEBUG] xCFG:1014 - 📌 业务约束逻辑: [Existence/Non-Zero Check on: msg.value]
2026-06-11 09:45:36 [DEBUG] xCFG:1015 - 📌 驱动此判断的数据源: CALLVALUE
2026-06-11 09:45:36 [DEBUG] xCFG:1016 - 📌 谓词复杂度: 4
2026-06-11 09:45:36 [DEBUG] xCFG:1017 - ------------------------------------------------------------
2026-06-11 09:45:36 [DEBUG] xCFG:1012 - 提取到的守护区块
2026-06-11 09:45:36 [DEBUG] xCFG:1013 - 🎯 提取谓词区域 (守护区块: 0x903B0x286):
2026-06-11 09:45:36 [DEBUG] xCFG:1014 - 📌 业务约束逻辑: [msg.sender EQ Storage[address _owner]]
2026-06-11 09:45:36 [DEBUG] xCFG:1015 - 📌 驱动此判断的数据源: SLOAD, CALLER
2026-06-11 09:45:36 [DEBUG] xCFG:1016 - 📌 谓词复杂度: 24
2026-06-11 09:45:36 [DEBUG] xCFG:1017 - ------------------------------------------------------------
2026-06-11 09:45:36 [DEBUG] xCFG:1012 - 提取到的守护区块
2026-06-11 09:45:36 [DEBUG] xCFG:1013 - 🎯 提取谓词区域 (守护区块: 0x1994B0x64f):
2026-06-11 09:45:36 [DEBUG] xCFG:1014 - 📌 业务约束逻辑: [Success/Failure Check on: External_Call]
2026-06-11 09:45:36 [DEBUG] xCFG:1015 - 📌 驱动此判断的数据源: SLOAD, CALL, CALLDATALOAD
2026-06-11 09:45:36 [DEBUG] xCFG:1016 - 📌 谓词复杂度: 47
2026-06-11 09:45:36 [DEBUG] xCFG:1017 - ------------------------------------------------------------
2026-06-11 09:45:36 [DEBUG] xCFG:1012 - 提取到的守护区块
2026-06-11 09:45:36 [DEBUG] xCFG:1013 - 🎯 提取谓词区域 (守护区块: 0x46f):
2026-06-11 09:45:36 [DEBUG] xCFG:1014 - 📌 业务约束逻辑: [Existence/Non-Zero Check on: msg.value]
2026-06-11 09:45:36 [DEBUG] xCFG:1015 - 📌 驱动此判断的数据源: CALLVALUE
2026-06-11 09:45:36 [DEBUG] xCFG:1016 - 📌 谓词复杂度: 4
2026-06-11 09:45:36 [DEBUG] xCFG:1017 - ------------------------------------------------------------
2026-06-11 09:45:36 [DEBUG] xCFG:1012 - 提取到的守护区块
2026-06-11 09:45:36 [DEBUG] xCFG:1013 - 🎯 提取谓词区域 (守护区块: 0x212e):
2026-06-11 09:45:36 [DEBUG] xCFG:1014 - 📌 业务约束逻辑: [Existence/Non-Zero Check on: Storage[bool _initialize]]
2026-06-11 09:45:36 [DEBUG] xCFG:1015 - 📌 驱动此判断的数据源: SLOAD
2026-06-11 09:45:36 [DEBUG] xCFG:1016 - 📌 谓词复杂度: 10
2026-06-11 09:45:36 [DEBUG] xCFG:1017 - ------------------------------------------------------------
2026-06-11 09:45:36 [DEBUG] xCFG:1012 - 提取到的守护区块
2026-06-11 09:45:36 [DEBUG] xCFG:1013 - 🎯 提取谓词区域 (守护区块: 0x17f9B0x64f):
2026-06-11 09:45:36 [DEBUG] xCFG:1014 - 📌 业务约束逻辑: [Existence/Non-Zero Check on: Storage[bool _paused]]
2026-06-11 09:45:36 [DEBUG] xCFG:1015 - 📌 驱动此判断的数据源: SLOAD
2026-06-11 09:45:36 [DEBUG] xCFG:1016 - 📌 谓词复杂度: 7
2026-06-11 09:45:36 [DEBUG] xCFG:1017 - ------------------------------------------------------------
2026-06-11 09:45:36 [DEBUG] xCFG:1012 - 提取到的守护区块
2026-06-11 09:45:36 [DEBUG] xCFG:1013 - 🎯 提取谓词区域 (守护区块: 0x18a3B0x14c9B0x60f):
2026-06-11 09:45:36 [DEBUG] xCFG:1014 - 📌 业务约束逻辑: [Computed_Value EQ Storage[mapping (uint256 => address) _resourceIDToHandlerAddress]]
2026-06-11 09:45:36 [DEBUG] xCFG:1015 - 📌 驱动此判断的数据源: SLOAD
2026-06-11 09:45:36 [DEBUG] xCFG:1016 - 📌 谓词复杂度: 10
2026-06-11 09:45:36 [DEBUG] xCFG:1017 - ------------------------------------------------------------
2026-06-11 09:45:36 [DEBUG] xCFG:1012 - 提取到的守护区块
2026-06-11 09:45:36 [DEBUG] xCFG:1013 - 🎯 提取谓词区域 (守护区块: 0x301):
2026-06-11 09:45:36 [DEBUG] xCFG:1014 - 📌 业务约束逻辑: [Existence/Non-Zero Check on: msg.value]
2026-06-11 09:45:36 [DEBUG] xCFG:1015 - 📌 驱动此判断的数据源: CALLVALUE
2026-06-11 09:45:36 [DEBUG] xCFG:1016 - 📌 谓词复杂度: 4
2026-06-11 09:45:36 [DEBUG] xCFG:1017 - ------------------------------------------------------------
2026-06-11 09:45:36 [DEBUG] xCFG:1012 - 提取到的守护区块
2026-06-11 09:45:36 [DEBUG] xCFG:1013 - 🎯 提取谓词区域 (守护区块: 0x20eb):
2026-06-11 09:45:36 [DEBUG] xCFG:1014 - 📌 业务约束逻辑: [Existence/Non-Zero Check on: Storage[bool _initialize]]
2026-06-11 09:45:36 [DEBUG] xCFG:1015 - 📌 驱动此判断的数据源: SLOAD
2026-06-11 09:45:36 [DEBUG] xCFG:1016 - 📌 谓词复杂度: 8
2026-06-11 09:45:36 [DEBUG] xCFG:1017 - ------------------------------------------------------------
2026-06-11 09:45:36 [DEBUG] xCFG:1012 - 提取到的守护区块
2026-06-11 09:45:36 [DEBUG] xCFG:1013 - 🎯 提取谓词区域 (守护区块: 0xa42):
2026-06-11 09:45:36 [DEBUG] xCFG:1014 - 📌 业务约束逻辑: [Storage[mapping (uint72 => mapping (uint256 => struct_1417)) _getProposal] GT CONST(0x4)]
2026-06-11 09:45:36 [DEBUG] xCFG:1015 - 📌 驱动此判断的数据源: SLOAD
2026-06-11 09:45:36 [DEBUG] xCFG:1016 - 📌 谓词复杂度: 11
2026-06-11 09:45:36 [DEBUG] xCFG:1017 - ------------------------------------------------------------
2026-06-11 09:45:36 [DEBUG] xCFG:1012 - 提取到的守护区块
2026-06-11 09:45:36 [DEBUG] xCFG:1013 - 🎯 提取谓词区域 (守护区块: 0x2e1):
2026-06-11 09:45:36 [DEBUG] xCFG:1014 - 📌 业务约束逻辑: [Existence/Non-Zero Check on: msg.value]
2026-06-11 09:45:36 [DEBUG] xCFG:1015 - 📌 驱动此判断的数据源: CALLVALUE
2026-06-11 09:45:36 [DEBUG] xCFG:1016 - 📌 谓词复杂度: 4
2026-06-11 09:45:36 [DEBUG] xCFG:1017 - ------------------------------------------------------------
2026-06-11 09:45:36 [DEBUG] xCFG:1012 - 提取到的守护区块
2026-06-11 09:45:36 [DEBUG] xCFG:1013 - 🎯 提取谓词区域 (守护区块: 0xd92B0x371):
2026-06-11 09:45:36 [DEBUG] xCFG:1014 - 📌 业务约束逻辑: [Existence/Non-Zero Check on: Storage[bool _initialize]]
2026-06-11 09:45:36 [DEBUG] xCFG:1015 - 📌 驱动此判断的数据源: SLOAD
2026-06-11 09:45:36 [DEBUG] xCFG:1016 - 📌 谓词复杂度: 10
2026-06-11 09:45:36 [DEBUG] xCFG:1017 - ------------------------------------------------------------
2026-06-11 09:45:36 [DEBUG] xCFG:1012 - 提取到的守护区块
2026-06-11 09:45:36 [DEBUG] xCFG:1013 - 🎯 提取谓词区域 (守护区块: 0x191cB0x14c9B0x60f):
2026-06-11 09:45:36 [DEBUG] xCFG:1014 - 📌 业务约束逻辑: [Success/Failure Check on: External_Call]
2026-06-11 09:45:36 [DEBUG] xCFG:1015 - 📌 驱动此判断的数据源: SLOAD, CALL, CALLDATALOAD
2026-06-11 09:45:36 [DEBUG] xCFG:1016 - 📌 谓词复杂度: 47
2026-06-11 09:45:36 [DEBUG] xCFG:1017 - ------------------------------------------------------------
2026-06-11 09:45:36 [DEBUG] xCFG:1012 - 提取到的守护区块
2026-06-11 09:45:36 [DEBUG] xCFG:1013 - 🎯 提取谓词区域 (守护区块: 0x74e):
2026-06-11 09:45:36 [DEBUG] xCFG:1014 - 📌 业务约束逻辑: [Existence/Non-Zero Check on: msg.value]
2026-06-11 09:45:36 [DEBUG] xCFG:1015 - 📌 驱动此判断的数据源: CALLVALUE
2026-06-11 09:45:36 [DEBUG] xCFG:1016 - 📌 谓词复杂度: 4
2026-06-11 09:45:36 [DEBUG] xCFG:1017 - ------------------------------------------------------------
2026-06-11 09:45:36 [DEBUG] xCFG:1012 - 提取到的守护区块
2026-06-11 09:45:36 [DEBUG] xCFG:1013 - 🎯 提取谓词区域 (守护区块: 0x614):
2026-06-11 09:45:36 [DEBUG] xCFG:1014 - 📌 业务约束逻辑: [Existence/Non-Zero Check on: msg.value]
2026-06-11 09:45:36 [DEBUG] xCFG:1015 - 📌 驱动此判断的数据源: CALLVALUE
2026-06-11 09:45:36 [DEBUG] xCFG:1016 - 📌 谓词复杂度: 4
2026-06-11 09:45:36 [DEBUG] xCFG:1017 - ------------------------------------------------------------
2026-06-11 09:45:36 [DEBUG] xCFG:1012 - 提取到的守护区块
2026-06-11 09:45:36 [DEBUG] xCFG:1013 - 🎯 提取谓词区域 (守护区块: 0x1081B0x455):
2026-06-11 09:45:36 [DEBUG] xCFG:1014 - 📌 业务约束逻辑: [Success/Failure Check on: External_Call]
2026-06-11 09:45:36 [DEBUG] xCFG:1015 - 📌 驱动此判断的数据源: CALL, CALLDATALOAD
2026-06-11 09:45:36 [DEBUG] xCFG:1016 - 📌 谓词复杂度: 25
2026-06-11 09:45:36 [DEBUG] xCFG:1017 - ------------------------------------------------------------
2026-06-11 09:45:36 [DEBUG] xCFG:1012 - 提取到的守护区块
2026-06-11 09:45:36 [DEBUG] xCFG:1013 - 🎯 提取谓词区域 (守护区块: 0x9a8):
2026-06-11 09:45:36 [DEBUG] xCFG:1014 - 📌 业务约束逻辑: [msg.sender EQ Storage[address _owner]]
2026-06-11 09:45:36 [DEBUG] xCFG:1015 - 📌 驱动此判断的数据源: SLOAD, CALLER
2026-06-11 09:45:36 [DEBUG] xCFG:1016 - 📌 谓词复杂度: 18
2026-06-11 09:45:36 [DEBUG] xCFG:1017 - ------------------------------------------------------------
2026-06-11 09:45:36 [DEBUG] xCFG:1012 - 提取到的守护区块
2026-06-11 09:45:36 [DEBUG] xCFG:1013 - 🎯 提取谓词区域 (守护区块: 0x13b2B0x60f):
2026-06-11 09:45:36 [DEBUG] xCFG:1014 - 📌 业务约束逻辑: [Existence/Non-Zero Check on: Storage[mapping (uint256 => address) _resourceIDToHandlerAddress]]
2026-06-11 09:45:36 [DEBUG] xCFG:1015 - 📌 驱动此判断的数据源: SLOAD
2026-06-11 09:45:36 [DEBUG] xCFG:1016 - 📌 谓词复杂度: 12
2026-06-11 09:45:36 [DEBUG] xCFG:1017 - ------------------------------------------------------------
2026-06-11 09:45:36 [DEBUG] xCFG:1012 - 提取到的守护区块
2026-06-11 09:45:36 [DEBUG] xCFG:1013 - 🎯 提取谓词区域 (守护区块: 0x1b9aB0x6d1):
2026-06-11 09:45:36 [DEBUG] xCFG:1014 - 📌 业务约束逻辑: [msg.sender EQ Storage[address _owner]]
2026-06-11 09:45:36 [DEBUG] xCFG:1015 - 📌 驱动此判断的数据源: SLOAD, CALLER
2026-06-11 09:45:36 [DEBUG] xCFG:1016 - 📌 谓词复杂度: 24
2026-06-11 09:45:36 [DEBUG] xCFG:1017 - ------------------------------------------------------------
2026-06-11 09:45:36 [DEBUG] xCFG:1012 - 提取到的守护区块
2026-06-11 09:45:36 [DEBUG] xCFG:1013 - 🎯 提取谓词区域 (守护区块: 0xc72B0x30d):
2026-06-11 09:45:36 [DEBUG] xCFG:1014 - 📌 业务约束逻辑: [msg.sender EQ Storage[address _owner]]
2026-06-11 09:45:36 [DEBUG] xCFG:1015 - 📌 驱动此判断的数据源: SLOAD, CALLER
2026-06-11 09:45:36 [DEBUG] xCFG:1016 - 📌 谓词复杂度: 24
2026-06-11 09:45:36 [DEBUG] xCFG:1017 - ------------------------------------------------------------
2026-06-11 09:45:36 [DEBUG] xCFG:1012 - 提取到的守护区块
2026-06-11 09:45:36 [DEBUG] xCFG:1013 - 🎯 提取谓词区域 (守护区块: 0x7ca):
2026-06-11 09:45:36 [DEBUG] xCFG:1014 - 📌 业务约束逻辑: [Existence/Non-Zero Check on: Storage[mapping (uint256 => address) _resourceIDToHandlerAddress]]
2026-06-11 09:45:36 [DEBUG] xCFG:1015 - 📌 驱动此判断的数据源: SLOAD
2026-06-11 09:45:36 [DEBUG] xCFG:1016 - 📌 谓词复杂度: 12
2026-06-11 09:45:36 [DEBUG] xCFG:1017 - ------------------------------------------------------------
2026-06-11 09:45:36 [DEBUG] xCFG:1012 - 提取到的守护区块
2026-06-11 09:45:36 [DEBUG] xCFG:1013 - 🎯 提取谓词区域 (守护区块: 0x17f9B0x1795B0x60f):
2026-06-11 09:45:36 [DEBUG] xCFG:1014 - 📌 业务约束逻辑: [Existence/Non-Zero Check on: Storage[bool _paused]]
2026-06-11 09:45:36 [DEBUG] xCFG:1015 - 📌 驱动此判断的数据源: SLOAD
2026-06-11 09:45:36 [DEBUG] xCFG:1016 - 📌 谓词复杂度: 7
2026-06-11 09:45:36 [DEBUG] xCFG:1017 - ------------------------------------------------------------
2026-06-11 09:45:36 [DEBUG] xCFG:1012 - 提取到的守护区块
2026-06-11 09:45:36 [DEBUG] xCFG:1013 - 🎯 提取谓词区域 (守护区块: 0x1994B0x1795B0x60f):
2026-06-11 09:45:36 [DEBUG] xCFG:1014 - 📌 业务约束逻辑: [Success/Failure Check on: External_Call]
2026-06-11 09:45:36 [DEBUG] xCFG:1015 - 📌 驱动此判断的数据源: SLOAD, CALL, CALLDATALOAD
2026-06-11 09:45:36 [DEBUG] xCFG:1016 - 📌 谓词复杂度: 47
2026-06-11 09:45:36 [DEBUG] xCFG:1017 - ------------------------------------------------------------
2026-06-11 09:45:36 [DEBUG] xCFG:1012 - 提取到的守护区块
2026-06-11 09:45:36 [DEBUG] xCFG:1013 - 🎯 提取谓词区域 (守护区块: 0x12e9):
2026-06-11 09:45:36 [DEBUG] xCFG:1014 - 📌 业务约束逻辑: [Storage[mapping (uint8 => uint64) __depositCounts] GT Args]
2026-06-11 09:45:36 [DEBUG] xCFG:1015 - 📌 驱动此判断的数据源: SLOAD, CALLDATALOAD
2026-06-11 09:45:36 [DEBUG] xCFG:1016 - 📌 谓词复杂度: 18
2026-06-11 09:45:36 [DEBUG] xCFG:1017 - ------------------------------------------------------------
2026-06-11 09:45:36 [DEBUG] xCFG:1012 - 提取到的守护区块
2026-06-11 09:45:36 [DEBUG] xCFG:1013 - 🎯 提取谓词区域 (守护区块: 0x11caB0x582):
2026-06-11 09:45:36 [DEBUG] xCFG:1014 - 📌 业务约束逻辑: [msg.sender EQ Storage[address _owner]]
2026-06-11 09:45:36 [DEBUG] xCFG:1015 - 📌 驱动此判断的数据源: SLOAD, CALLER
2026-06-11 09:45:36 [DEBUG] xCFG:1016 - 📌 谓词复杂度: 24
2026-06-11 09:45:36 [DEBUG] xCFG:1017 - ------------------------------------------------------------
2026-06-11 09:45:36 [DEBUG] xCFG:1012 - 提取到的守护区块
2026-06-11 09:45:36 [DEBUG] xCFG:1013 - 🎯 提取谓词区域 (守护区块: 0x6f8):
2026-06-11 09:45:36 [DEBUG] xCFG:1014 - 📌 业务约束逻辑: [Existence/Non-Zero Check on: msg.value]
2026-06-11 09:45:36 [DEBUG] xCFG:1015 - 📌 驱动此判断的数据源: CALLVALUE
2026-06-11 09:45:36 [DEBUG] xCFG:1016 - 📌 谓词复杂度: 4
2026-06-11 09:45:36 [DEBUG] xCFG:1017 - ------------------------------------------------------------
2026-06-11 09:45:36 [DEBUG] xCFG:1012 - 提取到的守护区块
2026-06-11 09:45:36 [DEBUG] xCFG:1013 - 🎯 提取谓词区域 (守护区块: 0x1373B0x60f):
2026-06-11 09:45:36 [DEBUG] xCFG:1014 - 📌 业务约束逻辑: [Existence/Non-Zero Check on: Storage[mapping (uint256 => struct_1415) _getRoleAdmin]]
2026-06-11 09:45:36 [DEBUG] xCFG:1015 - 📌 驱动此判断的数据源: SLOAD
2026-06-11 09:45:36 [DEBUG] xCFG:1016 - 📌 谓词复杂度: 8
2026-06-11 09:45:36 [DEBUG] xCFG:1017 - ------------------------------------------------------------
2026-06-11 09:45:36 [DEBUG] xCFG:1012 - 提取到的守护区块
2026-06-11 09:45:36 [DEBUG] xCFG:1013 - 🎯 提取谓词区域 (守护区块: 0xd68B0x371):
2026-06-11 09:45:36 [DEBUG] xCFG:1014 - 📌 业务约束逻辑: [Existence/Non-Zero Check on: Storage[bool _initialize]]
2026-06-11 09:45:36 [DEBUG] xCFG:1015 - 📌 驱动此判断的数据源: SLOAD
2026-06-11 09:45:36 [DEBUG] xCFG:1016 - 📌 谓词复杂度: 14
2026-06-11 09:45:36 [DEBUG] xCFG:1017 - ------------------------------------------------------------
2026-06-11 09:45:36 [DEBUG] xCFG:1012 - 提取到的守护区块
2026-06-11 09:45:36 [DEBUG] xCFG:1013 - 🎯 提取谓词区域 (守护区块: 0x6d6):
2026-06-11 09:45:36 [DEBUG] xCFG:1014 - 📌 业务约束逻辑: [Existence/Non-Zero Check on: msg.value]
2026-06-11 09:45:36 [DEBUG] xCFG:1015 - 📌 驱动此判断的数据源: CALLVALUE
2026-06-11 09:45:36 [DEBUG] xCFG:1016 - 📌 谓词复杂度: 4
2026-06-11 09:45:36 [DEBUG] xCFG:1017 - ------------------------------------------------------------
2026-06-11 09:45:36 [DEBUG] xCFG:1012 - 提取到的守护区块
2026-06-11 09:45:36 [DEBUG] xCFG:1013 - 🎯 提取谓词区域 (守护区块: 0x4b1):
2026-06-11 09:45:36 [DEBUG] xCFG:1014 - 📌 业务约束逻辑: [Existence/Non-Zero Check on: msg.value]
2026-06-11 09:45:36 [DEBUG] xCFG:1015 - 📌 驱动此判断的数据源: CALLVALUE
2026-06-11 09:45:36 [DEBUG] xCFG:1016 - 📌 谓词复杂度: 4
2026-06-11 09:45:36 [DEBUG] xCFG:1017 - ------------------------------------------------------------
2026-06-11 09:45:36 [DEBUG] xCFG:1012 - 提取到的守护区块
2026-06-11 09:45:36 [DEBUG] xCFG:1013 - 🎯 提取谓词区域 (守护区块: 0x2626):
2026-06-11 09:45:36 [DEBUG] xCFG:1014 - 📌 业务约束逻辑: [Existence/Non-Zero Check on: Storage[bool _initialize]]
2026-06-11 09:45:36 [DEBUG] xCFG:1015 - 📌 驱动此判断的数据源: SLOAD
2026-06-11 09:45:36 [DEBUG] xCFG:1016 - 📌 谓词复杂度: 10
2026-06-11 09:45:36 [DEBUG] xCFG:1017 - ------------------------------------------------------------
2026-06-11 09:45:36 [DEBUG] xCFG:1012 - 提取到的守护区块
2026-06-11 09:45:36 [DEBUG] xCFG:1013 - 🎯 提取谓词区域 (守护区块: 0x2460B0x114fB0x4cc):
2026-06-11 09:45:36 [DEBUG] xCFG:1014 - 📌 业务约束逻辑: [Args LT Storage[None]]
2026-06-11 09:45:36 [DEBUG] xCFG:1015 - 📌 驱动此判断的数据源: SLOAD, CALLDATALOAD
2026-06-11 09:45:36 [DEBUG] xCFG:1016 - 📌 谓词复杂度: 13
2026-06-11 09:45:36 [DEBUG] xCFG:1017 - ------------------------------------------------------------
2026-06-11 09:45:36 [DEBUG] xCFG:1012 - 提取到的守护区块
2026-06-11 09:45:36 [DEBUG] xCFG:1013 - 🎯 提取谓词区域 (守护区块: 0x3a3):
2026-06-11 09:45:36 [DEBUG] xCFG:1014 - 📌 业务约束逻辑: [Existence/Non-Zero Check on: msg.value]
2026-06-11 09:45:36 [DEBUG] xCFG:1015 - 📌 驱动此判断的数据源: CALLVALUE
2026-06-11 09:45:36 [DEBUG] xCFG:1016 - 📌 谓词复杂度: 4
2026-06-11 09:45:36 [DEBUG] xCFG:1017 - ------------------------------------------------------------
2026-06-11 09:45:36 [DEBUG] xCFG:1012 - 提取到的守护区块
2026-06-11 09:45:36 [DEBUG] xCFG:1013 - 🎯 提取谓词区域 (守护区块: 0x22e9B0x1d25):
2026-06-11 09:45:36 [DEBUG] xCFG:1014 - 📌 业务约束逻辑: [Args LT Storage[uint128 _fee] + Args]
2026-06-11 09:45:36 [DEBUG] xCFG:1015 - 📌 驱动此判断的数据源: SLOAD, CALLDATALOAD
2026-06-11 09:45:36 [DEBUG] xCFG:1016 - 📌 谓词复杂度: 25
2026-06-11 09:45:36 [DEBUG] xCFG:1017 - ------------------------------------------------------------
2026-06-11 09:45:36 [DEBUG] xCFG:1012 - 提取到的守护区块
2026-06-11 09:45:36 [DEBUG] xCFG:1013 - 🎯 提取谓词区域 (守护区块: 0xf88):
2026-06-11 09:45:36 [DEBUG] xCFG:1014 - 📌 业务约束逻辑: [msg.sender EQ Storage[address _owner]]
2026-06-11 09:45:36 [DEBUG] xCFG:1015 - 📌 驱动此判断的数据源: SLOAD, CALLER
2026-06-11 09:45:36 [DEBUG] xCFG:1016 - 📌 谓词复杂度: 24
2026-06-11 09:45:36 [DEBUG] xCFG:1017 - ------------------------------------------------------------
2026-06-11 09:45:36 [DEBUG] xCFG:1012 - 提取到的守护区块
2026-06-11 09:45:36 [DEBUG] xCFG:1013 - 🎯 提取谓词区域 (守护区块: 0x1258B0x582):
2026-06-11 09:45:36 [DEBUG] xCFG:1014 - 📌 业务约束逻辑: [Success/Failure Check on: External_Call]
2026-06-11 09:45:36 [DEBUG] xCFG:1015 - 📌 驱动此判断的数据源: CALL, CALLDATALOAD
2026-06-11 09:45:36 [DEBUG] xCFG:1016 - 📌 谓词复杂度: 25
2026-06-11 09:45:36 [DEBUG] xCFG:1017 - ------------------------------------------------------------
2026-06-11 09:45:36 [DEBUG] xCFG:1012 - 提取到的守护区块
2026-06-11 09:45:36 [DEBUG] xCFG:1013 - 🎯 提取谓词区域 (守护区块: 0x425):
2026-06-11 09:45:36 [DEBUG] xCFG:1014 - 📌 业务约束逻辑: [Existence/Non-Zero Check on: msg.value]
2026-06-11 09:45:36 [DEBUG] xCFG:1015 - 📌 驱动此判断的数据源: CALLVALUE
2026-06-11 09:45:36 [DEBUG] xCFG:1016 - 📌 谓词复杂度: 4
2026-06-11 09:45:36 [DEBUG] xCFG:1017 - ------------------------------------------------------------
2026-06-11 09:45:36 [DEBUG] xCFG:1012 - 提取到的守护区块
2026-06-11 09:45:36 [DEBUG] xCFG:1013 - 🎯 提取谓词区域 (守护区块: 0x2112):
2026-06-11 09:45:36 [DEBUG] xCFG:1014 - 📌 业务约束逻辑: [Existence/Non-Zero Check on: Storage[bool _initialize] + Storage[bool stor_0_0_0]]
2026-06-11 09:45:36 [DEBUG] xCFG:1015 - 📌 驱动此判断的数据源: SLOAD
2026-06-11 09:45:36 [DEBUG] xCFG:1016 - 📌 谓词复杂度: 19
2026-06-11 09:45:36 [DEBUG] xCFG:1017 - ------------------------------------------------------------
2026-06-11 09:45:36 [DEBUG] xCFG:1012 - 提取到的守护区块
2026-06-11 09:45:36 [DEBUG] xCFG:1013 - 🎯 提取谓词区域 (守护区块: 0x21920x233eB0x2159):
2026-06-11 09:45:36 [DEBUG] xCFG:1014 - 📌 业务约束逻辑: [Existence/Non-Zero Check on: Storage[bool _initialize]]
2026-06-11 09:45:36 [DEBUG] xCFG:1015 - 📌 驱动此判断的数据源: SLOAD
2026-06-11 09:45:36 [DEBUG] xCFG:1016 - 📌 谓词复杂度: 10
2026-06-11 09:45:36 [DEBUG] xCFG:1017 - ------------------------------------------------------------
2026-06-11 09:45:36 [DEBUG] xCFG:1012 - 提取到的守护区块
2026-06-11 09:45:36 [DEBUG] xCFG:1013 - 🎯 提取谓词区域 (守护区块: 0x1e04):
2026-06-11 09:45:36 [DEBUG] xCFG:1014 - 📌 业务约束逻辑: [Existence/Non-Zero Check on: Storage[mapping (uint256 => address) _resourceIDToHandlerAddress]]
2026-06-11 09:45:36 [DEBUG] xCFG:1015 - 📌 驱动此判断的数据源: SLOAD
2026-06-11 09:45:36 [DEBUG] xCFG:1016 - 📌 谓词复杂度: 21
2026-06-11 09:45:36 [DEBUG] xCFG:1017 - ------------------------------------------------------------
2026-06-11 09:45:36 [DEBUG] xCFG:1012 - 提取到的守护区块
2026-06-11 09:45:36 [DEBUG] xCFG:1013 - 🎯 提取谓词区域 (守护区块: 0x1d47):
2026-06-11 09:45:36 [DEBUG] xCFG:1014 - 📌 业务约束逻辑: [msg.value EQ Storage[uint128 _fee] + Args]
2026-06-11 09:45:36 [DEBUG] xCFG:1015 - 📌 驱动此判断的数据源: CALLVALUE, SLOAD, CALLDATALOAD
2026-06-11 09:45:36 [DEBUG] xCFG:1016 - 📌 谓词复杂度: 25
2026-06-11 09:45:36 [DEBUG] xCFG:1017 - ------------------------------------------------------------
2026-06-11 09:45:36 [DEBUG] xCFG:1012 - 提取到的守护区块
2026-06-11 09:45:36 [DEBUG] xCFG:1013 - 🎯 提取谓词区域 (守护区块: 0xcacB0x331):
2026-06-11 09:45:36 [DEBUG] xCFG:1014 - 📌 业务约束逻辑: [msg.sender EQ Args]
2026-06-11 09:45:36 [DEBUG] xCFG:1015 - 📌 驱动此判断的数据源: CALLER, CALLDATALOAD
2026-06-11 09:45:36 [DEBUG] xCFG:1016 - 📌 谓词复杂度: 20
2026-06-11 09:45:36 [DEBUG] xCFG:1017 - ------------------------------------------------------------
2026-06-11 09:45:36 [DEBUG] xCFG:1012 - 提取到的守护区块
2026-06-11 09:45:36 [DEBUG] xCFG:1013 - 🎯 提取谓词区域 (守护区块: 0x1969B0x64f):
2026-06-11 09:45:36 [DEBUG] xCFG:1014 - 📌 业务约束逻辑: [Existence/Non-Zero Check on: Storage[mapping (uint256 => address) _resourceIDToHandlerAddress]]
2026-06-11 09:45:36 [DEBUG] xCFG:1015 - 📌 驱动此判断的数据源: SLOAD
2026-06-11 09:45:36 [DEBUG] xCFG:1016 - 📌 谓词复杂度: 21
2026-06-11 09:45:36 [DEBUG] xCFG:1017 - ------------------------------------------------------------
2026-06-11 09:45:36 [DEBUG] xCFG:1012 - 提取到的守护区块
2026-06-11 09:45:36 [DEBUG] xCFG:1013 - 🎯 提取谓词区域 (守护区块: 0x1902B0x64f):
2026-06-11 09:45:36 [DEBUG] xCFG:1014 - 📌 业务约束逻辑: [Existence/Non-Zero Check on: Storage[mapping (uint256 => address) _resourceIDToHandlerAddress]]
2026-06-11 09:45:36 [DEBUG] xCFG:1015 - 📌 驱动此判断的数据源: SLOAD
2026-06-11 09:45:36 [DEBUG] xCFG:1016 - 📌 谓词复杂度: 21
2026-06-11 09:45:36 [DEBUG] xCFG:1017 - ------------------------------------------------------------
2026-06-11 09:45:36 [DEBUG] xCFG:1012 - 提取到的守护区块
2026-06-11 09:45:36 [DEBUG] xCFG:1013 - 🎯 提取谓词区域 (守护区块: 0x191cB0x64f):
2026-06-11 09:45:36 [DEBUG] xCFG:1014 - 📌 业务约束逻辑: [Success/Failure Check on: External_Call]
2026-06-11 09:45:36 [DEBUG] xCFG:1015 - 📌 驱动此判断的数据源: SLOAD, CALL, CALLDATALOAD
2026-06-11 09:45:36 [DEBUG] xCFG:1016 - 📌 谓词复杂度: 47
2026-06-11 09:45:36 [DEBUG] xCFG:1017 - ------------------------------------------------------------
2026-06-11 09:45:36 [DEBUG] xCFG:1012 - 提取到的守护区块
2026-06-11 09:45:36 [DEBUG] xCFG:1013 - 🎯 提取谓词区域 (守护区块: 0x1858B0x1795B0x60f):
2026-06-11 09:45:36 [DEBUG] xCFG:1014 - 📌 业务约束逻辑: [Storage[mapping (uint256 => address) _resourceIDToHandlerAddress] GT Computed_Value]
2026-06-11 09:45:36 [DEBUG] xCFG:1015 - 📌 驱动此判断的数据源: SLOAD
2026-06-11 09:45:36 [DEBUG] xCFG:1016 - 📌 谓词复杂度: 11
2026-06-11 09:45:36 [DEBUG] xCFG:1017 - ------------------------------------------------------------
2026-06-11 09:45:36 [INFO] xCFG:1023 - [+] 切片提取完毕！共输出 157 个宽松但有效的守护区块 (AUTH_BLOCKS)。
