2026-06-11 15:38:16 [INFO] __main__:156 - SmartGuard 启动
2026-06-11 15:38:16 [INFO] tac_analysis:25 - 开始分析合约状态存储
2026-06-11 15:38:16 [INFO] tac_analysis:216 - 🎯 合约存储分析完成！
2026-06-11 15:38:16 [INFO] tac_analysis:419 - 开始分析合约event
2026-06-11 15:38:16 [INFO] tac_analysis:441 - 🎯 合约 event 分析完成！
2026-06-11 15:38:16 [INFO] xCFG:21 - 开始构建全局控制流图
2026-06-11 15:38:16 [INFO] xCFG:112 - 🎯 合约全局控制流图构建完成！
2026-06-11 15:38:16 [INFO] xCFG:117 - 针对跨链event，开始构建函数级调用图
2026-06-11 15:38:16 [INFO] xCFG:148 - 🎯 函数级调用图构建完成！
2026-06-11 15:38:16 [INFO] xCFG:2293 - 开始构建授权检查块
2026-06-11 15:38:16 [INFO] xCFG:157 - 开始构建数据流依赖图
2026-06-11 15:38:16 [INFO] xCFG:171 - 🎯 数据流依赖图构建完成！
2026-06-11 15:38:16 [INFO] xCFG:936 - 开始基于JUMPI语句进行守护区块提取
2026-06-11 15:38:16 [INFO] xCFG:945 - 关键数据源：CALLER, ORIGIN, CALLVALUE, SLOAD, CALLDATALOAD, CALLDATACOPY, CALL, STATICCALL
2026-06-11 15:38:16 [INFO] xCFG:958 - [*] 发现 107 个受关键数据影响的条件跳转 (JUMPI)。
2026-06-11 15:38:16 [INFO] xCFG:961 - 开始进行向后切片 (Backward Slicing) 提取谓词区域...
2026-06-11 15:38:16 [DEBUG] xCFG:1012 - 提取到的守护区块
2026-06-11 15:38:16 [DEBUG] xCFG:1013 - 🎯 提取谓词区域 (守护区块: 0x9060x884):
2026-06-11 15:38:16 [DEBUG] xCFG:1014 - 📌 业务约束逻辑: [Success/Failure Check on: External_Call]
2026-06-11 15:38:16 [DEBUG] xCFG:1015 - 📌 驱动此判断的数据源: CALL
2026-06-11 15:38:16 [DEBUG] xCFG:1016 - 📌 谓词复杂度: 21
2026-06-11 15:38:16 [DEBUG] xCFG:1017 - ------------------------------------------------------------
2026-06-11 15:38:16 [DEBUG] xCFG:1012 - 提取到的守护区块
2026-06-11 15:38:16 [DEBUG] xCFG:1013 - 🎯 提取谓词区域 (守护区块: 0x12e):
2026-06-11 15:38:16 [DEBUG] xCFG:1014 - 📌 业务约束逻辑: [Existence/Non-Zero Check on: msg.value]
2026-06-11 15:38:16 [DEBUG] xCFG:1015 - 📌 驱动此判断的数据源: CALLVALUE
2026-06-11 15:38:16 [DEBUG] xCFG:1016 - 📌 谓词复杂度: 4
2026-06-11 15:38:16 [DEBUG] xCFG:1017 - ------------------------------------------------------------
2026-06-11 15:38:16 [DEBUG] xCFG:1012 - 提取到的守护区块
2026-06-11 15:38:16 [DEBUG] xCFG:1013 - 🎯 提取谓词区域 (守护区块: 0x606B0x116):
2026-06-11 15:38:16 [DEBUG] xCFG:1014 - 📌 业务约束逻辑: [Memory_Variable/Array_Length LT Computed_Value]
2026-06-11 15:38:16 [DEBUG] xCFG:1015 - 📌 驱动此判断的数据源: CALLPRIVATE
2026-06-11 15:38:16 [DEBUG] xCFG:1016 - 📌 谓词复杂度: 12
2026-06-11 15:38:16 [DEBUG] xCFG:1017 - ------------------------------------------------------------
2026-06-11 15:38:16 [DEBUG] xCFG:1012 - 提取到的守护区块
2026-06-11 15:38:16 [DEBUG] xCFG:1013 - 🎯 提取谓词区域 (守护区块: 0x253):
2026-06-11 15:38:16 [DEBUG] xCFG:1014 - 📌 业务约束逻辑: [Args EQ Storage[None]]
2026-06-11 15:38:16 [DEBUG] xCFG:1015 - 📌 驱动此判断的数据源: SLOAD, CALLDATALOAD
2026-06-11 15:38:16 [DEBUG] xCFG:1016 - 📌 谓词复杂度: 17
2026-06-11 15:38:16 [DEBUG] xCFG:1017 - ------------------------------------------------------------
2026-06-11 15:38:16 [DEBUG] xCFG:1012 - 提取到的守护区块
2026-06-11 15:38:16 [DEBUG] xCFG:1013 - 🎯 提取谓词区域 (守护区块: 0x2ee):
2026-06-11 15:38:16 [DEBUG] xCFG:1014 - 📌 业务约束逻辑: [Existence/Non-Zero Check on: Storage[None]]
2026-06-11 15:38:16 [DEBUG] xCFG:1015 - 📌 驱动此判断的数据源: SLOAD
2026-06-11 15:38:16 [DEBUG] xCFG:1016 - 📌 谓词复杂度: 13
2026-06-11 15:38:16 [DEBUG] xCFG:1017 - ------------------------------------------------------------
2026-06-11 15:38:16 [DEBUG] xCFG:1012 - 提取到的守护区块
2026-06-11 15:38:16 [DEBUG] xCFG:1013 - 🎯 提取谓词区域 (守护区块: 0x98b0x884):
2026-06-11 15:38:16 [DEBUG] xCFG:1014 - 📌 业务约束逻辑: [Success/Failure Check on: External_Call]
2026-06-11 15:38:16 [DEBUG] xCFG:1015 - 📌 驱动此判断的数据源: CALL
2026-06-11 15:38:16 [DEBUG] xCFG:1016 - 📌 谓词复杂度: 32
2026-06-11 15:38:16 [DEBUG] xCFG:1017 - ------------------------------------------------------------
2026-06-11 15:38:16 [DEBUG] xCFG:1012 - 提取到的守护区块
2026-06-11 15:38:16 [DEBUG] xCFG:1013 - 🎯 提取谓词区域 (守护区块: 0x4e2B0x103):
2026-06-11 15:38:16 [DEBUG] xCFG:1014 - 📌 业务约束逻辑: [Memory_Variable/Array_Length LT Computed_Value]
2026-06-11 15:38:16 [DEBUG] xCFG:1015 - 📌 驱动此判断的数据源: CALLPRIVATE
2026-06-11 15:38:16 [DEBUG] xCFG:1016 - 📌 谓词复杂度: 12
2026-06-11 15:38:16 [DEBUG] xCFG:1017 - ------------------------------------------------------------
2026-06-11 15:38:16 [DEBUG] xCFG:1012 - 提取到的守护区块
2026-06-11 15:38:16 [DEBUG] xCFG:1013 - 🎯 提取谓词区域 (守护区块: 0x98b0x3f2B0x103):
2026-06-11 15:38:16 [DEBUG] xCFG:1014 - 📌 业务约束逻辑: [Success/Failure Check on: External_Call]
2026-06-11 15:38:16 [DEBUG] xCFG:1015 - 📌 驱动此判断的数据源: CALLDATALOAD, CALL
2026-06-11 15:38:16 [DEBUG] xCFG:1016 - 📌 谓词复杂度: 36
2026-06-11 15:38:16 [DEBUG] xCFG:1017 - ------------------------------------------------------------
2026-06-11 15:38:16 [DEBUG] xCFG:1012 - 提取到的守护区块
2026-06-11 15:38:16 [DEBUG] xCFG:1013 - 🎯 提取谓词区域 (守护区块: 0x26a):
2026-06-11 15:38:16 [DEBUG] xCFG:1014 - 📌 业务约束逻辑: [Existence/Non-Zero Check on: Storage[None]]
2026-06-11 15:38:16 [DEBUG] xCFG:1015 - 📌 驱动此判断的数据源: SLOAD
2026-06-11 15:38:16 [DEBUG] xCFG:1016 - 📌 谓词复杂度: 13
2026-06-11 15:38:16 [DEBUG] xCFG:1017 - ------------------------------------------------------------
2026-06-11 15:38:16 [DEBUG] xCFG:1012 - 提取到的守护区块
2026-06-11 15:38:16 [DEBUG] xCFG:1013 - 🎯 提取谓词区域 (守护区块: 0x632B0x116):
2026-06-11 15:38:16 [DEBUG] xCFG:1014 - 📌 业务约束逻辑: [Memory_Variable/Array_Length LT Computed_Value]
2026-06-11 15:38:16 [DEBUG] xCFG:1015 - 📌 驱动此判断的数据源: CALLPRIVATE
2026-06-11 15:38:16 [DEBUG] xCFG:1016 - 📌 谓词复杂度: 12
2026-06-11 15:38:16 [DEBUG] xCFG:1017 - ------------------------------------------------------------
2026-06-11 15:38:16 [DEBUG] xCFG:1012 - 提取到的守护区块
2026-06-11 15:38:16 [DEBUG] xCFG:1013 - 🎯 提取谓词区域 (守护区块: 0x9ee):
2026-06-11 15:38:16 [DEBUG] xCFG:1014 - 📌 业务约束逻辑: [Success/Failure Check on: External_Call]
2026-06-11 15:38:16 [DEBUG] xCFG:1015 - 📌 驱动此判断的数据源: STATICCALL
2026-06-11 15:38:16 [DEBUG] xCFG:1016 - 📌 谓词复杂度: 20
2026-06-11 15:38:16 [DEBUG] xCFG:1017 - ------------------------------------------------------------
2026-06-11 15:38:16 [DEBUG] xCFG:1012 - 提取到的守护区块
2026-06-11 15:38:16 [DEBUG] xCFG:1013 - 🎯 提取谓词区域 (守护区块: 0x506B0x103):
2026-06-11 15:38:16 [DEBUG] xCFG:1014 - 📌 业务约束逻辑: [Memory_Variable/Array_Length LT Computed_Value]
2026-06-11 15:38:16 [DEBUG] xCFG:1015 - 📌 驱动此判断的数据源: CALLPRIVATE
2026-06-11 15:38:16 [DEBUG] xCFG:1016 - 📌 谓词复杂度: 12
2026-06-11 15:38:16 [DEBUG] xCFG:1017 - ------------------------------------------------------------
2026-06-11 15:38:16 [DEBUG] xCFG:1012 - 提取到的守护区块
2026-06-11 15:38:16 [DEBUG] xCFG:1013 - 🎯 提取谓词区域 (守护区块: 0x6830x5afB0x116):
2026-06-11 15:38:16 [DEBUG] xCFG:1014 - 📌 业务约束逻辑: [Boolean Check on: Memory_Variable/Array_Length]
2026-06-11 15:38:16 [DEBUG] xCFG:1015 - 📌 驱动此判断的数据源: CALLPRIVATE
2026-06-11 15:38:16 [DEBUG] xCFG:1016 - 📌 谓词复杂度: 25
2026-06-11 15:38:16 [DEBUG] xCFG:1017 - ------------------------------------------------------------
2026-06-11 15:38:16 [DEBUG] xCFG:1012 - 提取到的守护区块
2026-06-11 15:38:16 [DEBUG] xCFG:1013 - 🎯 提取谓词区域 (守护区块: 0x410B0x103):
2026-06-11 15:38:16 [DEBUG] xCFG:1014 - 📌 业务约束逻辑: [Memory_Variable/Array_Length LT Computed_Value]
2026-06-11 15:38:16 [DEBUG] xCFG:1015 - 📌 驱动此判断的数据源: CALLPRIVATE
2026-06-11 15:38:16 [DEBUG] xCFG:1016 - 📌 谓词复杂度: 12
2026-06-11 15:38:16 [DEBUG] xCFG:1017 - ------------------------------------------------------------
2026-06-11 15:38:16 [DEBUG] xCFG:1012 - 提取到的守护区块
2026-06-11 15:38:16 [DEBUG] xCFG:1013 - 🎯 提取谓词区域 (守护区块: 0xc0):
2026-06-11 15:38:16 [DEBUG] xCFG:1014 - 📌 业务约束逻辑: [Existence/Non-Zero Check on: msg.value]
2026-06-11 15:38:16 [DEBUG] xCFG:1015 - 📌 驱动此判断的数据源: CALLVALUE
2026-06-11 15:38:16 [DEBUG] xCFG:1016 - 📌 谓词复杂度: 4
2026-06-11 15:38:16 [DEBUG] xCFG:1017 - ------------------------------------------------------------
2026-06-11 15:38:16 [DEBUG] xCFG:1012 - 提取到的守护区块
2026-06-11 15:38:16 [DEBUG] xCFG:1013 - 🎯 提取谓词区域 (守护区块: 0x1161B0xfa3B0x101eB0x7c40x5afB0x116):
2026-06-11 15:38:16 [DEBUG] xCFG:1014 - 📌 业务约束逻辑: [Memory_Variable/Array_Length LT Computed_Value]
2026-06-11 15:38:16 [DEBUG] xCFG:1015 - 📌 驱动此判断的数据源: CALLPRIVATE
2026-06-11 15:38:16 [DEBUG] xCFG:1016 - 📌 谓词复杂度: 24
2026-06-11 15:38:16 [DEBUG] xCFG:1017 - ------------------------------------------------------------
2026-06-11 15:38:16 [DEBUG] xCFG:1012 - 提取到的守护区块
2026-06-11 15:38:16 [DEBUG] xCFG:1013 - 🎯 提取谓词区域 (守护区块: 0x406B0x103):
2026-06-11 15:38:16 [DEBUG] xCFG:1014 - 📌 业务约束逻辑: [Memory_Variable/Array_Length LT Computed_Value]
2026-06-11 15:38:16 [DEBUG] xCFG:1015 - 📌 驱动此判断的数据源: CALLPRIVATE
2026-06-11 15:38:16 [DEBUG] xCFG:1016 - 📌 谓词复杂度: 13
2026-06-11 15:38:16 [DEBUG] xCFG:1017 - ------------------------------------------------------------
2026-06-11 15:38:16 [DEBUG] xCFG:1012 - 提取到的守护区块
2026-06-11 15:38:16 [DEBUG] xCFG:1013 - 🎯 提取谓词区域 (守护区块: 0x2b6):
2026-06-11 15:38:16 [DEBUG] xCFG:1014 - 📌 业务约束逻辑: [Success/Failure Check on: External_Call]
2026-06-11 15:38:16 [DEBUG] xCFG:1015 - 📌 驱动此判断的数据源: SLOAD, CALL
2026-06-11 15:38:16 [DEBUG] xCFG:1016 - 📌 谓词复杂度: 23
2026-06-11 15:38:16 [DEBUG] xCFG:1017 - ------------------------------------------------------------
2026-06-11 15:38:16 [DEBUG] xCFG:1012 - 提取到的守护区块
2026-06-11 15:38:16 [DEBUG] xCFG:1013 - 🎯 提取谓词区域 (守护区块: 0x9060x3f2B0x103):
2026-06-11 15:38:16 [DEBUG] xCFG:1014 - 📌 业务约束逻辑: [Success/Failure Check on: External_Call]
2026-06-11 15:38:16 [DEBUG] xCFG:1015 - 📌 驱动此判断的数据源: CALLPRIVATE, CALL
2026-06-11 15:38:16 [DEBUG] xCFG:1016 - 📌 谓词复杂度: 38
2026-06-11 15:38:16 [DEBUG] xCFG:1017 - ------------------------------------------------------------
2026-06-11 15:38:16 [DEBUG] xCFG:1012 - 提取到的守护区块
2026-06-11 15:38:16 [DEBUG] xCFG:1013 - 🎯 提取谓词区域 (守护区块: 0x1179B0xfa3B0x101eB0x7c40x5afB0x116):
2026-06-11 15:38:16 [DEBUG] xCFG:1014 - 📌 业务约束逻辑: [Memory_Variable/Array_Length GT Computed_Value]
2026-06-11 15:38:16 [DEBUG] xCFG:1015 - 📌 驱动此判断的数据源: CALLPRIVATE
2026-06-11 15:38:16 [DEBUG] xCFG:1016 - 📌 谓词复杂度: 24
2026-06-11 15:38:16 [DEBUG] xCFG:1017 - ------------------------------------------------------------
2026-06-11 15:38:16 [DEBUG] xCFG:1012 - 提取到的守护区块
2026-06-11 15:38:16 [DEBUG] xCFG:1013 - 🎯 提取谓词区域 (守护区块: 0x5b2B0x116):
2026-06-11 15:38:16 [DEBUG] xCFG:1014 - 📌 业务约束逻辑: [Memory_Variable/Array_Length LT Computed_Value]
2026-06-11 15:38:16 [DEBUG] xCFG:1015 - 📌 驱动此判断的数据源: CALLPRIVATE
2026-06-11 15:38:16 [DEBUG] xCFG:1016 - 📌 谓词复杂度: 13
2026-06-11 15:38:16 [DEBUG] xCFG:1017 - ------------------------------------------------------------
2026-06-11 15:38:16 [DEBUG] xCFG:1012 - 提取到的守护区块
2026-06-11 15:38:16 [DEBUG] xCFG:1013 - 🎯 提取谓词区域 (守护区块: 0x8b70x3f2B0x103):
2026-06-11 15:38:16 [DEBUG] xCFG:1014 - 📌 业务约束逻辑: [Boolean Check on: Memory_Variable/Array_Length]
2026-06-11 15:38:16 [DEBUG] xCFG:1015 - 📌 驱动此判断的数据源: CALLPRIVATE
2026-06-11 15:38:16 [DEBUG] xCFG:1016 - 📌 谓词复杂度: 28
2026-06-11 15:38:16 [DEBUG] xCFG:1017 - ------------------------------------------------------------
2026-06-11 15:38:16 [DEBUG] xCFG:1012 - 提取到的守护区块
2026-06-11 15:38:16 [DEBUG] xCFG:1013 - 🎯 提取谓词区域 (守护区块: 0x5bcB0x116):
2026-06-11 15:38:16 [DEBUG] xCFG:1014 - 📌 业务约束逻辑: [Memory_Variable/Array_Length LT Computed_Value]
2026-06-11 15:38:16 [DEBUG] xCFG:1015 - 📌 驱动此判断的数据源: CALLPRIVATE
2026-06-11 15:38:16 [DEBUG] xCFG:1016 - 📌 谓词复杂度: 12
2026-06-11 15:38:16 [DEBUG] xCFG:1017 - ------------------------------------------------------------
2026-06-11 15:38:16 [DEBUG] xCFG:1012 - 提取到的守护区块
2026-06-11 15:38:16 [DEBUG] xCFG:1013 - 🎯 提取谓词区域 (守护区块: 0x75):
2026-06-11 15:38:16 [DEBUG] xCFG:1014 - 📌 业务约束逻辑: [Existence/Non-Zero Check on: msg.value]
2026-06-11 15:38:16 [DEBUG] xCFG:1015 - 📌 驱动此判断的数据源: CALLVALUE
2026-06-11 15:38:16 [DEBUG] xCFG:1016 - 📌 谓词复杂度: 4
2026-06-11 15:38:16 [DEBUG] xCFG:1017 - ------------------------------------------------------------
2026-06-11 15:38:16 [DEBUG] xCFG:1012 - 提取到的守护区块
2026-06-11 15:38:16 [DEBUG] xCFG:1013 - 🎯 提取谓词区域 (守护区块: 0x335):
2026-06-11 15:38:16 [DEBUG] xCFG:1014 - 📌 业务约束逻辑: [Success/Failure Check on: External_Call]
2026-06-11 15:38:16 [DEBUG] xCFG:1015 - 📌 驱动此判断的数据源: SLOAD, CALL
2026-06-11 15:38:16 [DEBUG] xCFG:1016 - 📌 谓词复杂度: 23
2026-06-11 15:38:16 [DEBUG] xCFG:1017 - ------------------------------------------------------------
2026-06-11 15:38:16 [DEBUG] xCFG:1012 - 提取到的守护区块
2026-06-11 15:38:16 [DEBUG] xCFG:1013 - 🎯 提取谓词区域 (守护区块: 0x5deB0x116):
2026-06-11 15:38:16 [DEBUG] xCFG:1014 - 📌 业务约束逻辑: [Memory_Variable/Array_Length LT Computed_Value]
2026-06-11 15:38:16 [DEBUG] xCFG:1015 - 📌 驱动此判断的数据源: CALLPRIVATE
2026-06-11 15:38:16 [DEBUG] xCFG:1016 - 📌 谓词复杂度: 12
2026-06-11 15:38:16 [DEBUG] xCFG:1017 - ------------------------------------------------------------
2026-06-11 15:38:16 [DEBUG] xCFG:1012 - 提取到的守护区块
2026-06-11 15:38:16 [DEBUG] xCFG:1013 - 🎯 提取谓词区域 (守护区块: 0x4d8B0x103):
2026-06-11 15:38:16 [DEBUG] xCFG:1014 - 📌 业务约束逻辑: [Memory_Variable/Array_Length LT Computed_Value]
2026-06-11 15:38:16 [DEBUG] xCFG:1015 - 📌 驱动此判断的数据源: CALLPRIVATE
2026-06-11 15:38:16 [DEBUG] xCFG:1016 - 📌 谓词复杂度: 13
2026-06-11 15:38:16 [DEBUG] xCFG:1017 - ------------------------------------------------------------
2026-06-11 15:38:16 [DEBUG] xCFG:1012 - 提取到的守护区块
2026-06-11 15:38:16 [DEBUG] xCFG:1013 - 🎯 提取谓词区域 (守护区块: 0x433B0x103):
2026-06-11 15:38:16 [DEBUG] xCFG:1014 - 📌 业务约束逻辑: [Memory_Variable/Array_Length LT Computed_Value]
2026-06-11 15:38:16 [DEBUG] xCFG:1015 - 📌 驱动此判断的数据源: CALLPRIVATE
2026-06-11 15:38:16 [DEBUG] xCFG:1016 - 📌 谓词复杂度: 12
2026-06-11 15:38:16 [DEBUG] xCFG:1017 - ------------------------------------------------------------
2026-06-11 15:38:16 [DEBUG] xCFG:1012 - 提取到的守护区块
2026-06-11 15:38:16 [DEBUG] xCFG:1013 - 🎯 提取谓词区域 (守护区块: 0xaf4):
2026-06-11 15:38:16 [DEBUG] xCFG:1014 - 📌 业务约束逻辑: [Success/Failure Check on: External_Call + Memory_Variable/Array_Length]
2026-06-11 15:38:16 [DEBUG] xCFG:1015 - 📌 驱动此判断的数据源: CALL
2026-06-11 15:38:16 [DEBUG] xCFG:1016 - 📌 谓词复杂度: 31
2026-06-11 15:38:16 [DEBUG] xCFG:1017 - ------------------------------------------------------------
2026-06-11 15:38:16 [DEBUG] xCFG:1012 - 提取到的守护区块
2026-06-11 15:38:16 [DEBUG] xCFG:1013 - 🎯 提取谓词区域 (守护区块: 0xaca):
2026-06-11 15:38:16 [DEBUG] xCFG:1014 - 📌 业务约束逻辑: [Success/Failure Check on: External_Call]
2026-06-11 15:38:16 [DEBUG] xCFG:1015 - 📌 驱动此判断的数据源: CALL
2026-06-11 15:38:16 [DEBUG] xCFG:1016 - 📌 谓词复杂度: 21
2026-06-11 15:38:16 [DEBUG] xCFG:1017 - ------------------------------------------------------------
2026-06-11 15:38:16 [DEBUG] xCFG:1012 - 提取到的守护区块
2026-06-11 15:38:16 [DEBUG] xCFG:1013 - 🎯 提取谓词区域 (守护区块: 0xb3e):
2026-06-11 15:38:16 [DEBUG] xCFG:1014 - 📌 业务约束逻辑: [Success/Failure Check on: External_Call]
2026-06-11 15:38:16 [DEBUG] xCFG:1015 - 📌 驱动此判断的数据源: STATICCALL
2026-06-11 15:38:16 [DEBUG] xCFG:1016 - 📌 谓词复杂度: 20
2026-06-11 15:38:16 [DEBUG] xCFG:1017 - ------------------------------------------------------------
2026-06-11 15:38:16 [INFO] xCFG:1023 - [+] 切片提取完毕！共输出 31 个宽松但有效的守护区块 (AUTH_BLOCKS)。
2026-06-11 15:38:17 [INFO] xCFG:2343 - 授权检查块构建完成
2026-06-11 15:38:17 [INFO] __main__:132 - 开始进行访问控制缺陷分析
2026-06-11 15:38:42 [INFO] __main__:136 - 访问控制缺陷分析完成,结果存储于C:\Users\75157\PycharmProjects\SmartGuard\contracts\0x2a705327d093322bfAD691dD992bE1332A9fd47b\output_debug\semantic_analysis.txt
2026-06-11 15:38:42 [INFO] __main__:138 - 开始进行不一致的语义检测
2026-06-11 15:38:42 [INFO] __main__:141 - 不一致的语义检测完成,结果存储于C:\Users\75157\PycharmProjects\SmartGuard\contracts\0x2a705327d093322bfAD691dD992bE1332A9fd47b\output_debug\ISV_analysis.txt
