2026-06-08 17:07:44 [INFO] __main__:147 - SmartGuard 启动
2026-06-08 17:07:45 [INFO] tac_analysis:25 - 开始分析合约状态存储
2026-06-08 17:07:45 [INFO] tac_analysis:216 - 🎯 合约存储分析完成！
2026-06-08 17:07:45 [INFO] tac_analysis:221 - 开始分析公共函数调用
2026-06-08 17:07:46 [INFO] tac_analysis:325 - 🎯 Caller & Calldata 分析完成！
2026-06-08 17:07:46 [INFO] tac_analysis:330 - 开始分析Public Function Args
2026-06-08 17:07:46 [INFO] tac_analysis:364 - 🎯 Public Function Args 分析完成！
2026-06-08 17:07:46 [INFO] tac_analysis:369 - 开始分析Private Function Args
2026-06-08 17:07:46 [INFO] tac_analysis:413 - 🎯 Private Function Args 分析完成！
2026-06-08 17:07:46 [INFO] tac_analysis:419 - 开始分析合约event
2026-06-08 17:07:46 [INFO] tac_analysis:441 - 🎯 合约 event 分析完成！
2026-06-08 17:07:46 [INFO] xCFG:20 - 开始构建全局控制流图
2026-06-08 17:07:46 [INFO] xCFG:111 - 🎯 合约全局控制流图构建完成！
2026-06-08 17:07:46 [INFO] xCFG:116 - 针对跨链event，开始构建函数级调用图
2026-06-08 17:07:46 [INFO] xCFG:147 - 🎯 函数级调用图构建完成！
2026-06-08 17:07:46 [INFO] xCFG:1790 - 开始构建授权检查块
2026-06-08 17:07:46 [INFO] xCFG:156 - 开始构建数据流依赖图
2026-06-08 17:07:46 [INFO] xCFG:170 - 🎯 数据流依赖图构建完成！
2026-06-08 17:07:46 [INFO] xCFG:934 - 开始基于JUMPI语句进行守护区块提取
2026-06-08 17:07:46 [INFO] xCFG:942 - 关键数据源：CALLER, ORIGIN, CALLVALUE, SLOAD, CALLDATALOAD, CALLDATACOPY, CALL, STATICCALL
2026-06-08 17:07:46 [INFO] xCFG:955 - [*] 发现 150 个受关键数据影响的条件跳转 (JUMPI)。
2026-06-08 17:07:46 [INFO] xCFG:958 - 开始进行向后切片 (Backward Slicing) 提取谓词区域...
2026-06-08 17:07:46 [DEBUG] xCFG:1009 - 提取到的守护区块
2026-06-08 17:07:46 [DEBUG] xCFG:1010 - 🎯 提取谓词区域 (守护区块: 0x235):
2026-06-08 17:07:46 [DEBUG] xCFG:1011 - 📌 业务约束逻辑: [Existence/Non-Zero Check on: msg.value]
2026-06-08 17:07:46 [DEBUG] xCFG:1012 - 📌 驱动此判断的数据源: CALLVALUE
2026-06-08 17:07:46 [DEBUG] xCFG:1013 - 📌 谓词复杂度: 4
2026-06-08 17:07:46 [DEBUG] xCFG:1014 - ------------------------------------------------------------
2026-06-08 17:07:46 [DEBUG] xCFG:1009 - 提取到的守护区块
2026-06-08 17:07:46 [DEBUG] xCFG:1010 - 🎯 提取谓词区域 (守护区块: 0x50b):
2026-06-08 17:07:46 [DEBUG] xCFG:1011 - 📌 业务约束逻辑: [Existence/Non-Zero Check on: msg.value]
2026-06-08 17:07:46 [DEBUG] xCFG:1012 - 📌 驱动此判断的数据源: CALLVALUE
2026-06-08 17:07:46 [DEBUG] xCFG:1013 - 📌 谓词复杂度: 4
2026-06-08 17:07:46 [DEBUG] xCFG:1014 - ------------------------------------------------------------
2026-06-08 17:07:46 [DEBUG] xCFG:1009 - 提取到的守护区块
2026-06-08 17:07:46 [DEBUG] xCFG:1010 - 🎯 提取谓词区域 (守护区块: 0x2f6):
2026-06-08 17:07:46 [DEBUG] xCFG:1011 - 📌 业务约束逻辑: [Existence/Non-Zero Check on: msg.value]
2026-06-08 17:07:46 [DEBUG] xCFG:1012 - 📌 驱动此判断的数据源: CALLVALUE
2026-06-08 17:07:46 [DEBUG] xCFG:1013 - 📌 谓词复杂度: 4
2026-06-08 17:07:46 [DEBUG] xCFG:1014 - ------------------------------------------------------------
2026-06-08 17:07:46 [DEBUG] xCFG:1009 - 提取到的守护区块
2026-06-08 17:07:46 [DEBUG] xCFG:1010 - 🎯 提取谓词区域 (守护区块: 0x1f33B0x1d32B0x1a19):
2026-06-08 17:07:46 [DEBUG] xCFG:1011 - 📌 业务约束逻辑: [Success/Failure Check on: External_Call]
2026-06-08 17:07:46 [DEBUG] xCFG:1012 - 📌 驱动此判断的数据源: CALL, SLOAD
2026-06-08 17:07:46 [DEBUG] xCFG:1013 - 📌 谓词复杂度: 27
2026-06-08 17:07:46 [DEBUG] xCFG:1014 - ------------------------------------------------------------
2026-06-08 17:07:46 [DEBUG] xCFG:1009 - 提取到的守护区块
2026-06-08 17:07:46 [DEBUG] xCFG:1010 - 🎯 提取谓词区域 (守护区块: 0x17f7):
2026-06-08 17:07:46 [DEBUG] xCFG:1011 - 📌 业务约束逻辑: [msg.value LT Memory_Variable/Array_Length]
2026-06-08 17:07:46 [DEBUG] xCFG:1012 - 📌 驱动此判断的数据源: CALLVALUE
2026-06-08 17:07:46 [DEBUG] xCFG:1013 - 📌 谓词复杂度: 10
2026-06-08 17:07:46 [DEBUG] xCFG:1014 - ------------------------------------------------------------
2026-06-08 17:07:46 [DEBUG] xCFG:1009 - 提取到的守护区块
2026-06-08 17:07:46 [DEBUG] xCFG:1010 - 🎯 提取谓词区域 (守护区块: 0x48c):
2026-06-08 17:07:46 [DEBUG] xCFG:1011 - 📌 业务约束逻辑: [Existence/Non-Zero Check on: msg.value]
2026-06-08 17:07:46 [DEBUG] xCFG:1012 - 📌 驱动此判断的数据源: CALLVALUE
2026-06-08 17:07:46 [DEBUG] xCFG:1013 - 📌 谓词复杂度: 4
2026-06-08 17:07:46 [DEBUG] xCFG:1014 - ------------------------------------------------------------
2026-06-08 17:07:46 [DEBUG] xCFG:1009 - 提取到的守护区块
2026-06-08 17:07:46 [DEBUG] xCFG:1010 - 🎯 提取谓词区域 (守护区块: 0x930B0x2ef):
2026-06-08 17:07:46 [DEBUG] xCFG:1011 - 📌 业务约束逻辑: [Existence/Non-Zero Check on: Storage[bool ___TokenMapped_init]]
2026-06-08 17:07:46 [DEBUG] xCFG:1012 - 📌 驱动此判断的数据源: SLOAD
2026-06-08 17:07:46 [DEBUG] xCFG:1013 - 📌 谓词复杂度: 12
2026-06-08 17:07:46 [DEBUG] xCFG:1014 - ------------------------------------------------------------
2026-06-08 17:07:46 [DEBUG] xCFG:1009 - 提取到的守护区块
2026-06-08 17:07:46 [DEBUG] xCFG:1010 - 🎯 提取谓词区域 (守护区块: 0x1348):
2026-06-08 17:07:46 [DEBUG] xCFG:1011 - 📌 业务约束逻辑: [Existence/Non-Zero Check on: Storage[bool ___TokenMapped_init]]
2026-06-08 17:07:46 [DEBUG] xCFG:1012 - 📌 驱动此判断的数据源: SLOAD
2026-06-08 17:07:46 [DEBUG] xCFG:1013 - 📌 谓词复杂度: 10
2026-06-08 17:07:46 [DEBUG] xCFG:1014 - ------------------------------------------------------------
2026-06-08 17:07:46 [DEBUG] xCFG:1009 - 提取到的守护区块
2026-06-08 17:07:46 [DEBUG] xCFG:1010 - 🎯 提取谓词区域 (守护区块: 0x433):
2026-06-08 17:07:46 [DEBUG] xCFG:1011 - 📌 业务约束逻辑: [Existence/Non-Zero Check on: msg.value]
2026-06-08 17:07:46 [DEBUG] xCFG:1012 - 📌 驱动此判断的数据源: CALLVALUE
2026-06-08 17:07:46 [DEBUG] xCFG:1013 - 📌 谓词复杂度: 4
2026-06-08 17:07:46 [DEBUG] xCFG:1014 - ------------------------------------------------------------
2026-06-08 17:07:46 [DEBUG] xCFG:1009 - 提取到的守护区块
2026-06-08 17:07:46 [DEBUG] xCFG:1010 - 🎯 提取谓词区域 (守护区块: 0xe6a):
2026-06-08 17:07:46 [DEBUG] xCFG:1011 - 📌 业务约束逻辑: [Existence/Non-Zero Check on: Storage[address _factory]]
2026-06-08 17:07:46 [DEBUG] xCFG:1012 - 📌 驱动此判断的数据源: SLOAD
2026-06-08 17:07:46 [DEBUG] xCFG:1013 - 📌 谓词复杂度: 15
2026-06-08 17:07:46 [DEBUG] xCFG:1014 - ------------------------------------------------------------
2026-06-08 17:07:46 [DEBUG] xCFG:1009 - 提取到的守护区块
2026-06-08 17:07:46 [DEBUG] xCFG:1010 - 🎯 提取谓词区域 (守护区块: 0x1567):
2026-06-08 17:07:46 [DEBUG] xCFG:1011 - 📌 业务约束逻辑: [Success/Failure Check on: External_Call]
2026-06-08 17:07:46 [DEBUG] xCFG:1012 - 📌 驱动此判断的数据源: STATICCALL, SLOAD
2026-06-08 17:07:46 [DEBUG] xCFG:1013 - 📌 谓词复杂度: 24
2026-06-08 17:07:46 [DEBUG] xCFG:1014 - ------------------------------------------------------------
2026-06-08 17:07:46 [DEBUG] xCFG:1009 - 提取到的守护区块
2026-06-08 17:07:46 [DEBUG] xCFG:1010 - 🎯 提取谓词区域 (守护区块: 0x39b):
2026-06-08 17:07:46 [DEBUG] xCFG:1011 - 📌 业务约束逻辑: [Existence/Non-Zero Check on: msg.value]
2026-06-08 17:07:46 [DEBUG] xCFG:1012 - 📌 驱动此判断的数据源: CALLVALUE
2026-06-08 17:07:46 [DEBUG] xCFG:1013 - 📌 谓词复杂度: 4
2026-06-08 17:07:46 [DEBUG] xCFG:1014 - ------------------------------------------------------------
2026-06-08 17:07:46 [DEBUG] xCFG:1009 - 提取到的守护区块
2026-06-08 17:07:46 [DEBUG] xCFG:1010 - 🎯 提取谓词区域 (守护区块: 0x1cd):
2026-06-08 17:07:46 [DEBUG] xCFG:1011 - 📌 业务约束逻辑: [Existence/Non-Zero Check on: msg.value]
2026-06-08 17:07:46 [DEBUG] xCFG:1012 - 📌 驱动此判断的数据源: CALLVALUE
2026-06-08 17:07:46 [DEBUG] xCFG:1013 - 📌 谓词复杂度: 4
2026-06-08 17:07:46 [DEBUG] xCFG:1014 - ------------------------------------------------------------
2026-06-08 17:07:46 [DEBUG] xCFG:1009 - 提取到的守护区块
2026-06-08 17:07:46 [DEBUG] xCFG:1010 - 🎯 提取谓词区域 (守护区块: 0x95f0xc45B0x455):
2026-06-08 17:07:46 [DEBUG] xCFG:1011 - 📌 业务约束逻辑: [msg.sender EQ Storage[address _factory]]
2026-06-08 17:07:46 [DEBUG] xCFG:1012 - 📌 驱动此判断的数据源: CALLER, SLOAD
2026-06-08 17:07:46 [DEBUG] xCFG:1013 - 📌 谓词复杂度: 16
2026-06-08 17:07:46 [DEBUG] xCFG:1014 - ------------------------------------------------------------
2026-06-08 17:07:46 [DEBUG] xCFG:1009 - 提取到的守护区块
2026-06-08 17:07:46 [DEBUG] xCFG:1010 - 🎯 提取谓词区域 (守护区块: 0xa830x5b7B0x1ef):
2026-06-08 17:07:46 [DEBUG] xCFG:1011 - 📌 业务约束逻辑: [msg.sender EQ Storage[address _factory]]
2026-06-08 17:07:46 [DEBUG] xCFG:1012 - 📌 驱动此判断的数据源: CALLER, SLOAD
2026-06-08 17:07:46 [DEBUG] xCFG:1013 - 📌 谓词复杂度: 16
2026-06-08 17:07:46 [DEBUG] xCFG:1014 - ------------------------------------------------------------
2026-06-08 17:07:46 [DEBUG] xCFG:1009 - 提取到的守护区块
2026-06-08 17:07:46 [DEBUG] xCFG:1010 - 🎯 提取谓词区域 (守护区块: 0x18b6):
2026-06-08 17:07:46 [DEBUG] xCFG:1011 - 📌 业务约束逻辑: [Existence/Non-Zero Check on: Storage[address _factory]]
2026-06-08 17:07:46 [DEBUG] xCFG:1012 - 📌 驱动此判断的数据源: SLOAD
2026-06-08 17:07:46 [DEBUG] xCFG:1013 - 📌 谓词复杂度: 15
2026-06-08 17:07:46 [DEBUG] xCFG:1014 - ------------------------------------------------------------
2026-06-08 17:07:46 [DEBUG] xCFG:1009 - 提取到的守护区块
2026-06-08 17:07:46 [DEBUG] xCFG:1010 - 🎯 提取谓词区域 (守护区块: 0x15c7):
2026-06-08 17:07:46 [DEBUG] xCFG:1011 - 📌 业务约束逻辑: [Existence/Non-Zero Check on: Storage[bool ___TokenMapped_init]]
2026-06-08 17:07:46 [DEBUG] xCFG:1012 - 📌 驱动此判断的数据源: SLOAD
2026-06-08 17:07:46 [DEBUG] xCFG:1013 - 📌 谓词复杂度: 12
2026-06-08 17:07:46 [DEBUG] xCFG:1014 - ------------------------------------------------------------
2026-06-08 17:07:46 [DEBUG] xCFG:1009 - 提取到的守护区块
2026-06-08 17:07:46 [DEBUG] xCFG:1010 - 🎯 提取谓词区域 (守护区块: 0x85aB0x2ef):
2026-06-08 17:07:46 [DEBUG] xCFG:1011 - 📌 业务约束逻辑: [Existence/Non-Zero Check on: Storage[bool ___TokenMapped_init]]
2026-06-08 17:07:46 [DEBUG] xCFG:1012 - 📌 驱动此判断的数据源: SLOAD
2026-06-08 17:07:46 [DEBUG] xCFG:1013 - 📌 谓词复杂度: 10
2026-06-08 17:07:46 [DEBUG] xCFG:1014 - ------------------------------------------------------------
2026-06-08 17:07:46 [DEBUG] xCFG:1009 - 提取到的守护区块
2026-06-08 17:07:46 [DEBUG] xCFG:1010 - 🎯 提取谓词区域 (守护区块: 0x9f10x95fB0x343):
2026-06-08 17:07:46 [DEBUG] xCFG:1011 - 📌 业务约束逻辑: [Args LT Storage[mapping (address => uint256) _authQuotaOf]]
2026-06-08 17:07:46 [DEBUG] xCFG:1012 - 📌 驱动此判断的数据源: SLOAD, CALLDATALOAD
2026-06-08 17:07:46 [DEBUG] xCFG:1013 - 📌 谓词复杂度: 16
2026-06-08 17:07:46 [DEBUG] xCFG:1014 - ------------------------------------------------------------
2026-06-08 17:07:46 [DEBUG] xCFG:1009 - 提取到的守护区块
2026-06-08 17:07:46 [DEBUG] xCFG:1010 - 🎯 提取谓词区域 (守护区块: 0x9f10xc45B0x455):
2026-06-08 17:07:46 [DEBUG] xCFG:1011 - 📌 业务约束逻辑: [Memory_Variable/Array_Length LT Storage[mapping (address => uint256) _authQuotaOf]]
2026-06-08 17:07:46 [DEBUG] xCFG:1012 - 📌 驱动此判断的数据源: SLOAD
2026-06-08 17:07:46 [DEBUG] xCFG:1013 - 📌 谓词复杂度: 25
2026-06-08 17:07:46 [DEBUG] xCFG:1014 - ------------------------------------------------------------
2026-06-08 17:07:46 [DEBUG] xCFG:1009 - 提取到的守护区块
2026-06-08 17:07:46 [DEBUG] xCFG:1010 - 🎯 提取谓词区域 (守护区块: 0x4b5):
2026-06-08 17:07:46 [DEBUG] xCFG:1011 - 📌 业务约束逻辑: [Existence/Non-Zero Check on: msg.value]
2026-06-08 17:07:46 [DEBUG] xCFG:1012 - 📌 驱动此判断的数据源: CALLVALUE
2026-06-08 17:07:46 [DEBUG] xCFG:1013 - 📌 谓词复杂度: 4
2026-06-08 17:07:46 [DEBUG] xCFG:1014 - ------------------------------------------------------------
2026-06-08 17:07:46 [DEBUG] xCFG:1009 - 提取到的守护区块
2026-06-08 17:07:46 [DEBUG] xCFG:1010 - 🎯 提取谓词区域 (守护区块: 0xe82):
2026-06-08 17:07:46 [DEBUG] xCFG:1011 - 📌 业务约束逻辑: [Success/Failure Check on: External_Call]
2026-06-08 17:07:46 [DEBUG] xCFG:1012 - 📌 驱动此判断的数据源: STATICCALL, SLOAD
2026-06-08 17:07:46 [DEBUG] xCFG:1013 - 📌 谓词复杂度: 26
2026-06-08 17:07:46 [DEBUG] xCFG:1014 - ------------------------------------------------------------
2026-06-08 17:07:46 [DEBUG] xCFG:1009 - 提取到的守护区块
2026-06-08 17:07:46 [DEBUG] xCFG:1010 - 🎯 提取谓词区域 (守护区块: 0x1e89B0x1e03B0x1cb8):
2026-06-08 17:07:46 [DEBUG] xCFG:1011 - 📌 业务约束逻辑: [Existence/Non-Zero Check on: Storage[address _token]]
2026-06-08 17:07:46 [DEBUG] xCFG:1012 - 📌 驱动此判断的数据源: CALLPRIVATE, SLOAD
2026-06-08 17:07:46 [DEBUG] xCFG:1013 - 📌 谓词复杂度: 17
2026-06-08 17:07:46 [DEBUG] xCFG:1014 - ------------------------------------------------------------
2026-06-08 17:07:46 [DEBUG] xCFG:1009 - 提取到的守护区块
2026-06-08 17:07:46 [DEBUG] xCFG:1010 - 🎯 提取谓词区域 (守护区块: 0x20a):
2026-06-08 17:07:46 [DEBUG] xCFG:1011 - 📌 业务约束逻辑: [Existence/Non-Zero Check on: msg.value]
2026-06-08 17:07:46 [DEBUG] xCFG:1012 - 📌 驱动此判断的数据源: CALLVALUE
2026-06-08 17:07:46 [DEBUG] xCFG:1013 - 📌 谓词复杂度: 4
2026-06-08 17:07:46 [DEBUG] xCFG:1014 - ------------------------------------------------------------
2026-06-08 17:07:46 [DEBUG] xCFG:1009 - 提取到的守护区块
2026-06-08 17:07:46 [DEBUG] xCFG:1010 - 🎯 提取谓词区域 (守护区块: 0x168cB0x4ec):
2026-06-08 17:07:46 [DEBUG] xCFG:1011 - 📌 业务约束逻辑: [Existence/Non-Zero Check on: Storage[address _token]]
2026-06-08 17:07:46 [DEBUG] xCFG:1012 - 📌 驱动此判断的数据源: SLOAD
2026-06-08 17:07:46 [DEBUG] xCFG:1013 - 📌 谓词复杂度: 15
2026-06-08 17:07:46 [DEBUG] xCFG:1014 - ------------------------------------------------------------
2026-06-08 17:07:46 [DEBUG] xCFG:1009 - 提取到的守护区块
2026-06-08 17:07:46 [DEBUG] xCFG:1010 - 🎯 提取谓词区域 (守护区块: 0x13a):
2026-06-08 17:07:46 [DEBUG] xCFG:1011 - 📌 业务约束逻辑: [Existence/Non-Zero Check on: msg.value]
2026-06-08 17:07:46 [DEBUG] xCFG:1012 - 📌 驱动此判断的数据源: CALLVALUE
2026-06-08 17:07:46 [DEBUG] xCFG:1013 - 📌 谓词复杂度: 4
2026-06-08 17:07:46 [DEBUG] xCFG:1014 - ------------------------------------------------------------
2026-06-08 17:07:46 [DEBUG] xCFG:1009 - 提取到的守护区块
2026-06-08 17:07:46 [DEBUG] xCFG:1010 - 🎯 提取谓词区域 (守护区块: 0x1af7):
2026-06-08 17:07:46 [DEBUG] xCFG:1011 - 📌 业务约束逻辑: [Existence/Non-Zero Check on: Storage[bool ___TokenMapped_init]]
2026-06-08 17:07:46 [DEBUG] xCFG:1012 - 📌 驱动此判断的数据源: SLOAD
2026-06-08 17:07:46 [DEBUG] xCFG:1013 - 📌 谓词复杂度: 12
2026-06-08 17:07:46 [DEBUG] xCFG:1014 - ------------------------------------------------------------
2026-06-08 17:07:46 [DEBUG] xCFG:1009 - 提取到的守护区块
2026-06-08 17:07:46 [DEBUG] xCFG:1010 - 🎯 提取谓词区域 (守护区块: 0x2a2):
2026-06-08 17:07:46 [DEBUG] xCFG:1011 - 📌 业务约束逻辑: [Existence/Non-Zero Check on: msg.value]
2026-06-08 17:07:46 [DEBUG] xCFG:1012 - 📌 驱动此判断的数据源: CALLVALUE
2026-06-08 17:07:46 [DEBUG] xCFG:1013 - 📌 谓词复杂度: 4
2026-06-08 17:07:46 [DEBUG] xCFG:1014 - ------------------------------------------------------------
2026-06-08 17:07:46 [DEBUG] xCFG:1009 - 提取到的守护区块
2026-06-08 17:07:46 [DEBUG] xCFG:1010 - 🎯 提取谓词区域 (守护区块: 0x18ce):
2026-06-08 17:07:46 [DEBUG] xCFG:1011 - 📌 业务约束逻辑: [Success/Failure Check on: External_Call]
2026-06-08 17:07:46 [DEBUG] xCFG:1012 - 📌 驱动此判断的数据源: STATICCALL, SLOAD
2026-06-08 17:07:46 [DEBUG] xCFG:1013 - 📌 谓词复杂度: 26
2026-06-08 17:07:46 [DEBUG] xCFG:1014 - ------------------------------------------------------------
2026-06-08 17:07:46 [DEBUG] xCFG:1009 - 提取到的守护区块
2026-06-08 17:07:46 [DEBUG] xCFG:1010 - 🎯 提取谓词区域 (守护区块: 0x17bf):
2026-06-08 17:07:46 [DEBUG] xCFG:1011 - 📌 业务约束逻辑: [Success/Failure Check on: External_Call]
2026-06-08 17:07:46 [DEBUG] xCFG:1012 - 📌 驱动此判断的数据源: STATICCALL, SLOAD
2026-06-08 17:07:46 [DEBUG] xCFG:1013 - 📌 谓词复杂度: 26
2026-06-08 17:07:46 [DEBUG] xCFG:1014 - ------------------------------------------------------------
2026-06-08 17:07:46 [DEBUG] xCFG:1009 - 提取到的守护区块
2026-06-08 17:07:46 [DEBUG] xCFG:1010 - 🎯 提取谓词区域 (守护区块: 0x1aa2):
2026-06-08 17:07:46 [DEBUG] xCFG:1011 - 📌 业务约束逻辑: [Existence/Non-Zero Check on: Storage[bool ___TokenMapped_init]]
2026-06-08 17:07:46 [DEBUG] xCFG:1012 - 📌 驱动此判断的数据源: SLOAD
2026-06-08 17:07:46 [DEBUG] xCFG:1013 - 📌 谓词复杂度: 15
2026-06-08 17:07:46 [DEBUG] xCFG:1014 - ------------------------------------------------------------
2026-06-08 17:07:46 [DEBUG] xCFG:1009 - 提取到的守护区块
2026-06-08 17:07:46 [DEBUG] xCFG:1010 - 🎯 提取谓词区域 (守护区块: 0x1b47):
2026-06-08 17:07:46 [DEBUG] xCFG:1011 - 📌 业务约束逻辑: [Existence/Non-Zero Check on: Storage[bool ___TokenMapped_init]]
2026-06-08 17:07:46 [DEBUG] xCFG:1012 - 📌 驱动此判断的数据源: SLOAD
2026-06-08 17:07:46 [DEBUG] xCFG:1013 - 📌 谓词复杂度: 12
2026-06-08 17:07:46 [DEBUG] xCFG:1014 - ------------------------------------------------------------
2026-06-08 17:07:46 [DEBUG] xCFG:1009 - 提取到的守护区块
2026-06-08 17:07:46 [DEBUG] xCFG:1010 - 🎯 提取谓词区域 (守护区块: 0x879B0x2ef):
2026-06-08 17:07:46 [DEBUG] xCFG:1011 - 📌 业务约束逻辑: [Existence/Non-Zero Check on: Storage[bool ___TokenMapped_init]]
2026-06-08 17:07:46 [DEBUG] xCFG:1012 - 📌 驱动此判断的数据源: SLOAD
2026-06-08 17:07:46 [DEBUG] xCFG:1013 - 📌 谓词复杂度: 15
2026-06-08 17:07:46 [DEBUG] xCFG:1014 - ------------------------------------------------------------
2026-06-08 17:07:46 [DEBUG] xCFG:1009 - 提取到的守护区块
2026-06-08 17:07:46 [DEBUG] xCFG:1010 - 🎯 提取谓词区域 (守护区块: 0x165):
2026-06-08 17:07:46 [DEBUG] xCFG:1011 - 📌 业务约束逻辑: [Existence/Non-Zero Check on: msg.value]
2026-06-08 17:07:46 [DEBUG] xCFG:1012 - 📌 驱动此判断的数据源: CALLVALUE
2026-06-08 17:07:46 [DEBUG] xCFG:1013 - 📌 谓词复杂度: 4
2026-06-08 17:07:46 [DEBUG] xCFG:1014 - ------------------------------------------------------------
2026-06-08 17:07:46 [DEBUG] xCFG:1009 - 提取到的守护区块
2026-06-08 17:07:46 [DEBUG] xCFG:1010 - 🎯 提取谓词区域 (守护区块: 0x16a4B0x4ec):
2026-06-08 17:07:46 [DEBUG] xCFG:1011 - 📌 业务约束逻辑: [Success/Failure Check on: External_Call]
2026-06-08 17:07:46 [DEBUG] xCFG:1012 - 📌 驱动此判断的数据源: STATICCALL, SLOAD
2026-06-08 17:07:46 [DEBUG] xCFG:1013 - 📌 谓词复杂度: 26
2026-06-08 17:07:46 [DEBUG] xCFG:1014 - ------------------------------------------------------------
2026-06-08 17:07:46 [DEBUG] xCFG:1009 - 提取到的守护区块
2026-06-08 17:07:46 [DEBUG] xCFG:1010 - 🎯 提取谓词区域 (守护区块: 0x137d):
2026-06-08 17:07:46 [DEBUG] xCFG:1011 - 📌 业务约束逻辑: [Existence/Non-Zero Check on: Storage[bool ___TokenMapped_init] + Storage[bool stor_0_0_0]]
2026-06-08 17:07:46 [DEBUG] xCFG:1012 - 📌 驱动此判断的数据源: SLOAD
2026-06-08 17:07:46 [DEBUG] xCFG:1013 - 📌 谓词复杂度: 23
2026-06-08 17:07:46 [DEBUG] xCFG:1014 - ------------------------------------------------------------
2026-06-08 17:07:46 [DEBUG] xCFG:1009 - 提取到的守护区块
2026-06-08 17:07:46 [DEBUG] xCFG:1010 - 🎯 提取谓词区域 (守护区块: 0x8ceB0x2ef):
2026-06-08 17:07:46 [DEBUG] xCFG:1011 - 📌 业务约束逻辑: [Existence/Non-Zero Check on: Storage[bool ___TokenMapped_init]]
2026-06-08 17:07:46 [DEBUG] xCFG:1012 - 📌 驱动此判断的数据源: SLOAD
2026-06-08 17:07:46 [DEBUG] xCFG:1013 - 📌 谓词复杂度: 12
2026-06-08 17:07:46 [DEBUG] xCFG:1014 - ------------------------------------------------------------
2026-06-08 17:07:46 [DEBUG] xCFG:1009 - 提取到的守护区块
2026-06-08 17:07:46 [DEBUG] xCFG:1010 - 🎯 提取谓词区域 (守护区块: 0xa830x39b):
2026-06-08 17:07:46 [DEBUG] xCFG:1011 - 📌 业务约束逻辑: [msg.sender EQ Storage[address _factory]]
2026-06-08 17:07:46 [DEBUG] xCFG:1012 - 📌 驱动此判断的数据源: CALLER, SLOAD
2026-06-08 17:07:46 [DEBUG] xCFG:1013 - 📌 谓词复杂度: 16
2026-06-08 17:07:46 [DEBUG] xCFG:1014 - ------------------------------------------------------------
2026-06-08 17:07:46 [DEBUG] xCFG:1009 - 提取到的守护区块
2026-06-08 17:07:46 [DEBUG] xCFG:1010 - 🎯 提取谓词区域 (守护区块: 0x1ab8):
2026-06-08 17:07:46 [DEBUG] xCFG:1011 - 📌 业务约束逻辑: [Existence/Non-Zero Check on: Storage[bool ___TokenMapped_init] + Storage[bool stor_0_0_0]]
2026-06-08 17:07:46 [DEBUG] xCFG:1012 - 📌 驱动此判断的数据源: SLOAD
2026-06-08 17:07:46 [DEBUG] xCFG:1013 - 📌 谓词复杂度: 23
2026-06-08 17:07:46 [DEBUG] xCFG:1014 - ------------------------------------------------------------
2026-06-08 17:07:46 [DEBUG] xCFG:1009 - 提取到的守护区块
2026-06-08 17:07:46 [DEBUG] xCFG:1010 - 🎯 提取谓词区域 (守护区块: 0x1367):
2026-06-08 17:07:46 [DEBUG] xCFG:1011 - 📌 业务约束逻辑: [Existence/Non-Zero Check on: Storage[bool ___TokenMapped_init]]
2026-06-08 17:07:46 [DEBUG] xCFG:1012 - 📌 驱动此判断的数据源: SLOAD
2026-06-08 17:07:46 [DEBUG] xCFG:1013 - 📌 谓词复杂度: 15
2026-06-08 17:07:46 [DEBUG] xCFG:1014 - ------------------------------------------------------------
2026-06-08 17:07:46 [DEBUG] xCFG:1009 - 提取到的守护区块
2026-06-08 17:07:46 [DEBUG] xCFG:1010 - 🎯 提取谓词区域 (守护区块: 0x35e):
2026-06-08 17:07:46 [DEBUG] xCFG:1011 - 📌 业务约束逻辑: [Existence/Non-Zero Check on: msg.value]
2026-06-08 17:07:46 [DEBUG] xCFG:1012 - 📌 驱动此判断的数据源: CALLVALUE
2026-06-08 17:07:46 [DEBUG] xCFG:1013 - 📌 谓词复杂度: 4
2026-06-08 17:07:46 [DEBUG] xCFG:1014 - ------------------------------------------------------------
2026-06-08 17:07:46 [DEBUG] xCFG:1009 - 提取到的守护区块
2026-06-08 17:07:46 [DEBUG] xCFG:1010 - 🎯 提取谓词区域 (守护区块: 0x1e89B0x1d32B0x1a19):
2026-06-08 17:07:46 [DEBUG] xCFG:1011 - 📌 业务约束逻辑: [Existence/Non-Zero Check on: Storage[address _token]]
2026-06-08 17:07:46 [DEBUG] xCFG:1012 - 📌 驱动此判断的数据源: CALLPRIVATE, SLOAD
2026-06-08 17:07:46 [DEBUG] xCFG:1013 - 📌 谓词复杂度: 17
2026-06-08 17:07:46 [DEBUG] xCFG:1014 - ------------------------------------------------------------
2026-06-08 17:07:46 [DEBUG] xCFG:1009 - 提取到的守护区块
2026-06-08 17:07:46 [DEBUG] xCFG:1010 - 🎯 提取谓词区域 (守护区块: 0x1a83):
2026-06-08 17:07:46 [DEBUG] xCFG:1011 - 📌 业务约束逻辑: [Existence/Non-Zero Check on: Storage[bool ___TokenMapped_init]]
2026-06-08 17:07:46 [DEBUG] xCFG:1012 - 📌 驱动此判断的数据源: SLOAD
2026-06-08 17:07:46 [DEBUG] xCFG:1013 - 📌 谓词复杂度: 10
2026-06-08 17:07:46 [DEBUG] xCFG:1014 - ------------------------------------------------------------
2026-06-08 17:07:46 [DEBUG] xCFG:1009 - 提取到的守护区块
2026-06-08 17:07:46 [DEBUG] xCFG:1010 - 🎯 提取谓词区域 (守护区块: 0x408):
2026-06-08 17:07:46 [DEBUG] xCFG:1011 - 📌 业务约束逻辑: [Existence/Non-Zero Check on: msg.value]
2026-06-08 17:07:46 [DEBUG] xCFG:1012 - 📌 驱动此判断的数据源: CALLVALUE
2026-06-08 17:07:46 [DEBUG] xCFG:1013 - 📌 谓词复杂度: 4
2026-06-08 17:07:46 [DEBUG] xCFG:1014 - ------------------------------------------------------------
2026-06-08 17:07:46 [DEBUG] xCFG:1009 - 提取到的守护区块
2026-06-08 17:07:46 [DEBUG] xCFG:1010 - 🎯 提取谓词区域 (守护区块: 0x1f33B0x1e03B0x1cb8):
2026-06-08 17:07:46 [DEBUG] xCFG:1011 - 📌 业务约束逻辑: [Success/Failure Check on: External_Call]
2026-06-08 17:07:46 [DEBUG] xCFG:1012 - 📌 驱动此判断的数据源: CALL, SLOAD
2026-06-08 17:07:46 [DEBUG] xCFG:1013 - 📌 谓词复杂度: 27
2026-06-08 17:07:46 [DEBUG] xCFG:1014 - ------------------------------------------------------------
2026-06-08 17:07:46 [DEBUG] xCFG:1009 - 提取到的守护区块
2026-06-08 17:07:46 [DEBUG] xCFG:1010 - 🎯 提取谓词区域 (守护区块: 0x1963):
2026-06-08 17:07:46 [DEBUG] xCFG:1011 - 📌 业务约束逻辑: [Success/Failure Check on: External_Call]
2026-06-08 17:07:46 [DEBUG] xCFG:1012 - 📌 驱动此判断的数据源: CALL, CALLVALUE, SLOAD
2026-06-08 17:07:46 [DEBUG] xCFG:1013 - 📌 谓词复杂度: 31
2026-06-08 17:07:46 [DEBUG] xCFG:1014 - ------------------------------------------------------------
2026-06-08 17:07:46 [DEBUG] xCFG:1009 - 提取到的守护区块
2026-06-08 17:07:46 [DEBUG] xCFG:1010 - 🎯 提取谓词区域 (守护区块: 0x321):
2026-06-08 17:07:46 [DEBUG] xCFG:1011 - 📌 业务约束逻辑: [Existence/Non-Zero Check on: msg.value]
2026-06-08 17:07:46 [DEBUG] xCFG:1012 - 📌 驱动此判断的数据源: CALLVALUE
2026-06-08 17:07:46 [DEBUG] xCFG:1013 - 📌 谓词复杂度: 4
2026-06-08 17:07:46 [DEBUG] xCFG:1014 - ------------------------------------------------------------
2026-06-08 17:07:46 [DEBUG] xCFG:1009 - 提取到的守护区块
2026-06-08 17:07:46 [DEBUG] xCFG:1010 - 🎯 提取谓词区域 (守护区块: 0x1a2):
2026-06-08 17:07:46 [DEBUG] xCFG:1011 - 📌 业务约束逻辑: [Existence/Non-Zero Check on: msg.value]
2026-06-08 17:07:46 [DEBUG] xCFG:1012 - 📌 驱动此判断的数据源: CALLVALUE
2026-06-08 17:07:46 [DEBUG] xCFG:1013 - 📌 谓词复杂度: 4
2026-06-08 17:07:46 [DEBUG] xCFG:1014 - ------------------------------------------------------------
2026-06-08 17:07:46 [DEBUG] xCFG:1009 - 提取到的守护区块
2026-06-08 17:07:46 [DEBUG] xCFG:1010 - 🎯 提取谓词区域 (守护区块: 0x1455):
2026-06-08 17:07:46 [DEBUG] xCFG:1011 - 📌 业务约束逻辑: [Existence/Non-Zero Check on: Storage[address _token]]
2026-06-08 17:07:46 [DEBUG] xCFG:1012 - 📌 驱动此判断的数据源: SLOAD
2026-06-08 17:07:46 [DEBUG] xCFG:1013 - 📌 谓词复杂度: 15
2026-06-08 17:07:46 [DEBUG] xCFG:1014 - ------------------------------------------------------------
2026-06-08 17:07:46 [DEBUG] xCFG:1009 - 提取到的守护区块
2026-06-08 17:07:46 [DEBUG] xCFG:1010 - 🎯 提取谓词区域 (守护区块: 0x2cd):
2026-06-08 17:07:46 [DEBUG] xCFG:1011 - 📌 业务约束逻辑: [Existence/Non-Zero Check on: msg.value]
2026-06-08 17:07:46 [DEBUG] xCFG:1012 - 📌 驱动此判断的数据源: CALLVALUE
2026-06-08 17:07:46 [DEBUG] xCFG:1013 - 📌 谓词复杂度: 4
2026-06-08 17:07:46 [DEBUG] xCFG:1014 - ------------------------------------------------------------
2026-06-08 17:07:46 [DEBUG] xCFG:1009 - 提取到的守护区块
2026-06-08 17:07:46 [DEBUG] xCFG:1010 - 🎯 提取谓词区域 (守护区块: 0x536):
2026-06-08 17:07:46 [DEBUG] xCFG:1011 - 📌 业务约束逻辑: [Existence/Non-Zero Check on: msg.value]
2026-06-08 17:07:46 [DEBUG] xCFG:1012 - 📌 驱动此判断的数据源: CALLVALUE
2026-06-08 17:07:46 [DEBUG] xCFG:1013 - 📌 谓词复杂度: 4
2026-06-08 17:07:46 [DEBUG] xCFG:1014 - ------------------------------------------------------------
2026-06-08 17:07:46 [DEBUG] xCFG:1009 - 提取到的守护区块
2026-06-08 17:07:46 [DEBUG] xCFG:1010 - 🎯 提取谓词区域 (守护区块: 0x95fB0x343):
2026-06-08 17:07:46 [DEBUG] xCFG:1011 - 📌 业务约束逻辑: [Storage[address _factory] EQ msg.sender]
2026-06-08 17:07:46 [DEBUG] xCFG:1012 - 📌 驱动此判断的数据源: CALLER, SLOAD
2026-06-08 17:07:46 [DEBUG] xCFG:1013 - 📌 谓词复杂度: 16
2026-06-08 17:07:46 [DEBUG] xCFG:1014 - ------------------------------------------------------------
2026-06-08 17:07:46 [DEBUG] xCFG:1009 - 提取到的守护区块
2026-06-08 17:07:46 [DEBUG] xCFG:1010 - 🎯 提取谓词区域 (守护区块: 0x88fB0x2ef):
2026-06-08 17:07:46 [DEBUG] xCFG:1011 - 📌 业务约束逻辑: [Existence/Non-Zero Check on: Storage[bool ___TokenMapped_init] + Storage[bool stor_0_0_0]]
2026-06-08 17:07:46 [DEBUG] xCFG:1012 - 📌 驱动此判断的数据源: SLOAD
2026-06-08 17:07:46 [DEBUG] xCFG:1013 - 📌 谓词复杂度: 23
2026-06-08 17:07:46 [DEBUG] xCFG:1014 - ------------------------------------------------------------
2026-06-08 17:07:46 [DEBUG] xCFG:1009 - 提取到的守护区块
2026-06-08 17:07:46 [DEBUG] xCFG:1010 - 🎯 提取谓词区域 (守护区块: 0x17a7):
2026-06-08 17:07:46 [DEBUG] xCFG:1011 - 📌 业务约束逻辑: [Existence/Non-Zero Check on: Storage[address _factory]]
2026-06-08 17:07:46 [DEBUG] xCFG:1012 - 📌 驱动此判断的数据源: SLOAD
2026-06-08 17:07:46 [DEBUG] xCFG:1013 - 📌 谓词复杂度: 15
2026-06-08 17:07:46 [DEBUG] xCFG:1014 - ------------------------------------------------------------
2026-06-08 17:07:46 [DEBUG] xCFG:1009 - 提取到的守护区块
2026-06-08 17:07:46 [DEBUG] xCFG:1010 - 🎯 提取谓词区域 (守护区块: 0x4e0):
2026-06-08 17:07:46 [DEBUG] xCFG:1011 - 📌 业务约束逻辑: [Existence/Non-Zero Check on: msg.value]
2026-06-08 17:07:46 [DEBUG] xCFG:1012 - 📌 驱动此判断的数据源: CALLVALUE
2026-06-08 17:07:46 [DEBUG] xCFG:1013 - 📌 谓词复杂度: 4
2026-06-08 17:07:46 [DEBUG] xCFG:1014 - ------------------------------------------------------------
2026-06-08 17:07:46 [DEBUG] xCFG:1009 - 提取到的守护区块
2026-06-08 17:07:46 [DEBUG] xCFG:1010 - 🎯 提取谓词区域 (守护区块: 0xd45):
2026-06-08 17:07:46 [DEBUG] xCFG:1011 - 📌 业务约束逻辑: [CONST(0x0) EQ Storage[mapping (uint256 => mapping (address => mapping (uint256 => uint256))) _received]]
2026-06-08 17:07:46 [DEBUG] xCFG:1012 - 📌 驱动此判断的数据源: SLOAD
2026-06-08 17:07:46 [DEBUG] xCFG:1013 - 📌 谓词复杂度: 12
2026-06-08 17:07:46 [DEBUG] xCFG:1014 - ------------------------------------------------------------
2026-06-08 17:07:46 [DEBUG] xCFG:1009 - 提取到的守护区块
2026-06-08 17:07:46 [DEBUG] xCFG:1010 - 🎯 提取谓词区域 (守护区块: 0x10c2):
2026-06-08 17:07:46 [DEBUG] xCFG:1011 - 📌 业务约束逻辑: [Success/Failure Check on: External_Call]
2026-06-08 17:07:46 [DEBUG] xCFG:1012 - 📌 驱动此判断的数据源: STATICCALL
2026-06-08 17:07:46 [DEBUG] xCFG:1013 - 📌 谓词复杂度: 17
2026-06-08 17:07:46 [DEBUG] xCFG:1014 - ------------------------------------------------------------
2026-06-08 17:07:46 [DEBUG] xCFG:1009 - 提取到的守护区块
2026-06-08 17:07:46 [DEBUG] xCFG:1010 - 🎯 提取谓词区域 (守护区块: 0x13bc):
2026-06-08 17:07:46 [DEBUG] xCFG:1011 - 📌 业务约束逻辑: [Existence/Non-Zero Check on: Storage[bool ___TokenMapped_init]]
2026-06-08 17:07:46 [DEBUG] xCFG:1012 - 📌 驱动此判断的数据源: SLOAD
2026-06-08 17:07:46 [DEBUG] xCFG:1013 - 📌 谓词复杂度: 12
2026-06-08 17:07:46 [DEBUG] xCFG:1014 - ------------------------------------------------------------
2026-06-08 17:07:46 [INFO] xCFG:1020 - [+] 切片提取完毕！共输出 58 个宽松但有效的守护区块 (AUTH_BLOCKS)。
2026-06-08 20:30:25 [INFO] __main__:147 - SmartGuard 启动
2026-06-08 20:30:26 [INFO] tac_analysis:25 - 开始分析合约状态存储
2026-06-08 20:30:26 [INFO] tac_analysis:216 - 🎯 合约存储分析完成！
2026-06-08 20:30:26 [INFO] tac_analysis:221 - 开始分析公共函数调用
2026-06-08 20:30:27 [INFO] tac_analysis:325 - 🎯 Caller & Calldata 分析完成！
2026-06-08 20:30:27 [INFO] tac_analysis:330 - 开始分析Public Function Args
2026-06-08 20:30:27 [INFO] tac_analysis:364 - 🎯 Public Function Args 分析完成！
2026-06-08 20:30:27 [INFO] tac_analysis:369 - 开始分析Private Function Args
2026-06-08 20:30:27 [INFO] tac_analysis:413 - 🎯 Private Function Args 分析完成！
2026-06-08 20:30:27 [INFO] tac_analysis:419 - 开始分析合约event
2026-06-08 20:30:27 [INFO] tac_analysis:441 - 🎯 合约 event 分析完成！
2026-06-08 20:30:27 [INFO] xCFG:20 - 开始构建全局控制流图
2026-06-08 20:30:27 [INFO] xCFG:111 - 🎯 合约全局控制流图构建完成！
2026-06-08 20:30:27 [INFO] xCFG:116 - 针对跨链event，开始构建函数级调用图
2026-06-08 20:30:27 [INFO] xCFG:147 - 🎯 函数级调用图构建完成！
2026-06-08 20:30:27 [INFO] xCFG:1791 - 开始构建授权检查块
2026-06-08 20:30:28 [INFO] xCFG:156 - 开始构建数据流依赖图
2026-06-08 20:30:28 [INFO] xCFG:170 - 🎯 数据流依赖图构建完成！
2026-06-08 20:30:28 [INFO] xCFG:934 - 开始基于JUMPI语句进行守护区块提取
2026-06-08 20:30:28 [INFO] xCFG:942 - 关键数据源：CALLER, ORIGIN, CALLVALUE, SLOAD, CALLDATALOAD, CALLDATACOPY, CALL, STATICCALL
2026-06-08 20:30:28 [INFO] xCFG:955 - [*] 发现 150 个受关键数据影响的条件跳转 (JUMPI)。
2026-06-08 20:30:28 [INFO] xCFG:958 - 开始进行向后切片 (Backward Slicing) 提取谓词区域...
2026-06-08 20:30:28 [DEBUG] xCFG:1009 - 提取到的守护区块
2026-06-08 20:30:28 [DEBUG] xCFG:1010 - 🎯 提取谓词区域 (守护区块: 0xe6a):
2026-06-08 20:30:28 [DEBUG] xCFG:1011 - 📌 业务约束逻辑: [Existence/Non-Zero Check on: Storage[address _factory]]
2026-06-08 20:30:28 [DEBUG] xCFG:1012 - 📌 驱动此判断的数据源: SLOAD
2026-06-08 20:30:28 [DEBUG] xCFG:1013 - 📌 谓词复杂度: 15
2026-06-08 20:30:28 [DEBUG] xCFG:1014 - ------------------------------------------------------------
2026-06-08 20:30:28 [DEBUG] xCFG:1009 - 提取到的守护区块
2026-06-08 20:30:28 [DEBUG] xCFG:1010 - 🎯 提取谓词区域 (守护区块: 0x1f33B0x1e03B0x1cb8):
2026-06-08 20:30:28 [DEBUG] xCFG:1011 - 📌 业务约束逻辑: [Success/Failure Check on: External_Call]
2026-06-08 20:30:28 [DEBUG] xCFG:1012 - 📌 驱动此判断的数据源: SLOAD, CALL
2026-06-08 20:30:28 [DEBUG] xCFG:1013 - 📌 谓词复杂度: 27
2026-06-08 20:30:28 [DEBUG] xCFG:1014 - ------------------------------------------------------------
2026-06-08 20:30:28 [DEBUG] xCFG:1009 - 提取到的守护区块
2026-06-08 20:30:28 [DEBUG] xCFG:1010 - 🎯 提取谓词区域 (守护区块: 0x1348):
2026-06-08 20:30:28 [DEBUG] xCFG:1011 - 📌 业务约束逻辑: [Existence/Non-Zero Check on: Storage[bool ___TokenMapped_init]]
2026-06-08 20:30:28 [DEBUG] xCFG:1012 - 📌 驱动此判断的数据源: SLOAD
2026-06-08 20:30:28 [DEBUG] xCFG:1013 - 📌 谓词复杂度: 10
2026-06-08 20:30:28 [DEBUG] xCFG:1014 - ------------------------------------------------------------
2026-06-08 20:30:28 [DEBUG] xCFG:1009 - 提取到的守护区块
2026-06-08 20:30:28 [DEBUG] xCFG:1010 - 🎯 提取谓词区域 (守护区块: 0x1963):
2026-06-08 20:30:28 [DEBUG] xCFG:1011 - 📌 业务约束逻辑: [Success/Failure Check on: External_Call]
2026-06-08 20:30:28 [DEBUG] xCFG:1012 - 📌 驱动此判断的数据源: SLOAD, CALL, CALLVALUE
2026-06-08 20:30:28 [DEBUG] xCFG:1013 - 📌 谓词复杂度: 31
2026-06-08 20:30:28 [DEBUG] xCFG:1014 - ------------------------------------------------------------
2026-06-08 20:30:28 [DEBUG] xCFG:1009 - 提取到的守护区块
2026-06-08 20:30:28 [DEBUG] xCFG:1010 - 🎯 提取谓词区域 (守护区块: 0x4e0):
2026-06-08 20:30:28 [DEBUG] xCFG:1011 - 📌 业务约束逻辑: [Existence/Non-Zero Check on: msg.value]
2026-06-08 20:30:28 [DEBUG] xCFG:1012 - 📌 驱动此判断的数据源: CALLVALUE
2026-06-08 20:30:28 [DEBUG] xCFG:1013 - 📌 谓词复杂度: 4
2026-06-08 20:30:28 [DEBUG] xCFG:1014 - ------------------------------------------------------------
2026-06-08 20:30:28 [DEBUG] xCFG:1009 - 提取到的守护区块
2026-06-08 20:30:28 [DEBUG] xCFG:1010 - 🎯 提取谓词区域 (守护区块: 0x1e89B0x1d32B0x1a19):
2026-06-08 20:30:28 [DEBUG] xCFG:1011 - 📌 业务约束逻辑: [Existence/Non-Zero Check on: Storage[address _token]]
2026-06-08 20:30:28 [DEBUG] xCFG:1012 - 📌 驱动此判断的数据源: SLOAD, CALLPRIVATE
2026-06-08 20:30:28 [DEBUG] xCFG:1013 - 📌 谓词复杂度: 17
2026-06-08 20:30:28 [DEBUG] xCFG:1014 - ------------------------------------------------------------
2026-06-08 20:30:28 [DEBUG] xCFG:1009 - 提取到的守护区块
2026-06-08 20:30:28 [DEBUG] xCFG:1010 - 🎯 提取谓词区域 (守护区块: 0x8ceB0x2ef):
2026-06-08 20:30:28 [DEBUG] xCFG:1011 - 📌 业务约束逻辑: [Existence/Non-Zero Check on: Storage[bool ___TokenMapped_init]]
2026-06-08 20:30:28 [DEBUG] xCFG:1012 - 📌 驱动此判断的数据源: SLOAD
2026-06-08 20:30:28 [DEBUG] xCFG:1013 - 📌 谓词复杂度: 12
2026-06-08 20:30:28 [DEBUG] xCFG:1014 - ------------------------------------------------------------
2026-06-08 20:30:28 [DEBUG] xCFG:1009 - 提取到的守护区块
2026-06-08 20:30:28 [DEBUG] xCFG:1010 - 🎯 提取谓词区域 (守护区块: 0x17a7):
2026-06-08 20:30:28 [DEBUG] xCFG:1011 - 📌 业务约束逻辑: [Existence/Non-Zero Check on: Storage[address _factory]]
2026-06-08 20:30:28 [DEBUG] xCFG:1012 - 📌 驱动此判断的数据源: SLOAD
2026-06-08 20:30:28 [DEBUG] xCFG:1013 - 📌 谓词复杂度: 15
2026-06-08 20:30:28 [DEBUG] xCFG:1014 - ------------------------------------------------------------
2026-06-08 20:30:28 [DEBUG] xCFG:1009 - 提取到的守护区块
2026-06-08 20:30:28 [DEBUG] xCFG:1010 - 🎯 提取谓词区域 (守护区块: 0x18ce):
2026-06-08 20:30:28 [DEBUG] xCFG:1011 - 📌 业务约束逻辑: [Success/Failure Check on: External_Call]
2026-06-08 20:30:28 [DEBUG] xCFG:1012 - 📌 驱动此判断的数据源: STATICCALL, SLOAD
2026-06-08 20:30:28 [DEBUG] xCFG:1013 - 📌 谓词复杂度: 26
2026-06-08 20:30:28 [DEBUG] xCFG:1014 - ------------------------------------------------------------
2026-06-08 20:30:28 [DEBUG] xCFG:1009 - 提取到的守护区块
2026-06-08 20:30:28 [DEBUG] xCFG:1010 - 🎯 提取谓词区域 (守护区块: 0x165):
2026-06-08 20:30:28 [DEBUG] xCFG:1011 - 📌 业务约束逻辑: [Existence/Non-Zero Check on: msg.value]
2026-06-08 20:30:28 [DEBUG] xCFG:1012 - 📌 驱动此判断的数据源: CALLVALUE
2026-06-08 20:30:28 [DEBUG] xCFG:1013 - 📌 谓词复杂度: 4
2026-06-08 20:30:28 [DEBUG] xCFG:1014 - ------------------------------------------------------------
2026-06-08 20:30:28 [DEBUG] xCFG:1009 - 提取到的守护区块
2026-06-08 20:30:28 [DEBUG] xCFG:1010 - 🎯 提取谓词区域 (守护区块: 0x2a2):
2026-06-08 20:30:28 [DEBUG] xCFG:1011 - 📌 业务约束逻辑: [Existence/Non-Zero Check on: msg.value]
2026-06-08 20:30:28 [DEBUG] xCFG:1012 - 📌 驱动此判断的数据源: CALLVALUE
2026-06-08 20:30:28 [DEBUG] xCFG:1013 - 📌 谓词复杂度: 4
2026-06-08 20:30:28 [DEBUG] xCFG:1014 - ------------------------------------------------------------
2026-06-08 20:30:28 [DEBUG] xCFG:1009 - 提取到的守护区块
2026-06-08 20:30:28 [DEBUG] xCFG:1010 - 🎯 提取谓词区域 (守护区块: 0x95f0xc45B0x455):
2026-06-08 20:30:28 [DEBUG] xCFG:1011 - 📌 业务约束逻辑: [msg.sender EQ Storage[address _factory]]
2026-06-08 20:30:28 [DEBUG] xCFG:1012 - 📌 驱动此判断的数据源: SLOAD, CALLER
2026-06-08 20:30:28 [DEBUG] xCFG:1013 - 📌 谓词复杂度: 16
2026-06-08 20:30:28 [DEBUG] xCFG:1014 - ------------------------------------------------------------
2026-06-08 20:30:28 [DEBUG] xCFG:1009 - 提取到的守护区块
2026-06-08 20:30:28 [DEBUG] xCFG:1010 - 🎯 提取谓词区域 (守护区块: 0x48c):
2026-06-08 20:30:28 [DEBUG] xCFG:1011 - 📌 业务约束逻辑: [Existence/Non-Zero Check on: msg.value]
2026-06-08 20:30:28 [DEBUG] xCFG:1012 - 📌 驱动此判断的数据源: CALLVALUE
2026-06-08 20:30:28 [DEBUG] xCFG:1013 - 📌 谓词复杂度: 4
2026-06-08 20:30:28 [DEBUG] xCFG:1014 - ------------------------------------------------------------
2026-06-08 20:30:28 [DEBUG] xCFG:1009 - 提取到的守护区块
2026-06-08 20:30:28 [DEBUG] xCFG:1010 - 🎯 提取谓词区域 (守护区块: 0x2cd):
2026-06-08 20:30:28 [DEBUG] xCFG:1011 - 📌 业务约束逻辑: [Existence/Non-Zero Check on: msg.value]
2026-06-08 20:30:28 [DEBUG] xCFG:1012 - 📌 驱动此判断的数据源: CALLVALUE
2026-06-08 20:30:28 [DEBUG] xCFG:1013 - 📌 谓词复杂度: 4
2026-06-08 20:30:28 [DEBUG] xCFG:1014 - ------------------------------------------------------------
2026-06-08 20:30:28 [DEBUG] xCFG:1009 - 提取到的守护区块
2026-06-08 20:30:28 [DEBUG] xCFG:1010 - 🎯 提取谓词区域 (守护区块: 0x1367):
2026-06-08 20:30:28 [DEBUG] xCFG:1011 - 📌 业务约束逻辑: [Existence/Non-Zero Check on: Storage[bool ___TokenMapped_init]]
2026-06-08 20:30:28 [DEBUG] xCFG:1012 - 📌 驱动此判断的数据源: SLOAD
2026-06-08 20:30:28 [DEBUG] xCFG:1013 - 📌 谓词复杂度: 15
2026-06-08 20:30:28 [DEBUG] xCFG:1014 - ------------------------------------------------------------
2026-06-08 20:30:28 [DEBUG] xCFG:1009 - 提取到的守护区块
2026-06-08 20:30:28 [DEBUG] xCFG:1010 - 🎯 提取谓词区域 (守护区块: 0x17f7):
2026-06-08 20:30:28 [DEBUG] xCFG:1011 - 📌 业务约束逻辑: [msg.value LT Memory_Variable/Array_Length]
2026-06-08 20:30:28 [DEBUG] xCFG:1012 - 📌 驱动此判断的数据源: CALLVALUE
2026-06-08 20:30:28 [DEBUG] xCFG:1013 - 📌 谓词复杂度: 10
2026-06-08 20:30:28 [DEBUG] xCFG:1014 - ------------------------------------------------------------
2026-06-08 20:30:28 [DEBUG] xCFG:1009 - 提取到的守护区块
2026-06-08 20:30:28 [DEBUG] xCFG:1010 - 🎯 提取谓词区域 (守护区块: 0x879B0x2ef):
2026-06-08 20:30:28 [DEBUG] xCFG:1011 - 📌 业务约束逻辑: [Existence/Non-Zero Check on: Storage[bool ___TokenMapped_init]]
2026-06-08 20:30:28 [DEBUG] xCFG:1012 - 📌 驱动此判断的数据源: SLOAD
2026-06-08 20:30:28 [DEBUG] xCFG:1013 - 📌 谓词复杂度: 15
2026-06-08 20:30:28 [DEBUG] xCFG:1014 - ------------------------------------------------------------
2026-06-08 20:30:28 [DEBUG] xCFG:1009 - 提取到的守护区块
2026-06-08 20:30:28 [DEBUG] xCFG:1010 - 🎯 提取谓词区域 (守护区块: 0x85aB0x2ef):
2026-06-08 20:30:28 [DEBUG] xCFG:1011 - 📌 业务约束逻辑: [Existence/Non-Zero Check on: Storage[bool ___TokenMapped_init]]
2026-06-08 20:30:28 [DEBUG] xCFG:1012 - 📌 驱动此判断的数据源: SLOAD
2026-06-08 20:30:28 [DEBUG] xCFG:1013 - 📌 谓词复杂度: 10
2026-06-08 20:30:28 [DEBUG] xCFG:1014 - ------------------------------------------------------------
2026-06-08 20:30:28 [DEBUG] xCFG:1009 - 提取到的守护区块
2026-06-08 20:30:28 [DEBUG] xCFG:1010 - 🎯 提取谓词区域 (守护区块: 0x137d):
2026-06-08 20:30:28 [DEBUG] xCFG:1011 - 📌 业务约束逻辑: [Existence/Non-Zero Check on: Storage[bool ___TokenMapped_init] + Storage[bool stor_0_0_0]]
2026-06-08 20:30:28 [DEBUG] xCFG:1012 - 📌 驱动此判断的数据源: SLOAD
2026-06-08 20:30:28 [DEBUG] xCFG:1013 - 📌 谓词复杂度: 23
2026-06-08 20:30:28 [DEBUG] xCFG:1014 - ------------------------------------------------------------
2026-06-08 20:30:28 [DEBUG] xCFG:1009 - 提取到的守护区块
2026-06-08 20:30:28 [DEBUG] xCFG:1010 - 🎯 提取谓词区域 (守护区块: 0x50b):
2026-06-08 20:30:28 [DEBUG] xCFG:1011 - 📌 业务约束逻辑: [Existence/Non-Zero Check on: msg.value]
2026-06-08 20:30:28 [DEBUG] xCFG:1012 - 📌 驱动此判断的数据源: CALLVALUE
2026-06-08 20:30:28 [DEBUG] xCFG:1013 - 📌 谓词复杂度: 4
2026-06-08 20:30:28 [DEBUG] xCFG:1014 - ------------------------------------------------------------
2026-06-08 20:30:28 [DEBUG] xCFG:1009 - 提取到的守护区块
2026-06-08 20:30:28 [DEBUG] xCFG:1010 - 🎯 提取谓词区域 (守护区块: 0x321):
2026-06-08 20:30:28 [DEBUG] xCFG:1011 - 📌 业务约束逻辑: [Existence/Non-Zero Check on: msg.value]
2026-06-08 20:30:28 [DEBUG] xCFG:1012 - 📌 驱动此判断的数据源: CALLVALUE
2026-06-08 20:30:28 [DEBUG] xCFG:1013 - 📌 谓词复杂度: 4
2026-06-08 20:30:28 [DEBUG] xCFG:1014 - ------------------------------------------------------------
2026-06-08 20:30:28 [DEBUG] xCFG:1009 - 提取到的守护区块
2026-06-08 20:30:28 [DEBUG] xCFG:1010 - 🎯 提取谓词区域 (守护区块: 0x1e89B0x1e03B0x1cb8):
2026-06-08 20:30:28 [DEBUG] xCFG:1011 - 📌 业务约束逻辑: [Existence/Non-Zero Check on: Storage[address _token]]
2026-06-08 20:30:28 [DEBUG] xCFG:1012 - 📌 驱动此判断的数据源: SLOAD, CALLPRIVATE
2026-06-08 20:30:28 [DEBUG] xCFG:1013 - 📌 谓词复杂度: 17
2026-06-08 20:30:28 [DEBUG] xCFG:1014 - ------------------------------------------------------------
2026-06-08 20:30:28 [DEBUG] xCFG:1009 - 提取到的守护区块
2026-06-08 20:30:28 [DEBUG] xCFG:1010 - 🎯 提取谓词区域 (守护区块: 0xe82):
2026-06-08 20:30:28 [DEBUG] xCFG:1011 - 📌 业务约束逻辑: [Success/Failure Check on: External_Call]
2026-06-08 20:30:28 [DEBUG] xCFG:1012 - 📌 驱动此判断的数据源: STATICCALL, SLOAD
2026-06-08 20:30:28 [DEBUG] xCFG:1013 - 📌 谓词复杂度: 26
2026-06-08 20:30:28 [DEBUG] xCFG:1014 - ------------------------------------------------------------
2026-06-08 20:30:28 [DEBUG] xCFG:1009 - 提取到的守护区块
2026-06-08 20:30:28 [DEBUG] xCFG:1010 - 🎯 提取谓词区域 (守护区块: 0x4b5):
2026-06-08 20:30:28 [DEBUG] xCFG:1011 - 📌 业务约束逻辑: [Existence/Non-Zero Check on: msg.value]
2026-06-08 20:30:28 [DEBUG] xCFG:1012 - 📌 驱动此判断的数据源: CALLVALUE
2026-06-08 20:30:28 [DEBUG] xCFG:1013 - 📌 谓词复杂度: 4
2026-06-08 20:30:28 [DEBUG] xCFG:1014 - ------------------------------------------------------------
2026-06-08 20:30:28 [DEBUG] xCFG:1009 - 提取到的守护区块
2026-06-08 20:30:28 [DEBUG] xCFG:1010 - 🎯 提取谓词区域 (守护区块: 0x1a83):
2026-06-08 20:30:28 [DEBUG] xCFG:1011 - 📌 业务约束逻辑: [Existence/Non-Zero Check on: Storage[bool ___TokenMapped_init]]
2026-06-08 20:30:28 [DEBUG] xCFG:1012 - 📌 驱动此判断的数据源: SLOAD
2026-06-08 20:30:28 [DEBUG] xCFG:1013 - 📌 谓词复杂度: 10
2026-06-08 20:30:28 [DEBUG] xCFG:1014 - ------------------------------------------------------------
2026-06-08 20:30:28 [DEBUG] xCFG:1009 - 提取到的守护区块
2026-06-08 20:30:28 [DEBUG] xCFG:1010 - 🎯 提取谓词区域 (守护区块: 0x1a2):
2026-06-08 20:30:28 [DEBUG] xCFG:1011 - 📌 业务约束逻辑: [Existence/Non-Zero Check on: msg.value]
2026-06-08 20:30:28 [DEBUG] xCFG:1012 - 📌 驱动此判断的数据源: CALLVALUE
2026-06-08 20:30:28 [DEBUG] xCFG:1013 - 📌 谓词复杂度: 4
2026-06-08 20:30:28 [DEBUG] xCFG:1014 - ------------------------------------------------------------
2026-06-08 20:30:28 [DEBUG] xCFG:1009 - 提取到的守护区块
2026-06-08 20:30:28 [DEBUG] xCFG:1010 - 🎯 提取谓词区域 (守护区块: 0x408):
2026-06-08 20:30:28 [DEBUG] xCFG:1011 - 📌 业务约束逻辑: [Existence/Non-Zero Check on: msg.value]
2026-06-08 20:30:28 [DEBUG] xCFG:1012 - 📌 驱动此判断的数据源: CALLVALUE
2026-06-08 20:30:28 [DEBUG] xCFG:1013 - 📌 谓词复杂度: 4
2026-06-08 20:30:28 [DEBUG] xCFG:1014 - ------------------------------------------------------------
2026-06-08 20:30:28 [DEBUG] xCFG:1009 - 提取到的守护区块
2026-06-08 20:30:28 [DEBUG] xCFG:1010 - 🎯 提取谓词区域 (守护区块: 0x95fB0x343):
2026-06-08 20:30:28 [DEBUG] xCFG:1011 - 📌 业务约束逻辑: [Storage[address _factory] EQ msg.sender]
2026-06-08 20:30:28 [DEBUG] xCFG:1012 - 📌 驱动此判断的数据源: SLOAD, CALLER
2026-06-08 20:30:28 [DEBUG] xCFG:1013 - 📌 谓词复杂度: 16
2026-06-08 20:30:28 [DEBUG] xCFG:1014 - ------------------------------------------------------------
2026-06-08 20:30:28 [DEBUG] xCFG:1009 - 提取到的守护区块
2026-06-08 20:30:28 [DEBUG] xCFG:1010 - 🎯 提取谓词区域 (守护区块: 0x536):
2026-06-08 20:30:28 [DEBUG] xCFG:1011 - 📌 业务约束逻辑: [Existence/Non-Zero Check on: msg.value]
2026-06-08 20:30:28 [DEBUG] xCFG:1012 - 📌 驱动此判断的数据源: CALLVALUE
2026-06-08 20:30:28 [DEBUG] xCFG:1013 - 📌 谓词复杂度: 4
2026-06-08 20:30:28 [DEBUG] xCFG:1014 - ------------------------------------------------------------
2026-06-08 20:30:28 [DEBUG] xCFG:1009 - 提取到的守护区块
2026-06-08 20:30:28 [DEBUG] xCFG:1010 - 🎯 提取谓词区域 (守护区块: 0x16a4B0x4ec):
2026-06-08 20:30:28 [DEBUG] xCFG:1011 - 📌 业务约束逻辑: [Success/Failure Check on: External_Call]
2026-06-08 20:30:28 [DEBUG] xCFG:1012 - 📌 驱动此判断的数据源: STATICCALL, SLOAD
2026-06-08 20:30:28 [DEBUG] xCFG:1013 - 📌 谓词复杂度: 26
2026-06-08 20:30:28 [DEBUG] xCFG:1014 - ------------------------------------------------------------
2026-06-08 20:30:28 [DEBUG] xCFG:1009 - 提取到的守护区块
2026-06-08 20:30:28 [DEBUG] xCFG:1010 - 🎯 提取谓词区域 (守护区块: 0x35e):
2026-06-08 20:30:28 [DEBUG] xCFG:1011 - 📌 业务约束逻辑: [Existence/Non-Zero Check on: msg.value]
2026-06-08 20:30:28 [DEBUG] xCFG:1012 - 📌 驱动此判断的数据源: CALLVALUE
2026-06-08 20:30:28 [DEBUG] xCFG:1013 - 📌 谓词复杂度: 4
2026-06-08 20:30:28 [DEBUG] xCFG:1014 - ------------------------------------------------------------
2026-06-08 20:30:28 [DEBUG] xCFG:1009 - 提取到的守护区块
2026-06-08 20:30:28 [DEBUG] xCFG:1010 - 🎯 提取谓词区域 (守护区块: 0x1567):
2026-06-08 20:30:28 [DEBUG] xCFG:1011 - 📌 业务约束逻辑: [Success/Failure Check on: External_Call]
2026-06-08 20:30:28 [DEBUG] xCFG:1012 - 📌 驱动此判断的数据源: STATICCALL, SLOAD
2026-06-08 20:30:28 [DEBUG] xCFG:1013 - 📌 谓词复杂度: 24
2026-06-08 20:30:28 [DEBUG] xCFG:1014 - ------------------------------------------------------------
2026-06-08 20:30:28 [DEBUG] xCFG:1009 - 提取到的守护区块
2026-06-08 20:30:28 [DEBUG] xCFG:1010 - 🎯 提取谓词区域 (守护区块: 0x18b6):
2026-06-08 20:30:28 [DEBUG] xCFG:1011 - 📌 业务约束逻辑: [Existence/Non-Zero Check on: Storage[address _factory]]
2026-06-08 20:30:28 [DEBUG] xCFG:1012 - 📌 驱动此判断的数据源: SLOAD
2026-06-08 20:30:28 [DEBUG] xCFG:1013 - 📌 谓词复杂度: 15
2026-06-08 20:30:28 [DEBUG] xCFG:1014 - ------------------------------------------------------------
2026-06-08 20:30:28 [DEBUG] xCFG:1009 - 提取到的守护区块
2026-06-08 20:30:28 [DEBUG] xCFG:1010 - 🎯 提取谓词区域 (守护区块: 0x1b47):
2026-06-08 20:30:28 [DEBUG] xCFG:1011 - 📌 业务约束逻辑: [Existence/Non-Zero Check on: Storage[bool ___TokenMapped_init]]
2026-06-08 20:30:28 [DEBUG] xCFG:1012 - 📌 驱动此判断的数据源: SLOAD
2026-06-08 20:30:28 [DEBUG] xCFG:1013 - 📌 谓词复杂度: 12
2026-06-08 20:30:28 [DEBUG] xCFG:1014 - ------------------------------------------------------------
2026-06-08 20:30:28 [DEBUG] xCFG:1009 - 提取到的守护区块
2026-06-08 20:30:28 [DEBUG] xCFG:1010 - 🎯 提取谓词区域 (守护区块: 0xa830x5b7B0x1ef):
2026-06-08 20:30:28 [DEBUG] xCFG:1011 - 📌 业务约束逻辑: [msg.sender EQ Storage[address _factory]]
2026-06-08 20:30:28 [DEBUG] xCFG:1012 - 📌 驱动此判断的数据源: SLOAD, CALLER
2026-06-08 20:30:28 [DEBUG] xCFG:1013 - 📌 谓词复杂度: 16
2026-06-08 20:30:28 [DEBUG] xCFG:1014 - ------------------------------------------------------------
2026-06-08 20:30:28 [DEBUG] xCFG:1009 - 提取到的守护区块
2026-06-08 20:30:28 [DEBUG] xCFG:1010 - 🎯 提取谓词区域 (守护区块: 0x13a):
2026-06-08 20:30:28 [DEBUG] xCFG:1011 - 📌 业务约束逻辑: [Existence/Non-Zero Check on: msg.value]
2026-06-08 20:30:28 [DEBUG] xCFG:1012 - 📌 驱动此判断的数据源: CALLVALUE
2026-06-08 20:30:28 [DEBUG] xCFG:1013 - 📌 谓词复杂度: 4
2026-06-08 20:30:28 [DEBUG] xCFG:1014 - ------------------------------------------------------------
2026-06-08 20:30:28 [DEBUG] xCFG:1009 - 提取到的守护区块
2026-06-08 20:30:28 [DEBUG] xCFG:1010 - 🎯 提取谓词区域 (守护区块: 0x10c2):
2026-06-08 20:30:28 [DEBUG] xCFG:1011 - 📌 业务约束逻辑: [Success/Failure Check on: External_Call]
2026-06-08 20:30:28 [DEBUG] xCFG:1012 - 📌 驱动此判断的数据源: STATICCALL
2026-06-08 20:30:28 [DEBUG] xCFG:1013 - 📌 谓词复杂度: 17
2026-06-08 20:30:28 [DEBUG] xCFG:1014 - ------------------------------------------------------------
2026-06-08 20:30:28 [DEBUG] xCFG:1009 - 提取到的守护区块
2026-06-08 20:30:28 [DEBUG] xCFG:1010 - 🎯 提取谓词区域 (守护区块: 0xd45):
2026-06-08 20:30:28 [DEBUG] xCFG:1011 - 📌 业务约束逻辑: [CONST(0x0) EQ Storage[mapping (uint256 => mapping (address => mapping (uint256 => uint256))) _received]]
2026-06-08 20:30:28 [DEBUG] xCFG:1012 - 📌 驱动此判断的数据源: SLOAD
2026-06-08 20:30:28 [DEBUG] xCFG:1013 - 📌 谓词复杂度: 12
2026-06-08 20:30:28 [DEBUG] xCFG:1014 - ------------------------------------------------------------
2026-06-08 20:30:28 [DEBUG] xCFG:1009 - 提取到的守护区块
2026-06-08 20:30:28 [DEBUG] xCFG:1010 - 🎯 提取谓词区域 (守护区块: 0x17bf):
2026-06-08 20:30:28 [DEBUG] xCFG:1011 - 📌 业务约束逻辑: [Success/Failure Check on: External_Call]
2026-06-08 20:30:28 [DEBUG] xCFG:1012 - 📌 驱动此判断的数据源: STATICCALL, SLOAD
2026-06-08 20:30:28 [DEBUG] xCFG:1013 - 📌 谓词复杂度: 26
2026-06-08 20:30:28 [DEBUG] xCFG:1014 - ------------------------------------------------------------
2026-06-08 20:30:28 [DEBUG] xCFG:1009 - 提取到的守护区块
2026-06-08 20:30:28 [DEBUG] xCFG:1010 - 🎯 提取谓词区域 (守护区块: 0x39b):
2026-06-08 20:30:28 [DEBUG] xCFG:1011 - 📌 业务约束逻辑: [Existence/Non-Zero Check on: msg.value]
2026-06-08 20:30:28 [DEBUG] xCFG:1012 - 📌 驱动此判断的数据源: CALLVALUE
2026-06-08 20:30:28 [DEBUG] xCFG:1013 - 📌 谓词复杂度: 4
2026-06-08 20:30:28 [DEBUG] xCFG:1014 - ------------------------------------------------------------
2026-06-08 20:30:28 [DEBUG] xCFG:1009 - 提取到的守护区块
2026-06-08 20:30:28 [DEBUG] xCFG:1010 - 🎯 提取谓词区域 (守护区块: 0x1ab8):
2026-06-08 20:30:28 [DEBUG] xCFG:1011 - 📌 业务约束逻辑: [Existence/Non-Zero Check on: Storage[bool ___TokenMapped_init] + Storage[bool stor_0_0_0]]
2026-06-08 20:30:28 [DEBUG] xCFG:1012 - 📌 驱动此判断的数据源: SLOAD
2026-06-08 20:30:28 [DEBUG] xCFG:1013 - 📌 谓词复杂度: 23
2026-06-08 20:30:28 [DEBUG] xCFG:1014 - ------------------------------------------------------------
2026-06-08 20:30:28 [DEBUG] xCFG:1009 - 提取到的守护区块
2026-06-08 20:30:28 [DEBUG] xCFG:1010 - 🎯 提取谓词区域 (守护区块: 0x1cd):
2026-06-08 20:30:28 [DEBUG] xCFG:1011 - 📌 业务约束逻辑: [Existence/Non-Zero Check on: msg.value]
2026-06-08 20:30:28 [DEBUG] xCFG:1012 - 📌 驱动此判断的数据源: CALLVALUE
2026-06-08 20:30:28 [DEBUG] xCFG:1013 - 📌 谓词复杂度: 4
2026-06-08 20:30:28 [DEBUG] xCFG:1014 - ------------------------------------------------------------
2026-06-08 20:30:28 [DEBUG] xCFG:1009 - 提取到的守护区块
2026-06-08 20:30:28 [DEBUG] xCFG:1010 - 🎯 提取谓词区域 (守护区块: 0x9f10xc45B0x455):
2026-06-08 20:30:28 [DEBUG] xCFG:1011 - 📌 业务约束逻辑: [Memory_Variable/Array_Length LT Storage[mapping (address => uint256) _authQuotaOf]]
2026-06-08 20:30:28 [DEBUG] xCFG:1012 - 📌 驱动此判断的数据源: SLOAD
2026-06-08 20:30:28 [DEBUG] xCFG:1013 - 📌 谓词复杂度: 25
2026-06-08 20:30:28 [DEBUG] xCFG:1014 - ------------------------------------------------------------
2026-06-08 20:30:28 [DEBUG] xCFG:1009 - 提取到的守护区块
2026-06-08 20:30:28 [DEBUG] xCFG:1010 - 🎯 提取谓词区域 (守护区块: 0x433):
2026-06-08 20:30:28 [DEBUG] xCFG:1011 - 📌 业务约束逻辑: [Existence/Non-Zero Check on: msg.value]
2026-06-08 20:30:28 [DEBUG] xCFG:1012 - 📌 驱动此判断的数据源: CALLVALUE
2026-06-08 20:30:28 [DEBUG] xCFG:1013 - 📌 谓词复杂度: 4
2026-06-08 20:30:28 [DEBUG] xCFG:1014 - ------------------------------------------------------------
2026-06-08 20:30:28 [DEBUG] xCFG:1009 - 提取到的守护区块
2026-06-08 20:30:28 [DEBUG] xCFG:1010 - 🎯 提取谓词区域 (守护区块: 0x15c7):
2026-06-08 20:30:28 [DEBUG] xCFG:1011 - 📌 业务约束逻辑: [Existence/Non-Zero Check on: Storage[bool ___TokenMapped_init]]
2026-06-08 20:30:28 [DEBUG] xCFG:1012 - 📌 驱动此判断的数据源: SLOAD
2026-06-08 20:30:28 [DEBUG] xCFG:1013 - 📌 谓词复杂度: 12
2026-06-08 20:30:28 [DEBUG] xCFG:1014 - ------------------------------------------------------------
2026-06-08 20:30:28 [DEBUG] xCFG:1009 - 提取到的守护区块
2026-06-08 20:30:28 [DEBUG] xCFG:1010 - 🎯 提取谓词区域 (守护区块: 0x88fB0x2ef):
2026-06-08 20:30:28 [DEBUG] xCFG:1011 - 📌 业务约束逻辑: [Existence/Non-Zero Check on: Storage[bool ___TokenMapped_init] + Storage[bool stor_0_0_0]]
2026-06-08 20:30:28 [DEBUG] xCFG:1012 - 📌 驱动此判断的数据源: SLOAD
2026-06-08 20:30:28 [DEBUG] xCFG:1013 - 📌 谓词复杂度: 23
2026-06-08 20:30:28 [DEBUG] xCFG:1014 - ------------------------------------------------------------
2026-06-08 20:30:28 [DEBUG] xCFG:1009 - 提取到的守护区块
2026-06-08 20:30:28 [DEBUG] xCFG:1010 - 🎯 提取谓词区域 (守护区块: 0x2f6):
2026-06-08 20:30:28 [DEBUG] xCFG:1011 - 📌 业务约束逻辑: [Existence/Non-Zero Check on: msg.value]
2026-06-08 20:30:28 [DEBUG] xCFG:1012 - 📌 驱动此判断的数据源: CALLVALUE
2026-06-08 20:30:28 [DEBUG] xCFG:1013 - 📌 谓词复杂度: 4
2026-06-08 20:30:28 [DEBUG] xCFG:1014 - ------------------------------------------------------------
2026-06-08 20:30:28 [DEBUG] xCFG:1009 - 提取到的守护区块
2026-06-08 20:30:28 [DEBUG] xCFG:1010 - 🎯 提取谓词区域 (守护区块: 0x9f10x95fB0x343):
2026-06-08 20:30:28 [DEBUG] xCFG:1011 - 📌 业务约束逻辑: [Args LT Storage[mapping (address => uint256) _authQuotaOf]]
2026-06-08 20:30:28 [DEBUG] xCFG:1012 - 📌 驱动此判断的数据源: SLOAD, CALLDATALOAD
2026-06-08 20:30:28 [DEBUG] xCFG:1013 - 📌 谓词复杂度: 16
2026-06-08 20:30:28 [DEBUG] xCFG:1014 - ------------------------------------------------------------
2026-06-08 20:30:28 [DEBUG] xCFG:1009 - 提取到的守护区块
2026-06-08 20:30:28 [DEBUG] xCFG:1010 - 🎯 提取谓词区域 (守护区块: 0x1f33B0x1d32B0x1a19):
2026-06-08 20:30:28 [DEBUG] xCFG:1011 - 📌 业务约束逻辑: [Success/Failure Check on: External_Call]
2026-06-08 20:30:28 [DEBUG] xCFG:1012 - 📌 驱动此判断的数据源: SLOAD, CALL
2026-06-08 20:30:28 [DEBUG] xCFG:1013 - 📌 谓词复杂度: 27
2026-06-08 20:30:28 [DEBUG] xCFG:1014 - ------------------------------------------------------------
2026-06-08 20:30:28 [DEBUG] xCFG:1009 - 提取到的守护区块
2026-06-08 20:30:28 [DEBUG] xCFG:1010 - 🎯 提取谓词区域 (守护区块: 0x235):
2026-06-08 20:30:28 [DEBUG] xCFG:1011 - 📌 业务约束逻辑: [Existence/Non-Zero Check on: msg.value]
2026-06-08 20:30:28 [DEBUG] xCFG:1012 - 📌 驱动此判断的数据源: CALLVALUE
2026-06-08 20:30:28 [DEBUG] xCFG:1013 - 📌 谓词复杂度: 4
2026-06-08 20:30:28 [DEBUG] xCFG:1014 - ------------------------------------------------------------
2026-06-08 20:30:28 [DEBUG] xCFG:1009 - 提取到的守护区块
2026-06-08 20:30:28 [DEBUG] xCFG:1010 - 🎯 提取谓词区域 (守护区块: 0x1af7):
2026-06-08 20:30:28 [DEBUG] xCFG:1011 - 📌 业务约束逻辑: [Existence/Non-Zero Check on: Storage[bool ___TokenMapped_init]]
2026-06-08 20:30:28 [DEBUG] xCFG:1012 - 📌 驱动此判断的数据源: SLOAD
2026-06-08 20:30:28 [DEBUG] xCFG:1013 - 📌 谓词复杂度: 12
2026-06-08 20:30:28 [DEBUG] xCFG:1014 - ------------------------------------------------------------
2026-06-08 20:30:28 [DEBUG] xCFG:1009 - 提取到的守护区块
2026-06-08 20:30:28 [DEBUG] xCFG:1010 - 🎯 提取谓词区域 (守护区块: 0x168cB0x4ec):
2026-06-08 20:30:28 [DEBUG] xCFG:1011 - 📌 业务约束逻辑: [Existence/Non-Zero Check on: Storage[address _token]]
2026-06-08 20:30:28 [DEBUG] xCFG:1012 - 📌 驱动此判断的数据源: SLOAD
2026-06-08 20:30:28 [DEBUG] xCFG:1013 - 📌 谓词复杂度: 15
2026-06-08 20:30:28 [DEBUG] xCFG:1014 - ------------------------------------------------------------
2026-06-08 20:30:28 [DEBUG] xCFG:1009 - 提取到的守护区块
2026-06-08 20:30:28 [DEBUG] xCFG:1010 - 🎯 提取谓词区域 (守护区块: 0x20a):
2026-06-08 20:30:28 [DEBUG] xCFG:1011 - 📌 业务约束逻辑: [Existence/Non-Zero Check on: msg.value]
2026-06-08 20:30:28 [DEBUG] xCFG:1012 - 📌 驱动此判断的数据源: CALLVALUE
2026-06-08 20:30:28 [DEBUG] xCFG:1013 - 📌 谓词复杂度: 4
2026-06-08 20:30:28 [DEBUG] xCFG:1014 - ------------------------------------------------------------
2026-06-08 20:30:28 [DEBUG] xCFG:1009 - 提取到的守护区块
2026-06-08 20:30:28 [DEBUG] xCFG:1010 - 🎯 提取谓词区域 (守护区块: 0x1aa2):
2026-06-08 20:30:28 [DEBUG] xCFG:1011 - 📌 业务约束逻辑: [Existence/Non-Zero Check on: Storage[bool ___TokenMapped_init]]
2026-06-08 20:30:28 [DEBUG] xCFG:1012 - 📌 驱动此判断的数据源: SLOAD
2026-06-08 20:30:28 [DEBUG] xCFG:1013 - 📌 谓词复杂度: 15
2026-06-08 20:30:28 [DEBUG] xCFG:1014 - ------------------------------------------------------------
2026-06-08 20:30:28 [DEBUG] xCFG:1009 - 提取到的守护区块
2026-06-08 20:30:28 [DEBUG] xCFG:1010 - 🎯 提取谓词区域 (守护区块: 0xa830x39b):
2026-06-08 20:30:28 [DEBUG] xCFG:1011 - 📌 业务约束逻辑: [msg.sender EQ Storage[address _factory]]
2026-06-08 20:30:28 [DEBUG] xCFG:1012 - 📌 驱动此判断的数据源: SLOAD, CALLER
2026-06-08 20:30:28 [DEBUG] xCFG:1013 - 📌 谓词复杂度: 16
2026-06-08 20:30:28 [DEBUG] xCFG:1014 - ------------------------------------------------------------
2026-06-08 20:30:28 [DEBUG] xCFG:1009 - 提取到的守护区块
2026-06-08 20:30:28 [DEBUG] xCFG:1010 - 🎯 提取谓词区域 (守护区块: 0x1455):
2026-06-08 20:30:28 [DEBUG] xCFG:1011 - 📌 业务约束逻辑: [Existence/Non-Zero Check on: Storage[address _token]]
2026-06-08 20:30:28 [DEBUG] xCFG:1012 - 📌 驱动此判断的数据源: SLOAD
2026-06-08 20:30:28 [DEBUG] xCFG:1013 - 📌 谓词复杂度: 15
2026-06-08 20:30:28 [DEBUG] xCFG:1014 - ------------------------------------------------------------
2026-06-08 20:30:28 [DEBUG] xCFG:1009 - 提取到的守护区块
2026-06-08 20:30:28 [DEBUG] xCFG:1010 - 🎯 提取谓词区域 (守护区块: 0x13bc):
2026-06-08 20:30:28 [DEBUG] xCFG:1011 - 📌 业务约束逻辑: [Existence/Non-Zero Check on: Storage[bool ___TokenMapped_init]]
2026-06-08 20:30:28 [DEBUG] xCFG:1012 - 📌 驱动此判断的数据源: SLOAD
2026-06-08 20:30:28 [DEBUG] xCFG:1013 - 📌 谓词复杂度: 12
2026-06-08 20:30:28 [DEBUG] xCFG:1014 - ------------------------------------------------------------
2026-06-08 20:30:28 [DEBUG] xCFG:1009 - 提取到的守护区块
2026-06-08 20:30:28 [DEBUG] xCFG:1010 - 🎯 提取谓词区域 (守护区块: 0x930B0x2ef):
2026-06-08 20:30:28 [DEBUG] xCFG:1011 - 📌 业务约束逻辑: [Existence/Non-Zero Check on: Storage[bool ___TokenMapped_init]]
2026-06-08 20:30:28 [DEBUG] xCFG:1012 - 📌 驱动此判断的数据源: SLOAD
2026-06-08 20:30:28 [DEBUG] xCFG:1013 - 📌 谓词复杂度: 12
2026-06-08 20:30:28 [DEBUG] xCFG:1014 - ------------------------------------------------------------
2026-06-08 20:30:28 [INFO] xCFG:1020 - [+] 切片提取完毕！共输出 58 个宽松但有效的守护区块 (AUTH_BLOCKS)。
2026-06-09 20:56:36 [INFO] __main__:147 - SmartGuard 启动
2026-06-09 20:56:36 [INFO] tac_analysis:25 - 开始分析合约状态存储
2026-06-09 20:56:37 [INFO] tac_analysis:216 - 🎯 合约存储分析完成！
2026-06-09 20:56:37 [INFO] tac_analysis:221 - 开始分析公共函数调用
2026-06-09 20:56:37 [INFO] tac_analysis:325 - 🎯 Caller & Calldata 分析完成！
2026-06-09 20:56:37 [INFO] tac_analysis:330 - 开始分析Public Function Args
2026-06-09 20:56:37 [INFO] tac_analysis:364 - 🎯 Public Function Args 分析完成！
2026-06-09 20:56:37 [INFO] tac_analysis:369 - 开始分析Private Function Args
2026-06-09 20:56:37 [INFO] tac_analysis:413 - 🎯 Private Function Args 分析完成！
2026-06-09 20:56:37 [INFO] tac_analysis:419 - 开始分析合约event
2026-06-09 20:56:37 [INFO] tac_analysis:441 - 🎯 合约 event 分析完成！
2026-06-09 20:56:37 [INFO] xCFG:21 - 开始构建全局控制流图
2026-06-09 20:56:37 [INFO] xCFG:112 - 🎯 合约全局控制流图构建完成！
2026-06-09 20:56:37 [INFO] xCFG:117 - 针对跨链event，开始构建函数级调用图
2026-06-09 20:56:37 [INFO] xCFG:148 - 🎯 函数级调用图构建完成！
2026-06-09 20:56:37 [INFO] xCFG:2292 - 开始构建授权检查块
2026-06-09 20:56:37 [INFO] xCFG:157 - 开始构建数据流依赖图
2026-06-09 20:56:37 [INFO] xCFG:171 - 🎯 数据流依赖图构建完成！
2026-06-09 20:56:37 [INFO] xCFG:936 - 开始基于JUMPI语句进行守护区块提取
2026-06-09 20:56:37 [INFO] xCFG:945 - 关键数据源：CALLER, ORIGIN, CALLVALUE, SLOAD, CALLDATALOAD, CALLDATACOPY, CALL, STATICCALL
2026-06-09 20:56:37 [INFO] xCFG:958 - [*] 发现 150 个受关键数据影响的条件跳转 (JUMPI)。
2026-06-09 20:56:37 [INFO] xCFG:961 - 开始进行向后切片 (Backward Slicing) 提取谓词区域...
2026-06-09 20:56:37 [DEBUG] xCFG:1012 - 提取到的守护区块
2026-06-09 20:56:37 [DEBUG] xCFG:1013 - 🎯 提取谓词区域 (守护区块: 0x235):
2026-06-09 20:56:37 [DEBUG] xCFG:1014 - 📌 业务约束逻辑: [Existence/Non-Zero Check on: msg.value]
2026-06-09 20:56:37 [DEBUG] xCFG:1015 - 📌 驱动此判断的数据源: CALLVALUE
2026-06-09 20:56:37 [DEBUG] xCFG:1016 - 📌 谓词复杂度: 4
2026-06-09 20:56:37 [DEBUG] xCFG:1017 - ------------------------------------------------------------
2026-06-09 20:56:37 [DEBUG] xCFG:1012 - 提取到的守护区块
2026-06-09 20:56:37 [DEBUG] xCFG:1013 - 🎯 提取谓词区域 (守护区块: 0x1b47):
2026-06-09 20:56:37 [DEBUG] xCFG:1014 - 📌 业务约束逻辑: [Existence/Non-Zero Check on: Storage[bool ___TokenMapped_init]]
2026-06-09 20:56:37 [DEBUG] xCFG:1015 - 📌 驱动此判断的数据源: SLOAD
2026-06-09 20:56:37 [DEBUG] xCFG:1016 - 📌 谓词复杂度: 12
2026-06-09 20:56:37 [DEBUG] xCFG:1017 - ------------------------------------------------------------
2026-06-09 20:56:37 [DEBUG] xCFG:1012 - 提取到的守护区块
2026-06-09 20:56:37 [DEBUG] xCFG:1013 - 🎯 提取谓词区域 (守护区块: 0x48c):
2026-06-09 20:56:37 [DEBUG] xCFG:1014 - 📌 业务约束逻辑: [Existence/Non-Zero Check on: msg.value]
2026-06-09 20:56:37 [DEBUG] xCFG:1015 - 📌 驱动此判断的数据源: CALLVALUE
2026-06-09 20:56:37 [DEBUG] xCFG:1016 - 📌 谓词复杂度: 4
2026-06-09 20:56:37 [DEBUG] xCFG:1017 - ------------------------------------------------------------
2026-06-09 20:56:37 [DEBUG] xCFG:1012 - 提取到的守护区块
2026-06-09 20:56:37 [DEBUG] xCFG:1013 - 🎯 提取谓词区域 (守护区块: 0x930B0x2ef):
2026-06-09 20:56:37 [DEBUG] xCFG:1014 - 📌 业务约束逻辑: [Existence/Non-Zero Check on: Storage[bool ___TokenMapped_init]]
2026-06-09 20:56:37 [DEBUG] xCFG:1015 - 📌 驱动此判断的数据源: SLOAD
2026-06-09 20:56:37 [DEBUG] xCFG:1016 - 📌 谓词复杂度: 12
2026-06-09 20:56:37 [DEBUG] xCFG:1017 - ------------------------------------------------------------
2026-06-09 20:56:37 [DEBUG] xCFG:1012 - 提取到的守护区块
2026-06-09 20:56:37 [DEBUG] xCFG:1013 - 🎯 提取谓词区域 (守护区块: 0x85aB0x2ef):
2026-06-09 20:56:37 [DEBUG] xCFG:1014 - 📌 业务约束逻辑: [Existence/Non-Zero Check on: Storage[bool ___TokenMapped_init]]
2026-06-09 20:56:37 [DEBUG] xCFG:1015 - 📌 驱动此判断的数据源: SLOAD
2026-06-09 20:56:37 [DEBUG] xCFG:1016 - 📌 谓词复杂度: 10
2026-06-09 20:56:37 [DEBUG] xCFG:1017 - ------------------------------------------------------------
2026-06-09 20:56:37 [DEBUG] xCFG:1012 - 提取到的守护区块
2026-06-09 20:56:37 [DEBUG] xCFG:1013 - 🎯 提取谓词区域 (守护区块: 0x1af7):
2026-06-09 20:56:37 [DEBUG] xCFG:1014 - 📌 业务约束逻辑: [Existence/Non-Zero Check on: Storage[bool ___TokenMapped_init]]
2026-06-09 20:56:37 [DEBUG] xCFG:1015 - 📌 驱动此判断的数据源: SLOAD
2026-06-09 20:56:37 [DEBUG] xCFG:1016 - 📌 谓词复杂度: 12
2026-06-09 20:56:37 [DEBUG] xCFG:1017 - ------------------------------------------------------------
2026-06-09 20:56:37 [DEBUG] xCFG:1012 - 提取到的守护区块
2026-06-09 20:56:37 [DEBUG] xCFG:1013 - 🎯 提取谓词区域 (守护区块: 0x95f0xc45B0x455):
2026-06-09 20:56:37 [DEBUG] xCFG:1014 - 📌 业务约束逻辑: [msg.sender EQ Storage[address _factory]]
2026-06-09 20:56:37 [DEBUG] xCFG:1015 - 📌 驱动此判断的数据源: SLOAD, CALLER
2026-06-09 20:56:37 [DEBUG] xCFG:1016 - 📌 谓词复杂度: 16
2026-06-09 20:56:37 [DEBUG] xCFG:1017 - ------------------------------------------------------------
2026-06-09 20:56:37 [DEBUG] xCFG:1012 - 提取到的守护区块
2026-06-09 20:56:37 [DEBUG] xCFG:1013 - 🎯 提取谓词区域 (守护区块: 0x1e89B0x1d32B0x1a19):
2026-06-09 20:56:37 [DEBUG] xCFG:1014 - 📌 业务约束逻辑: [Existence/Non-Zero Check on: Storage[address _token]]
2026-06-09 20:56:37 [DEBUG] xCFG:1015 - 📌 驱动此判断的数据源: SLOAD, CALLPRIVATE
2026-06-09 20:56:37 [DEBUG] xCFG:1016 - 📌 谓词复杂度: 17
2026-06-09 20:56:37 [DEBUG] xCFG:1017 - ------------------------------------------------------------
2026-06-09 20:56:37 [DEBUG] xCFG:1012 - 提取到的守护区块
2026-06-09 20:56:37 [DEBUG] xCFG:1013 - 🎯 提取谓词区域 (守护区块: 0x433):
2026-06-09 20:56:37 [DEBUG] xCFG:1014 - 📌 业务约束逻辑: [Existence/Non-Zero Check on: msg.value]
2026-06-09 20:56:37 [DEBUG] xCFG:1015 - 📌 驱动此判断的数据源: CALLVALUE
2026-06-09 20:56:37 [DEBUG] xCFG:1016 - 📌 谓词复杂度: 4
2026-06-09 20:56:37 [DEBUG] xCFG:1017 - ------------------------------------------------------------
2026-06-09 20:56:37 [DEBUG] xCFG:1012 - 提取到的守护区块
2026-06-09 20:56:37 [DEBUG] xCFG:1013 - 🎯 提取谓词区域 (守护区块: 0x17bf):
2026-06-09 20:56:37 [DEBUG] xCFG:1014 - 📌 业务约束逻辑: [Success/Failure Check on: External_Call]
2026-06-09 20:56:37 [DEBUG] xCFG:1015 - 📌 驱动此判断的数据源: STATICCALL, SLOAD
2026-06-09 20:56:37 [DEBUG] xCFG:1016 - 📌 谓词复杂度: 26
2026-06-09 20:56:37 [DEBUG] xCFG:1017 - ------------------------------------------------------------
2026-06-09 20:56:37 [DEBUG] xCFG:1012 - 提取到的守护区块
2026-06-09 20:56:37 [DEBUG] xCFG:1013 - 🎯 提取谓词区域 (守护区块: 0x879B0x2ef):
2026-06-09 20:56:37 [DEBUG] xCFG:1014 - 📌 业务约束逻辑: [Existence/Non-Zero Check on: Storage[bool ___TokenMapped_init]]
2026-06-09 20:56:37 [DEBUG] xCFG:1015 - 📌 驱动此判断的数据源: SLOAD
2026-06-09 20:56:37 [DEBUG] xCFG:1016 - 📌 谓词复杂度: 15
2026-06-09 20:56:37 [DEBUG] xCFG:1017 - ------------------------------------------------------------
2026-06-09 20:56:37 [DEBUG] xCFG:1012 - 提取到的守护区块
2026-06-09 20:56:37 [DEBUG] xCFG:1013 - 🎯 提取谓词区域 (守护区块: 0x20a):
2026-06-09 20:56:37 [DEBUG] xCFG:1014 - 📌 业务约束逻辑: [Existence/Non-Zero Check on: msg.value]
2026-06-09 20:56:37 [DEBUG] xCFG:1015 - 📌 驱动此判断的数据源: CALLVALUE
2026-06-09 20:56:37 [DEBUG] xCFG:1016 - 📌 谓词复杂度: 4
2026-06-09 20:56:37 [DEBUG] xCFG:1017 - ------------------------------------------------------------
2026-06-09 20:56:37 [DEBUG] xCFG:1012 - 提取到的守护区块
2026-06-09 20:56:37 [DEBUG] xCFG:1013 - 🎯 提取谓词区域 (守护区块: 0x17a7):
2026-06-09 20:56:37 [DEBUG] xCFG:1014 - 📌 业务约束逻辑: [Existence/Non-Zero Check on: Storage[address _factory]]
2026-06-09 20:56:37 [DEBUG] xCFG:1015 - 📌 驱动此判断的数据源: SLOAD
2026-06-09 20:56:37 [DEBUG] xCFG:1016 - 📌 谓词复杂度: 15
2026-06-09 20:56:37 [DEBUG] xCFG:1017 - ------------------------------------------------------------
2026-06-09 20:56:37 [DEBUG] xCFG:1012 - 提取到的守护区块
2026-06-09 20:56:37 [DEBUG] xCFG:1013 - 🎯 提取谓词区域 (守护区块: 0xa830x39b):
2026-06-09 20:56:37 [DEBUG] xCFG:1014 - 📌 业务约束逻辑: [msg.sender EQ Storage[address _factory]]
2026-06-09 20:56:37 [DEBUG] xCFG:1015 - 📌 驱动此判断的数据源: SLOAD, CALLER
2026-06-09 20:56:37 [DEBUG] xCFG:1016 - 📌 谓词复杂度: 16
2026-06-09 20:56:37 [DEBUG] xCFG:1017 - ------------------------------------------------------------
2026-06-09 20:56:37 [DEBUG] xCFG:1012 - 提取到的守护区块
2026-06-09 20:56:37 [DEBUG] xCFG:1013 - 🎯 提取谓词区域 (守护区块: 0x2a2):
2026-06-09 20:56:37 [DEBUG] xCFG:1014 - 📌 业务约束逻辑: [Existence/Non-Zero Check on: msg.value]
2026-06-09 20:56:37 [DEBUG] xCFG:1015 - 📌 驱动此判断的数据源: CALLVALUE
2026-06-09 20:56:37 [DEBUG] xCFG:1016 - 📌 谓词复杂度: 4
2026-06-09 20:56:37 [DEBUG] xCFG:1017 - ------------------------------------------------------------
2026-06-09 20:56:37 [DEBUG] xCFG:1012 - 提取到的守护区块
2026-06-09 20:56:37 [DEBUG] xCFG:1013 - 🎯 提取谓词区域 (守护区块: 0x4b5):
2026-06-09 20:56:37 [DEBUG] xCFG:1014 - 📌 业务约束逻辑: [Existence/Non-Zero Check on: msg.value]
2026-06-09 20:56:37 [DEBUG] xCFG:1015 - 📌 驱动此判断的数据源: CALLVALUE
2026-06-09 20:56:37 [DEBUG] xCFG:1016 - 📌 谓词复杂度: 4
2026-06-09 20:56:37 [DEBUG] xCFG:1017 - ------------------------------------------------------------
2026-06-09 20:56:37 [DEBUG] xCFG:1012 - 提取到的守护区块
2026-06-09 20:56:37 [DEBUG] xCFG:1013 - 🎯 提取谓词区域 (守护区块: 0x168cB0x4ec):
2026-06-09 20:56:37 [DEBUG] xCFG:1014 - 📌 业务约束逻辑: [Existence/Non-Zero Check on: Storage[address _token]]
2026-06-09 20:56:37 [DEBUG] xCFG:1015 - 📌 驱动此判断的数据源: SLOAD
2026-06-09 20:56:37 [DEBUG] xCFG:1016 - 📌 谓词复杂度: 15
2026-06-09 20:56:37 [DEBUG] xCFG:1017 - ------------------------------------------------------------
2026-06-09 20:56:37 [DEBUG] xCFG:1012 - 提取到的守护区块
2026-06-09 20:56:37 [DEBUG] xCFG:1013 - 🎯 提取谓词区域 (守护区块: 0x18ce):
2026-06-09 20:56:37 [DEBUG] xCFG:1014 - 📌 业务约束逻辑: [Success/Failure Check on: External_Call]
2026-06-09 20:56:37 [DEBUG] xCFG:1015 - 📌 驱动此判断的数据源: STATICCALL, SLOAD
2026-06-09 20:56:37 [DEBUG] xCFG:1016 - 📌 谓词复杂度: 26
2026-06-09 20:56:37 [DEBUG] xCFG:1017 - ------------------------------------------------------------
2026-06-09 20:56:37 [DEBUG] xCFG:1012 - 提取到的守护区块
2026-06-09 20:56:37 [DEBUG] xCFG:1013 - 🎯 提取谓词区域 (守护区块: 0x408):
2026-06-09 20:56:37 [DEBUG] xCFG:1014 - 📌 业务约束逻辑: [Existence/Non-Zero Check on: msg.value]
2026-06-09 20:56:37 [DEBUG] xCFG:1015 - 📌 驱动此判断的数据源: CALLVALUE
2026-06-09 20:56:37 [DEBUG] xCFG:1016 - 📌 谓词复杂度: 4
2026-06-09 20:56:37 [DEBUG] xCFG:1017 - ------------------------------------------------------------
2026-06-09 20:56:37 [DEBUG] xCFG:1012 - 提取到的守护区块
2026-06-09 20:56:37 [DEBUG] xCFG:1013 - 🎯 提取谓词区域 (守护区块: 0x1a2):
2026-06-09 20:56:37 [DEBUG] xCFG:1014 - 📌 业务约束逻辑: [Existence/Non-Zero Check on: msg.value]
2026-06-09 20:56:37 [DEBUG] xCFG:1015 - 📌 驱动此判断的数据源: CALLVALUE
2026-06-09 20:56:37 [DEBUG] xCFG:1016 - 📌 谓词复杂度: 4
2026-06-09 20:56:37 [DEBUG] xCFG:1017 - ------------------------------------------------------------
2026-06-09 20:56:37 [DEBUG] xCFG:1012 - 提取到的守护区块
2026-06-09 20:56:37 [DEBUG] xCFG:1013 - 🎯 提取谓词区域 (守护区块: 0x321):
2026-06-09 20:56:37 [DEBUG] xCFG:1014 - 📌 业务约束逻辑: [Existence/Non-Zero Check on: msg.value]
2026-06-09 20:56:37 [DEBUG] xCFG:1015 - 📌 驱动此判断的数据源: CALLVALUE
2026-06-09 20:56:37 [DEBUG] xCFG:1016 - 📌 谓词复杂度: 4
2026-06-09 20:56:37 [DEBUG] xCFG:1017 - ------------------------------------------------------------
2026-06-09 20:56:37 [DEBUG] xCFG:1012 - 提取到的守护区块
2026-06-09 20:56:37 [DEBUG] xCFG:1013 - 🎯 提取谓词区域 (守护区块: 0x1455):
2026-06-09 20:56:37 [DEBUG] xCFG:1014 - 📌 业务约束逻辑: [Existence/Non-Zero Check on: Storage[address _token]]
2026-06-09 20:56:37 [DEBUG] xCFG:1015 - 📌 驱动此判断的数据源: SLOAD
2026-06-09 20:56:37 [DEBUG] xCFG:1016 - 📌 谓词复杂度: 15
2026-06-09 20:56:37 [DEBUG] xCFG:1017 - ------------------------------------------------------------
2026-06-09 20:56:37 [DEBUG] xCFG:1012 - 提取到的守护区块
2026-06-09 20:56:37 [DEBUG] xCFG:1013 - 🎯 提取谓词区域 (守护区块: 0x13a):
2026-06-09 20:56:37 [DEBUG] xCFG:1014 - 📌 业务约束逻辑: [Existence/Non-Zero Check on: msg.value]
2026-06-09 20:56:37 [DEBUG] xCFG:1015 - 📌 驱动此判断的数据源: CALLVALUE
2026-06-09 20:56:37 [DEBUG] xCFG:1016 - 📌 谓词复杂度: 4
2026-06-09 20:56:37 [DEBUG] xCFG:1017 - ------------------------------------------------------------
2026-06-09 20:56:37 [DEBUG] xCFG:1012 - 提取到的守护区块
2026-06-09 20:56:37 [DEBUG] xCFG:1013 - 🎯 提取谓词区域 (守护区块: 0x1ab8):
2026-06-09 20:56:37 [DEBUG] xCFG:1014 - 📌 业务约束逻辑: [Existence/Non-Zero Check on: Storage[bool stor_0_0_0] + Storage[bool ___TokenMapped_init]]
2026-06-09 20:56:37 [DEBUG] xCFG:1015 - 📌 驱动此判断的数据源: SLOAD
2026-06-09 20:56:37 [DEBUG] xCFG:1016 - 📌 谓词复杂度: 23
2026-06-09 20:56:37 [DEBUG] xCFG:1017 - ------------------------------------------------------------
2026-06-09 20:56:37 [DEBUG] xCFG:1012 - 提取到的守护区块
2026-06-09 20:56:37 [DEBUG] xCFG:1013 - 🎯 提取谓词区域 (守护区块: 0x1e89B0x1e03B0x1cb8):
2026-06-09 20:56:37 [DEBUG] xCFG:1014 - 📌 业务约束逻辑: [Existence/Non-Zero Check on: Storage[address _token]]
2026-06-09 20:56:37 [DEBUG] xCFG:1015 - 📌 驱动此判断的数据源: SLOAD, CALLPRIVATE
2026-06-09 20:56:37 [DEBUG] xCFG:1016 - 📌 谓词复杂度: 17
2026-06-09 20:56:37 [DEBUG] xCFG:1017 - ------------------------------------------------------------
2026-06-09 20:56:37 [DEBUG] xCFG:1012 - 提取到的守护区块
2026-06-09 20:56:37 [DEBUG] xCFG:1013 - 🎯 提取谓词区域 (守护区块: 0x1a83):
2026-06-09 20:56:37 [DEBUG] xCFG:1014 - 📌 业务约束逻辑: [Existence/Non-Zero Check on: Storage[bool ___TokenMapped_init]]
2026-06-09 20:56:37 [DEBUG] xCFG:1015 - 📌 驱动此判断的数据源: SLOAD
2026-06-09 20:56:37 [DEBUG] xCFG:1016 - 📌 谓词复杂度: 10
2026-06-09 20:56:37 [DEBUG] xCFG:1017 - ------------------------------------------------------------
2026-06-09 20:56:37 [DEBUG] xCFG:1012 - 提取到的守护区块
2026-06-09 20:56:37 [DEBUG] xCFG:1013 - 🎯 提取谓词区域 (守护区块: 0x9f10x95fB0x343):
2026-06-09 20:56:37 [DEBUG] xCFG:1014 - 📌 业务约束逻辑: [Args LT Storage[mapping (address => uint256) _authQuotaOf]]
2026-06-09 20:56:37 [DEBUG] xCFG:1015 - 📌 驱动此判断的数据源: SLOAD, CALLDATALOAD
2026-06-09 20:56:37 [DEBUG] xCFG:1016 - 📌 谓词复杂度: 16
2026-06-09 20:56:37 [DEBUG] xCFG:1017 - ------------------------------------------------------------
2026-06-09 20:56:37 [DEBUG] xCFG:1012 - 提取到的守护区块
2026-06-09 20:56:37 [DEBUG] xCFG:1013 - 🎯 提取谓词区域 (守护区块: 0x95fB0x343):
2026-06-09 20:56:37 [DEBUG] xCFG:1014 - 📌 业务约束逻辑: [Storage[address _factory] EQ msg.sender]
2026-06-09 20:56:37 [DEBUG] xCFG:1015 - 📌 驱动此判断的数据源: SLOAD, CALLER
2026-06-09 20:56:37 [DEBUG] xCFG:1016 - 📌 谓词复杂度: 16
2026-06-09 20:56:37 [DEBUG] xCFG:1017 - ------------------------------------------------------------
2026-06-09 20:56:37 [DEBUG] xCFG:1012 - 提取到的守护区块
2026-06-09 20:56:37 [DEBUG] xCFG:1013 - 🎯 提取谓词区域 (守护区块: 0x536):
2026-06-09 20:56:37 [DEBUG] xCFG:1014 - 📌 业务约束逻辑: [Existence/Non-Zero Check on: msg.value]
2026-06-09 20:56:37 [DEBUG] xCFG:1015 - 📌 驱动此判断的数据源: CALLVALUE
2026-06-09 20:56:37 [DEBUG] xCFG:1016 - 📌 谓词复杂度: 4
2026-06-09 20:56:37 [DEBUG] xCFG:1017 - ------------------------------------------------------------
2026-06-09 20:56:37 [DEBUG] xCFG:1012 - 提取到的守护区块
2026-06-09 20:56:37 [DEBUG] xCFG:1013 - 🎯 提取谓词区域 (守护区块: 0x2cd):
2026-06-09 20:56:37 [DEBUG] xCFG:1014 - 📌 业务约束逻辑: [Existence/Non-Zero Check on: msg.value]
2026-06-09 20:56:37 [DEBUG] xCFG:1015 - 📌 驱动此判断的数据源: CALLVALUE
2026-06-09 20:56:37 [DEBUG] xCFG:1016 - 📌 谓词复杂度: 4
2026-06-09 20:56:37 [DEBUG] xCFG:1017 - ------------------------------------------------------------
2026-06-09 20:56:37 [DEBUG] xCFG:1012 - 提取到的守护区块
2026-06-09 20:56:37 [DEBUG] xCFG:1013 - 🎯 提取谓词区域 (守护区块: 0x4e0):
2026-06-09 20:56:37 [DEBUG] xCFG:1014 - 📌 业务约束逻辑: [Existence/Non-Zero Check on: msg.value]
2026-06-09 20:56:37 [DEBUG] xCFG:1015 - 📌 驱动此判断的数据源: CALLVALUE
2026-06-09 20:56:37 [DEBUG] xCFG:1016 - 📌 谓词复杂度: 4
2026-06-09 20:56:37 [DEBUG] xCFG:1017 - ------------------------------------------------------------
2026-06-09 20:56:37 [DEBUG] xCFG:1012 - 提取到的守护区块
2026-06-09 20:56:37 [DEBUG] xCFG:1013 - 🎯 提取谓词区域 (守护区块: 0x1348):
2026-06-09 20:56:37 [DEBUG] xCFG:1014 - 📌 业务约束逻辑: [Existence/Non-Zero Check on: Storage[bool ___TokenMapped_init]]
2026-06-09 20:56:37 [DEBUG] xCFG:1015 - 📌 驱动此判断的数据源: SLOAD
2026-06-09 20:56:37 [DEBUG] xCFG:1016 - 📌 谓词复杂度: 10
2026-06-09 20:56:37 [DEBUG] xCFG:1017 - ------------------------------------------------------------
2026-06-09 20:56:37 [DEBUG] xCFG:1012 - 提取到的守护区块
2026-06-09 20:56:37 [DEBUG] xCFG:1013 - 🎯 提取谓词区域 (守护区块: 0x15c7):
2026-06-09 20:56:37 [DEBUG] xCFG:1014 - 📌 业务约束逻辑: [Existence/Non-Zero Check on: Storage[bool ___TokenMapped_init]]
2026-06-09 20:56:37 [DEBUG] xCFG:1015 - 📌 驱动此判断的数据源: SLOAD
2026-06-09 20:56:37 [DEBUG] xCFG:1016 - 📌 谓词复杂度: 12
2026-06-09 20:56:37 [DEBUG] xCFG:1017 - ------------------------------------------------------------
2026-06-09 20:56:37 [DEBUG] xCFG:1012 - 提取到的守护区块
2026-06-09 20:56:37 [DEBUG] xCFG:1013 - 🎯 提取谓词区域 (守护区块: 0xe82):
2026-06-09 20:56:37 [DEBUG] xCFG:1014 - 📌 业务约束逻辑: [Success/Failure Check on: External_Call]
2026-06-09 20:56:37 [DEBUG] xCFG:1015 - 📌 驱动此判断的数据源: STATICCALL, SLOAD
2026-06-09 20:56:37 [DEBUG] xCFG:1016 - 📌 谓词复杂度: 26
2026-06-09 20:56:37 [DEBUG] xCFG:1017 - ------------------------------------------------------------
2026-06-09 20:56:37 [DEBUG] xCFG:1012 - 提取到的守护区块
2026-06-09 20:56:37 [DEBUG] xCFG:1013 - 🎯 提取谓词区域 (守护区块: 0x35e):
2026-06-09 20:56:37 [DEBUG] xCFG:1014 - 📌 业务约束逻辑: [Existence/Non-Zero Check on: msg.value]
2026-06-09 20:56:37 [DEBUG] xCFG:1015 - 📌 驱动此判断的数据源: CALLVALUE
2026-06-09 20:56:37 [DEBUG] xCFG:1016 - 📌 谓词复杂度: 4
2026-06-09 20:56:37 [DEBUG] xCFG:1017 - ------------------------------------------------------------
2026-06-09 20:56:37 [DEBUG] xCFG:1012 - 提取到的守护区块
2026-06-09 20:56:37 [DEBUG] xCFG:1013 - 🎯 提取谓词区域 (守护区块: 0x16a4B0x4ec):
2026-06-09 20:56:37 [DEBUG] xCFG:1014 - 📌 业务约束逻辑: [Success/Failure Check on: External_Call]
2026-06-09 20:56:37 [DEBUG] xCFG:1015 - 📌 驱动此判断的数据源: STATICCALL, SLOAD
2026-06-09 20:56:37 [DEBUG] xCFG:1016 - 📌 谓词复杂度: 26
2026-06-09 20:56:37 [DEBUG] xCFG:1017 - ------------------------------------------------------------
2026-06-09 20:56:37 [DEBUG] xCFG:1012 - 提取到的守护区块
2026-06-09 20:56:37 [DEBUG] xCFG:1013 - 🎯 提取谓词区域 (守护区块: 0x17f7):
2026-06-09 20:56:37 [DEBUG] xCFG:1014 - 📌 业务约束逻辑: [msg.value LT Memory_Variable/Array_Length]
2026-06-09 20:56:37 [DEBUG] xCFG:1015 - 📌 驱动此判断的数据源: CALLVALUE
2026-06-09 20:56:37 [DEBUG] xCFG:1016 - 📌 谓词复杂度: 10
2026-06-09 20:56:37 [DEBUG] xCFG:1017 - ------------------------------------------------------------
2026-06-09 20:56:37 [DEBUG] xCFG:1012 - 提取到的守护区块
2026-06-09 20:56:37 [DEBUG] xCFG:1013 - 🎯 提取谓词区域 (守护区块: 0x1f33B0x1d32B0x1a19):
2026-06-09 20:56:37 [DEBUG] xCFG:1014 - 📌 业务约束逻辑: [Success/Failure Check on: External_Call]
2026-06-09 20:56:37 [DEBUG] xCFG:1015 - 📌 驱动此判断的数据源: CALL, SLOAD
2026-06-09 20:56:37 [DEBUG] xCFG:1016 - 📌 谓词复杂度: 27
2026-06-09 20:56:37 [DEBUG] xCFG:1017 - ------------------------------------------------------------
2026-06-09 20:56:37 [DEBUG] xCFG:1012 - 提取到的守护区块
2026-06-09 20:56:37 [DEBUG] xCFG:1013 - 🎯 提取谓词区域 (守护区块: 0x50b):
2026-06-09 20:56:37 [DEBUG] xCFG:1014 - 📌 业务约束逻辑: [Existence/Non-Zero Check on: msg.value]
2026-06-09 20:56:37 [DEBUG] xCFG:1015 - 📌 驱动此判断的数据源: CALLVALUE
2026-06-09 20:56:37 [DEBUG] xCFG:1016 - 📌 谓词复杂度: 4
2026-06-09 20:56:37 [DEBUG] xCFG:1017 - ------------------------------------------------------------
2026-06-09 20:56:37 [DEBUG] xCFG:1012 - 提取到的守护区块
2026-06-09 20:56:37 [DEBUG] xCFG:1013 - 🎯 提取谓词区域 (守护区块: 0x18b6):
2026-06-09 20:56:37 [DEBUG] xCFG:1014 - 📌 业务约束逻辑: [Existence/Non-Zero Check on: Storage[address _factory]]
2026-06-09 20:56:37 [DEBUG] xCFG:1015 - 📌 驱动此判断的数据源: SLOAD
2026-06-09 20:56:37 [DEBUG] xCFG:1016 - 📌 谓词复杂度: 15
2026-06-09 20:56:37 [DEBUG] xCFG:1017 - ------------------------------------------------------------
2026-06-09 20:56:37 [DEBUG] xCFG:1012 - 提取到的守护区块
2026-06-09 20:56:37 [DEBUG] xCFG:1013 - 🎯 提取谓词区域 (守护区块: 0x1f33B0x1e03B0x1cb8):
2026-06-09 20:56:37 [DEBUG] xCFG:1014 - 📌 业务约束逻辑: [Success/Failure Check on: External_Call]
2026-06-09 20:56:37 [DEBUG] xCFG:1015 - 📌 驱动此判断的数据源: SLOAD, CALL
2026-06-09 20:56:37 [DEBUG] xCFG:1016 - 📌 谓词复杂度: 27
2026-06-09 20:56:37 [DEBUG] xCFG:1017 - ------------------------------------------------------------
2026-06-09 20:56:37 [DEBUG] xCFG:1012 - 提取到的守护区块
2026-06-09 20:56:37 [DEBUG] xCFG:1013 - 🎯 提取谓词区域 (守护区块: 0x13bc):
2026-06-09 20:56:37 [DEBUG] xCFG:1014 - 📌 业务约束逻辑: [Existence/Non-Zero Check on: Storage[bool ___TokenMapped_init]]
2026-06-09 20:56:37 [DEBUG] xCFG:1015 - 📌 驱动此判断的数据源: SLOAD
2026-06-09 20:56:37 [DEBUG] xCFG:1016 - 📌 谓词复杂度: 12
2026-06-09 20:56:37 [DEBUG] xCFG:1017 - ------------------------------------------------------------
2026-06-09 20:56:37 [DEBUG] xCFG:1012 - 提取到的守护区块
2026-06-09 20:56:37 [DEBUG] xCFG:1013 - 🎯 提取谓词区域 (守护区块: 0xd45):
2026-06-09 20:56:37 [DEBUG] xCFG:1014 - 📌 业务约束逻辑: [CONST(0x0) EQ Storage[mapping (uint256 => mapping (address => mapping (uint256 => uint256))) _received]]
2026-06-09 20:56:37 [DEBUG] xCFG:1015 - 📌 驱动此判断的数据源: SLOAD
2026-06-09 20:56:37 [DEBUG] xCFG:1016 - 📌 谓词复杂度: 12
2026-06-09 20:56:37 [DEBUG] xCFG:1017 - ------------------------------------------------------------
2026-06-09 20:56:37 [DEBUG] xCFG:1012 - 提取到的守护区块
2026-06-09 20:56:37 [DEBUG] xCFG:1013 - 🎯 提取谓词区域 (守护区块: 0x1567):
2026-06-09 20:56:37 [DEBUG] xCFG:1014 - 📌 业务约束逻辑: [Success/Failure Check on: External_Call]
2026-06-09 20:56:37 [DEBUG] xCFG:1015 - 📌 驱动此判断的数据源: STATICCALL, SLOAD
2026-06-09 20:56:37 [DEBUG] xCFG:1016 - 📌 谓词复杂度: 24
2026-06-09 20:56:37 [DEBUG] xCFG:1017 - ------------------------------------------------------------
2026-06-09 20:56:37 [DEBUG] xCFG:1012 - 提取到的守护区块
2026-06-09 20:56:37 [DEBUG] xCFG:1013 - 🎯 提取谓词区域 (守护区块: 0xa830x5b7B0x1ef):
2026-06-09 20:56:37 [DEBUG] xCFG:1014 - 📌 业务约束逻辑: [msg.sender EQ Storage[address _factory]]
2026-06-09 20:56:37 [DEBUG] xCFG:1015 - 📌 驱动此判断的数据源: SLOAD, CALLER
2026-06-09 20:56:37 [DEBUG] xCFG:1016 - 📌 谓词复杂度: 16
2026-06-09 20:56:37 [DEBUG] xCFG:1017 - ------------------------------------------------------------
2026-06-09 20:56:37 [DEBUG] xCFG:1012 - 提取到的守护区块
2026-06-09 20:56:37 [DEBUG] xCFG:1013 - 🎯 提取谓词区域 (守护区块: 0x88fB0x2ef):
2026-06-09 20:56:37 [DEBUG] xCFG:1014 - 📌 业务约束逻辑: [Existence/Non-Zero Check on: Storage[bool stor_0_0_0] + Storage[bool ___TokenMapped_init]]
2026-06-09 20:56:37 [DEBUG] xCFG:1015 - 📌 驱动此判断的数据源: SLOAD
2026-06-09 20:56:37 [DEBUG] xCFG:1016 - 📌 谓词复杂度: 23
2026-06-09 20:56:37 [DEBUG] xCFG:1017 - ------------------------------------------------------------
2026-06-09 20:56:37 [DEBUG] xCFG:1012 - 提取到的守护区块
2026-06-09 20:56:37 [DEBUG] xCFG:1013 - 🎯 提取谓词区域 (守护区块: 0x2f6):
2026-06-09 20:56:37 [DEBUG] xCFG:1014 - 📌 业务约束逻辑: [Existence/Non-Zero Check on: msg.value]
2026-06-09 20:56:37 [DEBUG] xCFG:1015 - 📌 驱动此判断的数据源: CALLVALUE
2026-06-09 20:56:37 [DEBUG] xCFG:1016 - 📌 谓词复杂度: 4
2026-06-09 20:56:37 [DEBUG] xCFG:1017 - ------------------------------------------------------------
2026-06-09 20:56:37 [DEBUG] xCFG:1012 - 提取到的守护区块
2026-06-09 20:56:37 [DEBUG] xCFG:1013 - 🎯 提取谓词区域 (守护区块: 0xe6a):
2026-06-09 20:56:37 [DEBUG] xCFG:1014 - 📌 业务约束逻辑: [Existence/Non-Zero Check on: Storage[address _factory]]
2026-06-09 20:56:37 [DEBUG] xCFG:1015 - 📌 驱动此判断的数据源: SLOAD
2026-06-09 20:56:37 [DEBUG] xCFG:1016 - 📌 谓词复杂度: 15
2026-06-09 20:56:37 [DEBUG] xCFG:1017 - ------------------------------------------------------------
2026-06-09 20:56:37 [DEBUG] xCFG:1012 - 提取到的守护区块
2026-06-09 20:56:37 [DEBUG] xCFG:1013 - 🎯 提取谓词区域 (守护区块: 0x1963):
2026-06-09 20:56:37 [DEBUG] xCFG:1014 - 📌 业务约束逻辑: [Success/Failure Check on: External_Call]
2026-06-09 20:56:37 [DEBUG] xCFG:1015 - 📌 驱动此判断的数据源: CALLVALUE, SLOAD, CALL
2026-06-09 20:56:37 [DEBUG] xCFG:1016 - 📌 谓词复杂度: 31
2026-06-09 20:56:37 [DEBUG] xCFG:1017 - ------------------------------------------------------------
2026-06-09 20:56:37 [DEBUG] xCFG:1012 - 提取到的守护区块
2026-06-09 20:56:37 [DEBUG] xCFG:1013 - 🎯 提取谓词区域 (守护区块: 0x137d):
2026-06-09 20:56:37 [DEBUG] xCFG:1014 - 📌 业务约束逻辑: [Existence/Non-Zero Check on: Storage[bool stor_0_0_0] + Storage[bool ___TokenMapped_init]]
2026-06-09 20:56:37 [DEBUG] xCFG:1015 - 📌 驱动此判断的数据源: SLOAD
2026-06-09 20:56:37 [DEBUG] xCFG:1016 - 📌 谓词复杂度: 23
2026-06-09 20:56:37 [DEBUG] xCFG:1017 - ------------------------------------------------------------
2026-06-09 20:56:37 [DEBUG] xCFG:1012 - 提取到的守护区块
2026-06-09 20:56:37 [DEBUG] xCFG:1013 - 🎯 提取谓词区域 (守护区块: 0x9f10xc45B0x455):
2026-06-09 20:56:37 [DEBUG] xCFG:1014 - 📌 业务约束逻辑: [Memory_Variable/Array_Length LT Storage[mapping (address => uint256) _authQuotaOf]]
2026-06-09 20:56:37 [DEBUG] xCFG:1015 - 📌 驱动此判断的数据源: SLOAD
2026-06-09 20:56:37 [DEBUG] xCFG:1016 - 📌 谓词复杂度: 25
2026-06-09 20:56:37 [DEBUG] xCFG:1017 - ------------------------------------------------------------
2026-06-09 20:56:37 [DEBUG] xCFG:1012 - 提取到的守护区块
2026-06-09 20:56:37 [DEBUG] xCFG:1013 - 🎯 提取谓词区域 (守护区块: 0x165):
2026-06-09 20:56:37 [DEBUG] xCFG:1014 - 📌 业务约束逻辑: [Existence/Non-Zero Check on: msg.value]
2026-06-09 20:56:37 [DEBUG] xCFG:1015 - 📌 驱动此判断的数据源: CALLVALUE
2026-06-09 20:56:37 [DEBUG] xCFG:1016 - 📌 谓词复杂度: 4
2026-06-09 20:56:37 [DEBUG] xCFG:1017 - ------------------------------------------------------------
2026-06-09 20:56:37 [DEBUG] xCFG:1012 - 提取到的守护区块
2026-06-09 20:56:37 [DEBUG] xCFG:1013 - 🎯 提取谓词区域 (守护区块: 0x39b):
2026-06-09 20:56:37 [DEBUG] xCFG:1014 - 📌 业务约束逻辑: [Existence/Non-Zero Check on: msg.value]
2026-06-09 20:56:37 [DEBUG] xCFG:1015 - 📌 驱动此判断的数据源: CALLVALUE
2026-06-09 20:56:37 [DEBUG] xCFG:1016 - 📌 谓词复杂度: 4
2026-06-09 20:56:37 [DEBUG] xCFG:1017 - ------------------------------------------------------------
2026-06-09 20:56:37 [DEBUG] xCFG:1012 - 提取到的守护区块
2026-06-09 20:56:37 [DEBUG] xCFG:1013 - 🎯 提取谓词区域 (守护区块: 0x1367):
2026-06-09 20:56:37 [DEBUG] xCFG:1014 - 📌 业务约束逻辑: [Existence/Non-Zero Check on: Storage[bool ___TokenMapped_init]]
2026-06-09 20:56:37 [DEBUG] xCFG:1015 - 📌 驱动此判断的数据源: SLOAD
2026-06-09 20:56:37 [DEBUG] xCFG:1016 - 📌 谓词复杂度: 15
2026-06-09 20:56:37 [DEBUG] xCFG:1017 - ------------------------------------------------------------
2026-06-09 20:56:37 [DEBUG] xCFG:1012 - 提取到的守护区块
2026-06-09 20:56:37 [DEBUG] xCFG:1013 - 🎯 提取谓词区域 (守护区块: 0x8ceB0x2ef):
2026-06-09 20:56:37 [DEBUG] xCFG:1014 - 📌 业务约束逻辑: [Existence/Non-Zero Check on: Storage[bool ___TokenMapped_init]]
2026-06-09 20:56:37 [DEBUG] xCFG:1015 - 📌 驱动此判断的数据源: SLOAD
2026-06-09 20:56:37 [DEBUG] xCFG:1016 - 📌 谓词复杂度: 12
2026-06-09 20:56:37 [DEBUG] xCFG:1017 - ------------------------------------------------------------
2026-06-09 20:56:37 [DEBUG] xCFG:1012 - 提取到的守护区块
2026-06-09 20:56:37 [DEBUG] xCFG:1013 - 🎯 提取谓词区域 (守护区块: 0x1aa2):
2026-06-09 20:56:37 [DEBUG] xCFG:1014 - 📌 业务约束逻辑: [Existence/Non-Zero Check on: Storage[bool ___TokenMapped_init]]
2026-06-09 20:56:37 [DEBUG] xCFG:1015 - 📌 驱动此判断的数据源: SLOAD
2026-06-09 20:56:37 [DEBUG] xCFG:1016 - 📌 谓词复杂度: 15
2026-06-09 20:56:37 [DEBUG] xCFG:1017 - ------------------------------------------------------------
2026-06-09 20:56:37 [DEBUG] xCFG:1012 - 提取到的守护区块
2026-06-09 20:56:37 [DEBUG] xCFG:1013 - 🎯 提取谓词区域 (守护区块: 0x10c2):
2026-06-09 20:56:37 [DEBUG] xCFG:1014 - 📌 业务约束逻辑: [Success/Failure Check on: External_Call]
2026-06-09 20:56:37 [DEBUG] xCFG:1015 - 📌 驱动此判断的数据源: STATICCALL
2026-06-09 20:56:37 [DEBUG] xCFG:1016 - 📌 谓词复杂度: 17
2026-06-09 20:56:37 [DEBUG] xCFG:1017 - ------------------------------------------------------------
2026-06-09 20:56:37 [DEBUG] xCFG:1012 - 提取到的守护区块
2026-06-09 20:56:37 [DEBUG] xCFG:1013 - 🎯 提取谓词区域 (守护区块: 0x1cd):
2026-06-09 20:56:37 [DEBUG] xCFG:1014 - 📌 业务约束逻辑: [Existence/Non-Zero Check on: msg.value]
2026-06-09 20:56:37 [DEBUG] xCFG:1015 - 📌 驱动此判断的数据源: CALLVALUE
2026-06-09 20:56:37 [DEBUG] xCFG:1016 - 📌 谓词复杂度: 4
2026-06-09 20:56:37 [DEBUG] xCFG:1017 - ------------------------------------------------------------
2026-06-09 20:56:37 [INFO] xCFG:1023 - [+] 切片提取完毕！共输出 58 个宽松但有效的守护区块 (AUTH_BLOCKS)。
